<html>
<body>
<pre>
<h1>µVision Build Log</h1>
<h2>Tool Versions:</h2>
IDE-Version: µVision V5.37.0.0
Copyright (C) 2022 ARM Ltd and ARM Germany GmbH. All rights reserved.
License Information: Ateli Raju, Bits Pilani, LIC=----
 
Tool Versions:
Toolchain:       MDK-Lite  Version: 5.37.0.0
Toolchain Path:  C:\keil4\ARM\ARMCC\Bin
C Compiler:      Armcc.exe V5.03 [Build 69]
Assembler:       Armasm.exe V5.03.0.69 [Evaluation]
Linker/Locator:  ArmLink.exe V5.03.0.69 [Evaluation]
Library Manager: ArmAr.exe V5.03.0.69 [Evaluation]
Hex Converter:   FromElf.exe V5.03.0.69 [Evaluation]
CPU DLL:         SARMCM3.DLL V5.37.0.0
Dialog DLL:      DARMSTM.DLL V1.69.1.0
Target DLL:      STLink\ST-LINKIII-KEIL_SWO.dll V3.0.9.0
Dialog DLL:      TARMSTM.DLL V1.67.1.0
 
<h2>Project:</h2>
C:\Users\ateli\Downloads\Simple_STM32F103RB_LED\blink.uvprojx
Project File Date:  02/17/2025

<h2>Output:</h2>
*** Using Compiler 'V5.03 [Build 69]', folder: 'C:\keil4\ARM\ARMCC\Bin'
Build target 'Target 1'
compiling list.c...
compiling heap_2.c...
compiling croutine.c...
compiling timers.c...
compiling event_groups.c...
compiling retarget_io.c...
compiling queue.c...
compiling tasks.c...
compiling stdin_itm.c...
compiling port.c...
compiling main.c...
assembling startup_stm32f10x_md.s...
compiling stdout_itm.c...
compiling system_stm32f10x.c...
linking...
Program Size: Code=6752 RO-data=292 RW-data=128 ZI-data=5160  
FromELF: creating hex file...
".\Objects\blink.axf" - 0 Error(s), 0 Warning(s).

<h2>Software Packages used:</h2>

Package Vendor: ARM
                http://www.keil.com/pack/ARM.CMSIS.5.8.0.pack
                ARM.CMSIS.5.8.0
                CMSIS (Common Microcontroller Software Interface Standard)
   * Component: CORE Version: 5.5.0

Package Vendor: ARM
                https://www.keil.com/pack/ARM.CMSIS-Compiler.2.0.0.pack
                ARM.CMSIS-Compiler.2.0.0
                CMSIS Compiler extensions for Arm Compiler, GCC, Clang, and IAR Compiler
   * Component: STDIN Version: 1.0.0
   * Component: STDOUT Version: 1.0.0
   * Component: CORE Version: 1.0.0
   * Component: ITM Version: 1.0.0
   * Component: ITM Version: 1.0.0

Package Vendor: Keil
                https://www.keil.com/pack/Keil.STM32F1xx_DFP.2.4.1.pack
                Keil.STM32F1xx_DFP.2.4.1
                STMicroelectronics STM32F1 Series Device Support, Drivers and Examples
   * Component: Startup Version: 1.0.0

<h2>Collection of Component include folders:</h2>
  ./RTE/Device/STM32F103RB
  ./RTE/_Target_1
  C:/Users/ateli/AppData/Local/Arm/Packs/ARM/CMSIS-Compiler/2.0.0/include
  C:/Users/ateli/AppData/Local/Arm/Packs/ARM/CMSIS/5.8.0/CMSIS/Core/Include
  C:/Users/ateli/AppData/Local/Arm/Packs/Keil/STM32F1xx_DFP/2.4.1/Device/Include

<h2>Collection of Component Files used:</h2>

   * Component: ::CMSIS-Compiler:STDIN:1.0.0 (API)
      Include file:  include/retarget_stdin.h

   * Component: ::CMSIS-Compiler:STDOUT:1.0.0 (API)
      Include file:  include/retarget_stdout.h

   * Component: ARM::CMSIS-Compiler:CORE:1.0.0
      Source file:   source/armcc/retarget_io.c

   * Component: ARM::CMSIS-Compiler:STDIN:ITM:1.0.0
      Source file:   source/stdin_itm.c

   * Component: ARM::CMSIS-Compiler:STDOUT:ITM:1.0.0
      Source file:   source/stdout_itm.c

   * Component: ARM::CMSIS:CORE:5.5.0

   * Component: Keil::Device:Startup:1.0.0
      Source file:   Device/Source/system_stm32f10x.c
      Include file:  RTE_Driver/Config/RTE_Device.h
      Source file:   Device/Source/ARM/STM32F1xx_OPT.s
      Source file:   Device/Source/ARM/startup_stm32f10x_md.s
Build Time Elapsed:  00:00:01
</pre>
</body>
</html>
