ARM Linker, 5.03 [Build 76] [MDK-ARM Lite]

==============================================================================

Section Cross References

    main.o(i.main) refers to tasks.o(i.xTaskCreate) for xTaskCreate
    main.o(i.main) refers to tasks.o(i.vTaskStartScheduler) for vTaskStartScheduler
    main.o(i.main) refers to main.o(i.vTask1) for vTask1
    main.o(i.main) refers to main.o(i.vTask2) for vTask2
    main.o(i.vTask1) refers to noretval__2printf.o(.text) for __2printf
    main.o(i.vTask2) refers to noretval__2printf.o(.text) for __2printf
    queue.o(i.pcQueueGetName) refers to queue.o(.bss) for .bss
    queue.o(i.prvCopyDataFromQueue) refers to rt_memcpy_v6.o(.text) for __aeabi_memcpy
    queue.o(i.prvCopyDataToQueue) refers to rt_memcpy_v6.o(.text) for __aeabi_memcpy
    queue.o(i.prvCopyDataToQueue) refers to tasks.o(i.xTaskPriorityDisinherit) for xTaskPriorityDisinherit
    queue.o(i.prvInitialiseMutex) refers to queue.o(i.xQueueGenericSend) for xQueueGenericSend
    queue.o(i.prvInitialiseNewQueue) refers to queue.o(i.xQueueGenericReset) for xQueueGenericReset
    queue.o(i.prvIsQueueEmpty) refers to port.o(i.vPortEnterCritical) for vPortEnterCritical
    queue.o(i.prvIsQueueEmpty) refers to port.o(i.vPortExitCritical) for vPortExitCritical
    queue.o(i.prvIsQueueFull) refers to port.o(i.vPortEnterCritical) for vPortEnterCritical
    queue.o(i.prvIsQueueFull) refers to port.o(i.vPortExitCritical) for vPortExitCritical
    queue.o(i.prvUnlockQueue) refers to port.o(i.vPortEnterCritical) for vPortEnterCritical
    queue.o(i.prvUnlockQueue) refers to tasks.o(i.xTaskRemoveFromEventList) for xTaskRemoveFromEventList
    queue.o(i.prvUnlockQueue) refers to tasks.o(i.vTaskMissedYield) for vTaskMissedYield
    queue.o(i.prvUnlockQueue) refers to port.o(i.vPortExitCritical) for vPortExitCritical
    queue.o(i.uxQueueMessagesWaiting) refers to port.o(i.vPortEnterCritical) for vPortEnterCritical
    queue.o(i.uxQueueMessagesWaiting) refers to port.o(i.vPortExitCritical) for vPortExitCritical
    queue.o(i.uxQueueSpacesAvailable) refers to port.o(i.vPortEnterCritical) for vPortEnterCritical
    queue.o(i.uxQueueSpacesAvailable) refers to port.o(i.vPortExitCritical) for vPortExitCritical
    queue.o(i.vQueueAddToRegistry) refers to queue.o(.bss) for .bss
    queue.o(i.vQueueDelete) refers to queue.o(i.vQueueUnregisterQueue) for vQueueUnregisterQueue
    queue.o(i.vQueueDelete) refers to heap_2.o(i.vPortFree) for vPortFree
    queue.o(i.vQueueUnregisterQueue) refers to queue.o(.bss) for .bss
    queue.o(i.xQueueCreateCountingSemaphore) refers to queue.o(i.xQueueGenericCreate) for xQueueGenericCreate
    queue.o(i.xQueueCreateMutex) refers to queue.o(i.xQueueGenericCreate) for xQueueGenericCreate
    queue.o(i.xQueueCreateMutex) refers to queue.o(i.prvInitialiseMutex) for prvInitialiseMutex
    queue.o(i.xQueueGenericCreate) refers to heap_2.o(i.pvPortMalloc) for pvPortMalloc
    queue.o(i.xQueueGenericCreate) refers to queue.o(i.prvInitialiseNewQueue) for prvInitialiseNewQueue
    queue.o(i.xQueueGenericReceive) refers to tasks.o(i.xTaskGetSchedulerState) for xTaskGetSchedulerState
    queue.o(i.xQueueGenericReceive) refers to port.o(i.vPortEnterCritical) for vPortEnterCritical
    queue.o(i.xQueueGenericReceive) refers to queue.o(i.prvCopyDataFromQueue) for prvCopyDataFromQueue
    queue.o(i.xQueueGenericReceive) refers to tasks.o(i.xTaskRemoveFromEventList) for xTaskRemoveFromEventList
    queue.o(i.xQueueGenericReceive) refers to port.o(i.vPortExitCritical) for vPortExitCritical
    queue.o(i.xQueueGenericReceive) refers to tasks.o(i.pvTaskIncrementMutexHeldCount) for pvTaskIncrementMutexHeldCount
    queue.o(i.xQueueGenericReceive) refers to tasks.o(i.vTaskSetTimeOutState) for vTaskSetTimeOutState
    queue.o(i.xQueueGenericReceive) refers to tasks.o(i.vTaskSuspendAll) for vTaskSuspendAll
    queue.o(i.xQueueGenericReceive) refers to tasks.o(i.xTaskCheckForTimeOut) for xTaskCheckForTimeOut
    queue.o(i.xQueueGenericReceive) refers to queue.o(i.prvUnlockQueue) for prvUnlockQueue
    queue.o(i.xQueueGenericReceive) refers to tasks.o(i.xTaskResumeAll) for xTaskResumeAll
    queue.o(i.xQueueGenericReceive) refers to queue.o(i.prvIsQueueEmpty) for prvIsQueueEmpty
    queue.o(i.xQueueGenericReceive) refers to tasks.o(i.vTaskPriorityInherit) for vTaskPriorityInherit
    queue.o(i.xQueueGenericReceive) refers to tasks.o(i.vTaskPlaceOnEventList) for vTaskPlaceOnEventList
    queue.o(i.xQueueGenericReset) refers to port.o(i.vPortEnterCritical) for vPortEnterCritical
    queue.o(i.xQueueGenericReset) refers to list.o(i.vListInitialise) for vListInitialise
    queue.o(i.xQueueGenericReset) refers to port.o(i.vPortExitCritical) for vPortExitCritical
    queue.o(i.xQueueGenericReset) refers to tasks.o(i.xTaskRemoveFromEventList) for xTaskRemoveFromEventList
    queue.o(i.xQueueGenericSend) refers to tasks.o(i.xTaskGetSchedulerState) for xTaskGetSchedulerState
[...]
    Removing stm32f4xx_hal_uart.o(i.UART_DMARxHalfCplt), (10 bytes).
    Removing stm32f4xx_hal_uart.o(i.UART_DMARxOnlyAbortCallback), (20 bytes).
    Removing stm32f4xx_hal_uart.o(i.UART_DMATransmitCplt), (48 bytes).
    Removing stm32f4xx_hal_uart.o(i.UART_DMATxAbortCallback), (44 bytes).
    Removing stm32f4xx_hal_uart.o(i.UART_DMATxHalfCplt), (10 bytes).
    Removing stm32f4xx_hal_uart.o(i.UART_DMATxOnlyAbortCallback), (20 bytes).
    Removing stm32f4xx_hal_uart.o(i.UART_EndRxTransfer), (28 bytes).
    Removing stm32f4xx_hal_uart.o(i.UART_EndTransmit_IT), (26 bytes).
    Removing stm32f4xx_hal_uart.o(i.UART_EndTxTransfer), (18 bytes).
    Removing stm32f4xx_hal_uart.o(i.UART_Receive_IT), (156 bytes).
    Removing stm32f4xx_hal_uart.o(i.UART_SetConfig), (788 bytes).
    Removing stm32f4xx_hal_uart.o(i.UART_Transmit_IT), (102 bytes).
    Removing stm32f4xx_hal_uart.o(i.UART_WaitOnFlagUntilTimeout), (100 bytes).
    Removing stm32f4xx_hal_usart.o(.rev16_text), (4 bytes).
    Removing stm32f4xx_hal_usart.o(.revsh_text), (4 bytes).
    Removing stm32f4xx_hal_usart.o(.rrx_text), (6 bytes).
    Removing stm32f4xx_hal_usart.o(i.HAL_USART_Abort), (100 bytes).
    Removing stm32f4xx_hal_usart.o(i.HAL_USART_AbortCpltCallback), (2 bytes).
    Removing stm32f4xx_hal_usart.o(i.HAL_USART_Abort_IT), (176 bytes).
    Removing stm32f4xx_hal_usart.o(i.HAL_USART_DMAPause), (38 bytes).
    Removing stm32f4xx_hal_usart.o(i.HAL_USART_DMAResume), (38 bytes).
    Removing stm32f4xx_hal_usart.o(i.HAL_USART_DMAStop), (92 bytes).
    Removing stm32f4xx_hal_usart.o(i.HAL_USART_DeInit), (46 bytes).
    Removing stm32f4xx_hal_usart.o(i.HAL_USART_ErrorCallback), (2 bytes).
    Removing stm32f4xx_hal_usart.o(i.HAL_USART_GetError), (4 bytes).
    Removing stm32f4xx_hal_usart.o(i.HAL_USART_GetState), (6 bytes).
    Removing stm32f4xx_hal_usart.o(i.HAL_USART_IRQHandler), (328 bytes).
    Removing stm32f4xx_hal_usart.o(i.HAL_USART_Init), (86 bytes).
    Removing stm32f4xx_hal_usart.o(i.HAL_USART_MspDeInit), (2 bytes).
    Removing stm32f4xx_hal_usart.o(i.HAL_USART_MspInit), (2 bytes).
    Removing stm32f4xx_hal_usart.o(i.HAL_USART_Receive), (266 bytes).
    Removing stm32f4xx_hal_usart.o(i.HAL_USART_Receive_DMA), (204 bytes).
    Removing stm32f4xx_hal_usart.o(i.HAL_USART_Receive_IT), (84 bytes).
    Removing stm32f4xx_hal_usart.o(i.HAL_USART_RxCpltCallback), (2 bytes).
    Removing stm32f4xx_hal_usart.o(i.HAL_USART_RxHalfCpltCallback), (2 bytes).
    Removing stm32f4xx_hal_usart.o(i.HAL_USART_Transmit), (208 bytes).
    Removing stm32f4xx_hal_usart.o(i.HAL_USART_TransmitReceive), (302 bytes).
    Removing stm32f4xx_hal_usart.o(i.HAL_USART_TransmitReceive_DMA), (224 bytes).
    Removing stm32f4xx_hal_usart.o(i.HAL_USART_TransmitReceive_IT), (106 bytes).
    Removing stm32f4xx_hal_usart.o(i.HAL_USART_Transmit_DMA), (140 bytes).
    Removing stm32f4xx_hal_usart.o(i.HAL_USART_Transmit_IT), (66 bytes).
    Removing stm32f4xx_hal_usart.o(i.HAL_USART_TxCpltCallback), (2 bytes).
    Removing stm32f4xx_hal_usart.o(i.HAL_USART_TxHalfCpltCallback), (2 bytes).
    Removing stm32f4xx_hal_usart.o(i.HAL_USART_TxRxCpltCallback), (2 bytes).
    Removing stm32f4xx_hal_usart.o(i.USART_DMAAbortOnError), (16 bytes).
    Removing stm32f4xx_hal_usart.o(i.USART_DMAError), (80 bytes).
    Removing stm32f4xx_hal_usart.o(i.USART_DMAReceiveCplt), (106 bytes).
    Removing stm32f4xx_hal_usart.o(i.USART_DMARxAbortCallback), (40 bytes).
    Removing stm32f4xx_hal_usart.o(i.USART_DMARxHalfCplt), (10 bytes).
    Removing stm32f4xx_hal_usart.o(i.USART_DMATransmitCplt), (64 bytes).
    Removing stm32f4xx_hal_usart.o(i.USART_DMATxAbortCallback), (40 bytes).
    Removing stm32f4xx_hal_usart.o(i.USART_DMATxHalfCplt), (10 bytes).
    Removing stm32f4xx_hal_usart.o(i.USART_EndRxTransfer), (28 bytes).
    Removing stm32f4xx_hal_usart.o(i.USART_EndTransmit_IT), (36 bytes).
    Removing stm32f4xx_hal_usart.o(i.USART_EndTxTransfer), (18 bytes).
    Removing stm32f4xx_hal_usart.o(i.USART_Receive_IT), (188 bytes).
    Removing stm32f4xx_hal_usart.o(i.USART_SetConfig), (452 bytes).
    Removing stm32f4xx_hal_usart.o(i.USART_TransmitReceive_IT), (242 bytes).
    Removing stm32f4xx_hal_usart.o(i.USART_Transmit_IT), (102 bytes).
    Removing stm32f4xx_hal_usart.o(i.USART_WaitOnFlagUntilTimeout), (116 bytes).
    Removing system_stm32f4xx.o(.rev16_text), (4 bytes).
    Removing system_stm32f4xx.o(.revsh_text), (4 bytes).
    Removing system_stm32f4xx.o(.rrx_text), (6 bytes).
    Removing system_stm32f4xx.o(i.SystemCoreClockUpdate), (140 bytes).
    Removing system_stm32f4xx.o(.constdata), (16 bytes).
    Removing system_stm32f4xx.o(.constdata), (8 bytes).

345 unused section(s) (total 25988 bytes) removed from the image.

==============================================================================

Image Symbol Table

    Local Symbols

    Symbol Name                              Value     Ov Type        Size  Object(Section)

    ../clib/angel/boardlib.s                 0x00000000   Number         0  boardshut.o ABSOLUTE
    ../clib/angel/boardlib.s                 0x00000000   Number         0  boardinit2.o ABSOLUTE
    ../clib/angel/boardlib.s                 0x00000000   Number         0  boardinit1.o ABSOLUTE
    ../clib/angel/boardlib.s                 0x00000000   Number         0  boardinit3.o ABSOLUTE
    ../clib/angel/handlers.s                 0x00000000   Number         0  __scatter_copy.o ABSOLUTE
    ../clib/angel/handlers.s                 0x00000000   Number         0  __scatter_zi.o ABSOLUTE
    ../clib/angel/kernel.s                   0x00000000   Number         0  rtexit2.o ABSOLUTE
    ../clib/angel/kernel.s                   0x00000000   Number         0  rtentry4.o ABSOLUTE
    ../clib/angel/kernel.s                   0x00000000   Number         0  rtentry.o ABSOLUTE
    ../clib/angel/kernel.s                   0x00000000   Number         0  rtexit.o ABSOLUTE
    ../clib/angel/kernel.s                   0x00000000   Number         0  rtentry2.o ABSOLUTE
    ../clib/angel/rt.s                       0x00000000   Number         0  rt_div0.o ABSOLUTE
    ../clib/angel/rt.s                       0x00000000   Number         0  aeabi_ldiv0.o ABSOLUTE
    ../clib/angel/rt.s                       0x00000000   Number         0  rt_raise.o ABSOLUTE
    ../clib/angel/rt.s                       0x00000000   Number         0  rt_heap_descriptor.o ABSOLUTE
    ../clib/angel/rt.s                       0x00000000   Number         0  aeabi_ldiv0_sigfpe.o ABSOLUTE
    ../clib/angel/rt.s                       0x00000000   Number         0  rt_errno_addr_intlibspace.o ABSOLUTE
    ../clib/angel/rt.s                       0x00000000   Number         0  rt_errno_addr.o ABSOLUTE
    ../clib/angel/rt.s                       0x00000000   Number         0  rt_heap_descriptor_intlibspace.o ABSOLUTE
    ../clib/angel/scatter.s                  0x00000000   Number         0  __scatter.o ABSOLUTE
    ../clib/angel/startup.s                  0x00000000   Number         0  __main.o ABSOLUTE
    ../clib/angel/sys.s                      0x00000000   Number         0  mutex_dummy.o ABSOLUTE
    ../clib/angel/sys.s                      0x00000000   Number         0  libspace.o ABSOLUTE
    ../clib/angel/sys.s                      0x00000000   Number         0  sys_stackheap_outer.o ABSOLUTE
    ../clib/angel/sys.s                      0x00000000   Number         0  indicate_semi.o ABSOLUTE
    ../clib/angel/sys.s                      0x00000000   Number         0  use_no_semi.o ABSOLUTE
    ../clib/angel/sysapp.c                   0x00000000   Number         0  sys_exit.o ABSOLUTE
    ../clib/angel/sysapp.c                   0x00000000   Number         0  sys_wrch.o ABSOLUTE
    ../clib/angel/sysapp.c                   0x00000000   Number         0  sys_command.o ABSOLUTE
    ../clib/armsys.c                         0x00000000   Number         0  argv_veneer.o ABSOLUTE
    ../clib/armsys.c                         0x00000000   Number         0  no_argv.o ABSOLUTE
    ../clib/armsys.c                         0x00000000   Number         0  _get_argv_nomalloc.o ABSOLUTE
    ../clib/armsys.c                         0x00000000   Number         0  _get_argv.o ABSOLUTE
    ../clib/armsys.c                         0x00000000   Number         0  argv_veneer.o ABSOLUTE
    ../clib/assert.c                         0x00000000   Number         0  assert_stdio.o ABSOLUTE
    ../clib/heap1.c                          0x00000000   Number         0  h1_final_mt.o ABSOLUTE
    ../clib/heap1.c                          0x00000000   Number         0  h1_final.o ABSOLUTE
    ../clib/heap1.c                          0x00000000   Number         0  h1_free_mt.o ABSOLUTE
    ../clib/heap1.c                          0x00000000   Number         0  h1_free.o ABSOLUTE
    ../clib/heap1.c                          0x00000000   Number         0  h1_alloc.o ABSOLUTE
    ../clib/heap1.c                          0x00000000   Number         0  h1_extend.o ABSOLUTE
    ../clib/heap1.c                          0x00000000   Number         0  h1_extend_mt.o ABSOLUTE
    ../clib/heap1.c                          0x00000000   Number         0  h1_init.o ABSOLUTE
    ../clib/heap1.c                          0x00000000   Number         0  h1_init_mt.o ABSOLUTE
    ../clib/heap1.c                          0x00000000   Number         0  h1_alloc_mt.o ABSOLUTE
    ../clib/heap2.c                          0x00000000   Number         0  fdtree.o ABSOLUTE
    ../clib/heap2.c                          0x00000000   Number         0  heap2mt.o ABSOLUTE
    ../clib/heap2.c                          0x00000000   Number         0  heap2.o ABSOLUTE
    ../clib/heapalloc.c                      0x00000000   Number         0  init_alloc.o ABSOLUTE
    ../clib/heapalloc.c                      0x00000000   Number         0  malloc.o ABSOLUTE
    ../clib/heapalloc.c                      0x00000000   Number         0  free.o ABSOLUTE
    ../clib/heapalloc.c                      0x00000000   Number         0  maybetermalloc2.o ABSOLUTE
    ../clib/heapalloc.c                      0x00000000   Number         0  maybetermalloc1.o ABSOLUTE
    ../clib/heapalloc.c                      0x00000000   Number         0  maybetermalloc1.o ABSOLUTE
    ../clib/heapalloc.c                      0x00000000   Number         0  heapstubs.o ABSOLUTE
    ../clib/heapalloc.c                      0x00000000   Number         0  term_alloc.o ABSOLUTE
    ../clib/heapalloc.c                      0x00000000   Number         0  hrguard.o ABSOLUTE
    ../clib/heapalloc.c                      0x00000000   Number         0  hguard.o ABSOLUTE
    ../clib/heapalloc.c                      0x00000000   Number         0  maybetermalloc2.o ABSOLUTE
    ../clib/heapaux.c                        0x00000000   Number         0  heapauxa.o ABSOLUTE
    ../clib/heapaux.c                        0x00000000   Number         0  heapauxi.o ABSOLUTE
    ../clib/libinit.s                        0x00000000   Number         0  libshutdown2.o ABSOLUTE
    ../clib/libinit.s                        0x00000000   Number         0  libinit2.o ABSOLUTE
    ../clib/libinit.s                        0x00000000   Number         0  libinit.o ABSOLUTE
    ../clib/libinit.s                        0x00000000   Number         0  libshutdown.o ABSOLUTE
    ../clib/longlong.s                       0x00000000   Number         0  lludivv7m.o ABSOLUTE
    ../clib/memcpset.s                       0x00000000   Number         0  rt_memclr_w.o ABSOLUTE
    ../clib/memcpset.s                       0x00000000   Number         0  rt_memcpy_w.o ABSOLUTE
    ../clib/memcpset.s                       0x00000000   Number         0  strcmpv7m.o ABSOLUTE
    ../clib/memcpset.s                       0x00000000   Number         0  aeabi_memset.o ABSOLUTE
    ../clib/memcpset.s                       0x00000000   Number         0  rt_memcpy_v6.o ABSOLUTE
    ../clib/memcpset.s                       0x00000000   Number         0  rt_memclr.o ABSOLUTE
    ../clib/printf.c                         0x00000000   Number         0  noretval__2printf.o ABSOLUTE
    ../clib/printf.c                         0x00000000   Number         0  _printf_char_file.o ABSOLUTE
    ../clib/printf.c                         0x00000000   Number         0  _printf_char_common.o ABSOLUTE
    ../clib/printf.c                         0x00000000   Number         0  _printf_char_file_locked.o ABSOLUTE
    ../clib/printf.c                         0x00000000   Number         0  __printf_nopercent.o ABSOLUTE
    ../clib/printf.c                         0x00000000   Number         0  __2printf.o ABSOLUTE
    ../clib/signal.c                         0x00000000   Number         0  defsig_rtred_inner.o ABSOLUTE
    ../clib/signal.c                         0x00000000   Number         0  __raise.o ABSOLUTE
    ../clib/signal.c                         0x00000000   Number         0  defsig_abrt_inner.o ABSOLUTE
    ../clib/signal.c                         0x00000000   Number         0  defsig_fpe_inner.o ABSOLUTE
    ../clib/signal.c                         0x00000000   Number         0  defsig_pvfn_inner.o ABSOLUTE
    ../clib/signal.c                         0x00000000   Number         0  defsig_fpe_outer.o ABSOLUTE
    ../clib/signal.c                         0x00000000   Number         0  defsig_rtred_formal.o ABSOLUTE
    ../clib/signal.c                         0x00000000   Number         0  defsig_fpe_formal.o ABSOLUTE
    ../clib/signal.c                         0x00000000   Number         0  defsig_stak_inner.o ABSOLUTE
    ../clib/signal.c                         0x00000000   Number         0  defsig_rtmem_inner.o ABSOLUTE
    ../clib/signal.c                         0x00000000   Number         0  defsig_rtmem_formal.o ABSOLUTE
    ../clib/signal.c                         0x00000000   Number         0  defsig_rtred_outer.o ABSOLUTE
    ../clib/signal.c                         0x00000000   Number         0  defsig_rtmem_outer.o ABSOLUTE
    ../clib/signal.c                         0x00000000   Number         0  defsig_exit.o ABSOLUTE
    ../clib/signal.c                         0x00000000   Number         0  defsig_cppl_inner.o ABSOLUTE
    ../clib/signal.c                         0x00000000   Number         0  defsig_segv_inner.o ABSOLUTE
    ../clib/signal.c                         0x00000000   Number         0  defsig_general.o ABSOLUTE
    ../clib/signal.c                         0x00000000   Number         0  defsig_other.o ABSOLUTE
    ../clib/signal.s                         0x00000000   Number         0  defsig.o ABSOLUTE
    ../clib/stdio.c                          0x00000000   Number         0  stdio.o ABSOLUTE
    ../clib/stdio.c                          0x00000000   Number         0  fseek.o ABSOLUTE
    ../clib/stdio.c                          0x00000000   Number         0  fputc.o ABSOLUTE
    ../clib/stdio.c                          0x00000000   Number         0  fopen_locked.o ABSOLUTE
    ../clib/stdio.c                          0x00000000   Number         0  setvbuf_locked.o ABSOLUTE
    ../clib/stdio.c                          0x00000000   Number         0  initio_locked.o ABSOLUTE
    ../clib/stdio.c                          0x00000000   Number         0  fclose.o ABSOLUTE
    ../clib/stdio.c                          0x00000000   Number         0  ferror_locked.o ABSOLUTE
    ../clib/stdio.c                          0x00000000   Number         0  fputc_locked.o ABSOLUTE
    ../clib/stdio.c                          0x00000000   Number         0  fputs.o ABSOLUTE
    ../clib/stdio.c                          0x00000000   Number         0  fopen.o ABSOLUTE
    ../clib/stdio.c                          0x00000000   Number         0  stdio_streams.o ABSOLUTE
    ../clib/stdio.c                          0x00000000   Number         0  streamlock.o ABSOLUTE
    ../clib/stdio.c                          0x00000000   Number         0  ftell.o ABSOLUTE
    ../clib/stdio.c                          0x00000000   Number         0  flsbuf.o ABSOLUTE
    ../clib/stdio.c                          0x00000000   Number         0  fputs_locked.o ABSOLUTE
    ../clib/stdio.c                          0x00000000   Number         0  fflush_locked.o ABSOLUTE
    ../clib/stdio.c                          0x00000000   Number         0  fflush.o ABSOLUTE
    ../clib/stdio.c                          0x00000000   Number         0  fwritefast_locked.o ABSOLUTE
    ../clib/stdio.c                          0x00000000   Number         0  fwritefast.o ABSOLUTE
    ../clib/stdio.c                          0x00000000   Number         0  initio.o ABSOLUTE
    ../clib/stdio.c                          0x00000000   Number         0  ferror.o ABSOLUTE
    ../clib/stdio.c                          0x00000000   Number         0  setvbuf.o ABSOLUTE
    ../clib/stdlib.c                         0x00000000   Number         0  exit.o ABSOLUTE
    ../clib/wchar.c                          0x00000000   Number         0  flsbuf_fwide.o ABSOLUTE
    ../fplib/fpinit.s                        0x00000000   Number         0  fpinit.o ABSOLUTE
    C:/Users/madhu/AppData/Local/Arm/Packs/ARM/CMSIS-Compiler/2.1.0/source/armcc/retarget_io.c 0x00000000   Number         0  retarget_io.o ABSOLUTE
    C:/Users/madhu/AppData/Local/Arm/Packs/Keil/ARM_Compiler/1.6.3/Source/retarget_io.c 0x00000000   Number         0  retarget_io_1.o ABSOLUTE
    C:/Users/madhu/AppData/Local/Arm/Packs/Keil/STM32F4xx_DFP/2.14.0/Drivers/STM32F4xx_HAL_Driver/Src/stm32f4xx_hal.c 0x00000000   Number         0  stm32f4xx_hal.o ABSOLUTE
    C:/Users/madhu/AppData/Local/Arm/Packs/Keil/STM32F4xx_DFP/2.14.0/Drivers/STM32F4xx_HAL_Driver/Src/stm32f4xx_hal_cortex.c 0x00000000   Number         0  stm32f4xx_hal_cortex.o ABSOLUTE
    C:/Users/madhu/AppData/Local/Arm/Packs/Keil/STM32F4xx_DFP/2.14.0/Drivers/STM32F4xx_HAL_Driver/Src/stm32f4xx_hal_dma.c 0x00000000   Number         0  stm32f4xx_hal_dma.o ABSOLUTE
    C:/Users/madhu/AppData/Local/Arm/Packs/Keil/STM32F4xx_DFP/2.14.0/Drivers/STM32F4xx_HAL_Driver/Src/stm32f4xx_hal_dma_ex.c 0x00000000   Number         0  stm32f4xx_hal_dma_ex.o ABSOLUTE
    C:/Users/madhu/AppData/Local/Arm/Packs/Keil/STM32F4xx_DFP/2.14.0/Drivers/STM32F4xx_HAL_Driver/Src/stm32f4xx_hal_gpio.c 0x00000000   Number         0  stm32f4xx_hal_gpio.o ABSOLUTE
    C:/Users/madhu/AppData/Local/Arm/Packs/Keil/STM32F4xx_DFP/2.14.0/Drivers/STM32F4xx_HAL_Driver/Src/stm32f4xx_hal_pwr.c 0x00000000   Number         0  stm32f4xx_hal_pwr.o ABSOLUTE
    C:/Users/madhu/AppData/Local/Arm/Packs/Keil/STM32F4xx_DFP/2.14.0/Drivers/STM32F4xx_HAL_Driver/Src/stm32f4xx_hal_pwr_ex.c 0x00000000   Number         0  stm32f4xx_hal_pwr_ex.o ABSOLUTE
    C:/Users/madhu/AppData/Local/Arm/Packs/Keil/STM32F4xx_DFP/2.14.0/Drivers/STM32F4xx_HAL_Driver/Src/stm32f4xx_hal_rcc.c 0x00000000   Number         0  stm32f4xx_hal_rcc.o ABSOLUTE
    C:/Users/madhu/AppData/Local/Arm/Packs/Keil/STM32F4xx_DFP/2.14.0/Drivers/STM32F4xx_HAL_Driver/Src/stm32f4xx_hal_rcc_ex.c 0x00000000   Number         0  stm32f4xx_hal_rcc_ex.o ABSOLUTE
    C:/Users/madhu/AppData/Local/Arm/Packs/Keil/STM32F4xx_DFP/2.14.0/Drivers/STM32F4xx_HAL_Driver/Src/stm32f4xx_hal_uart.c 0x00000000   Number         0  stm32f4xx_hal_uart.o ABSOLUTE
    C:/Users/madhu/AppData/Local/Arm/Packs/Keil/STM32F4xx_DFP/2.14.0/Drivers/STM32F4xx_HAL_Driver/Src/stm32f4xx_hal_usart.c 0x00000000   Number         0  stm32f4xx_hal_usart.o ABSOLUTE
    C:\Users\madhu\AppData\Local\Arm\Packs\Keil\STM32F4xx_DFP\2.14.0\Drivers\STM32F4xx_HAL_Driver\Src\stm32f4xx_hal.c 0x00000000   Number         0  stm32f4xx_hal.o ABSOLUTE
    C:\Users\madhu\AppData\Local\Arm\Packs\Keil\STM32F4xx_DFP\2.14.0\Drivers\STM32F4xx_HAL_Driver\Src\stm32f4xx_hal_cortex.c 0x00000000   Number         0  stm32f4xx_hal_cortex.o ABSOLUTE
    C:\Users\madhu\AppData\Local\Arm\Packs\Keil\STM32F4xx_DFP\2.14.0\Drivers\STM32F4xx_HAL_Driver\Src\stm32f4xx_hal_dma.c 0x00000000   Number         0  stm32f4xx_hal_dma.o ABSOLUTE
    C:\Users\madhu\AppData\Local\Arm\Packs\Keil\STM32F4xx_DFP\2.14.0\Drivers\STM32F4xx_HAL_Driver\Src\stm32f4xx_hal_dma_ex.c 0x00000000   Number         0  stm32f4xx_hal_dma_ex.o ABSOLUTE
    C:\Users\madhu\AppData\Local\Arm\Packs\Keil\STM32F4xx_DFP\2.14.0\Drivers\STM32F4xx_HAL_Driver\Src\stm32f4xx_hal_gpio.c 0x00000000   Number         0  stm32f4xx_hal_gpio.o ABSOLUTE
    C:\Users\madhu\AppData\Local\Arm\Packs\Keil\STM32F4xx_DFP\2.14.0\Drivers\STM32F4xx_HAL_Driver\Src\stm32f4xx_hal_pwr.c 0x00000000   Number         0  stm32f4xx_hal_pwr.o ABSOLUTE
    C:\Users\madhu\AppData\Local\Arm\Packs\Keil\STM32F4xx_DFP\2.14.0\Drivers\STM32F4xx_HAL_Driver\Src\stm32f4xx_hal_pwr_ex.c 0x00000000   Number         0  stm32f4xx_hal_pwr_ex.o ABSOLUTE
    C:\Users\madhu\AppData\Local\Arm\Packs\Keil\STM32F4xx_DFP\2.14.0\Drivers\STM32F4xx_HAL_Driver\Src\stm32f4xx_hal_rcc.c 0x00000000   Number         0  stm32f4xx_hal_rcc.o ABSOLUTE
    C:\Users\madhu\AppData\Local\Arm\Packs\Keil\STM32F4xx_DFP\2.14.0\Drivers\STM32F4xx_HAL_Driver\Src\stm32f4xx_hal_rcc_ex.c 0x00000000   Number         0  stm32f4xx_hal_rcc_ex.o ABSOLUTE
    C:\Users\madhu\AppData\Local\Arm\Packs\Keil\STM32F4xx_DFP\2.14.0\Drivers\STM32F4xx_HAL_Driver\Src\stm32f4xx_hal_uart.c 0x00000000   Number         0  stm32f4xx_hal_uart.o ABSOLUTE
    C:\Users\madhu\AppData\Local\Arm\Packs\Keil\STM32F4xx_DFP\2.14.0\Drivers\STM32F4xx_HAL_Driver\Src\stm32f4xx_hal_usart.c 0x00000000   Number         0  stm32f4xx_hal_usart.o ABSOLUTE
    FreeRTOS-Source\\portable\\RVDS\\ARM_CM4F\\port.c 0x00000000   Number         0  port.o ABSOLUTE
    FreeRTOS-Source\list.c                   0x00000000   Number         0  list.o ABSOLUTE
    FreeRTOS-Source\portable\MemMang\heap_2.c 0x00000000   Number         0  heap_2.o ABSOLUTE
    FreeRTOS-Source\portable\RVDS\ARM_CM4F\port.c 0x00000000   Number         0  port.o ABSOLUTE
    FreeRTOS-Source\queue.c                  0x00000000   Number         0  queue.o ABSOLUTE
    FreeRTOS-Source\tasks.c                  0x00000000   Number         0  tasks.o ABSOLUTE
    FreeRTOS-Source\timers.c                 0x00000000   Number         0  timers.o ABSOLUTE
    RTE/Device/STM32F401RETx/startup_stm32f401xe.s 0x00000000   Number         0  startup_stm32f401xe.o ABSOLUTE
    RTE/Device/STM32F401RETx/system_stm32f4xx.c 0x00000000   Number         0  system_stm32f4xx.o ABSOLUTE
    RTE\Device\STM32F401RETx\system_stm32f4xx.c 0x00000000   Number         0  system_stm32f4xx.o ABSOLUTE
    dc.s                                     0x00000000   Number         0  dc.o ABSOLUTE
    main.c                                   0x00000000   Number         0  main.o ABSOLUTE
    main.c                                   0x00000000   Number         0  main.o ABSOLUTE
    RESET                                    0x08000000   Section      404  startup_stm32f401xe.o(RESET)
    !!!main                                  0x08000194   Section        8  __main.o(!!!main)
    !!!scatter                               0x0800019c   Section       52  __scatter.o(!!!scatter)
    !!handler_copy                           0x080001d0   Section       26  __scatter_copy.o(!!handler_copy)
    !!handler_zi                             0x080001ec   Section       28  __scatter_zi.o(!!handler_zi)
    .ARM.Collect$$libinit$$00000000          0x08000208   Section        2  libinit.o(.ARM.Collect$$libinit$$00000000)
    .ARM.Collect$$libinit$$00000001          0x0800020a   Section        4  libinit2.o(.ARM.Collect$$libinit$$00000001)
    .ARM.Collect$$libinit$$00000003          0x0800020e   Section        8  libinit2.o(.ARM.Collect$$libinit$$00000003)
    .ARM.Collect$$libinit$$00000008          0x08000216   Section        0  libinit2.o(.ARM.Collect$$libinit$$00000008)
    .ARM.Collect$$libinit$$0000000A          0x08000216   Section        0  libinit2.o(.ARM.Collect$$libinit$$0000000A)
    .ARM.Collect$$libinit$$0000000C          0x08000216   Section        0  libinit2.o(.ARM.Collect$$libinit$$0000000C)
    .ARM.Collect$$libinit$$0000000F          0x08000216   Section        0  libinit2.o(.ARM.Collect$$libinit$$0000000F)
    .ARM.Collect$$libinit$$00000011          0x08000216   Section        0  libinit2.o(.ARM.Collect$$libinit$$00000011)
    .ARM.Collect$$libinit$$00000013          0x08000216   Section        0  libinit2.o(.ARM.Collect$$libinit$$00000013)
    .ARM.Collect$$libinit$$00000015          0x08000216   Section        0  libinit2.o(.ARM.Collect$$libinit$$00000015)
    .ARM.Collect$$libinit$$00000017          0x08000216   Section        0  libinit2.o(.ARM.Collect$$libinit$$00000017)
    .ARM.Collect$$libinit$$00000019          0x08000216   Section        0  libinit2.o(.ARM.Collect$$libinit$$00000019)
    .ARM.Collect$$libinit$$0000001B          0x08000216   Section        0  libinit2.o(.ARM.Collect$$libinit$$0000001B)
    .ARM.Collect$$libinit$$0000001D          0x08000216   Section        0  libinit2.o(.ARM.Collect$$libinit$$0000001D)
    .ARM.Collect$$libinit$$0000001F          0x08000216   Section        0  libinit2.o(.ARM.Collect$$libinit$$0000001F)
    .ARM.Collect$$libinit$$00000021          0x08000216   Section        0  libinit2.o(.ARM.Collect$$libinit$$00000021)
    .ARM.Collect$$libinit$$00000022          0x08000216   Section        4  libinit2.o(.ARM.Collect$$libinit$$00000022)
    .ARM.Collect$$libinit$$00000023          0x0800021a   Section        0  libinit2.o(.ARM.Collect$$libinit$$00000023)
    .ARM.Collect$$libinit$$0000002A          0x0800021a   Section        0  libinit2.o(.ARM.Collect$$libinit$$0000002A)
    .ARM.Collect$$libinit$$0000002C          0x0800021a   Section        0  libinit2.o(.ARM.Collect$$libinit$$0000002C)
    .ARM.Collect$$libinit$$0000002E          0x0800021a   Section        0  libinit2.o(.ARM.Collect$$libinit$$0000002E)
    .ARM.Collect$$libinit$$00000030          0x0800021a   Section        0  libinit2.o(.ARM.Collect$$libinit$$00000030)
    .ARM.Collect$$libinit$$00000031          0x0800021a   Section        2  libinit2.o(.ARM.Collect$$libinit$$00000031)
    .ARM.Collect$$libshutdown$$00000000      0x0800021c   Section        2  libshutdown.o(.ARM.Collect$$libshutdown$$00000000)
    .ARM.Collect$$libshutdown$$00000002      0x0800021e   Section        4  libshutdown2.o(.ARM.Collect$$libshutdown$$00000002)
    .ARM.Collect$$libshutdown$$00000003      0x08000222   Section        0  libshutdown2.o(.ARM.Collect$$libshutdown$$00000003)
    .ARM.Collect$$libshutdown$$00000006      0x08000222   Section        0  libshutdown2.o(.ARM.Collect$$libshutdown$$00000006)
    .ARM.Collect$$libshutdown$$00000009      0x08000222   Section        0  libshutdown2.o(.ARM.Collect$$libshutdown$$00000009)
    .ARM.Collect$$libshutdown$$0000000B      0x08000222   Section        0  libshutdown2.o(.ARM.Collect$$libshutdown$$0000000B)
    .ARM.Collect$$libshutdown$$0000000E      0x08000222   Section        0  libshutdown2.o(.ARM.Collect$$libshutdown$$0000000E)
    .ARM.Collect$$libshutdown$$0000000F      0x08000222   Section        2  libshutdown2.o(.ARM.Collect$$libshutdown$$0000000F)
    .ARM.Collect$$rtentry$$00000000          0x08000224   Section        0  rtentry.o(.ARM.Collect$$rtentry$$00000000)
    .ARM.Collect$$rtentry$$00000002          0x08000224   Section        0  rtentry2.o(.ARM.Collect$$rtentry$$00000002)
    .ARM.Collect$$rtentry$$00000004          0x08000224   Section        6  rtentry4.o(.ARM.Collect$$rtentry$$00000004)
    .ARM.Collect$$rtentry$$00000009          0x0800022a   Section        0  rtentry2.o(.ARM.Collect$$rtentry$$00000009)
    .ARM.Collect$$rtentry$$0000000A          0x0800022a   Section        4  rtentry2.o(.ARM.Collect$$rtentry$$0000000A)
    .ARM.Collect$$rtentry$$0000000C          0x0800022e   Section        0  rtentry2.o(.ARM.Collect$$rtentry$$0000000C)
    .ARM.Collect$$rtentry$$0000000D          0x0800022e   Section        8  rtentry2.o(.ARM.Collect$$rtentry$$0000000D)
    .ARM.Collect$$rtexit$$00000000           0x08000236   Section        2  rtexit.o(.ARM.Collect$$rtexit$$00000000)
    .ARM.Collect$$rtexit$$00000002           0x08000238   Section        0  rtexit2.o(.ARM.Collect$$rtexit$$00000002)
    .ARM.Collect$$rtexit$$00000003           0x08000238   Section        4  rtexit2.o(.ARM.Collect$$rtexit$$00000003)
    .ARM.Collect$$rtexit$$00000004           0x0800023c   Section        6  rtexit2.o(.ARM.Collect$$rtexit$$00000004)
    .emb_text                                0x08000244   Section      182  port.o(.emb_text)
    $v0                                      0x08000244   Number         0  port.o(.emb_text)
    .emb_text                                0x080002fc   Section        0  maybetermalloc1.o(.emb_text)
    .text                                    0x080002fc   Section       64  startup_stm32f401xe.o(.text)
    $v0                                      0x080002fc   Number         0  startup_stm32f401xe.o(.text)
    .text                                    0x0800033c   Section        0  noretval__2printf.o(.text)
    .text                                    0x08000354   Section       16  aeabi_memset.o(.text)
    .text                                    0x08000364   Section      128  strcmpv7m.o(.text)
    .text                                    0x080003e4   Section        0  heapauxi.o(.text)
    .text                                    0x080003ec   Section        0  _printf_char_file.o(.text)
    .text                                    0x08000410   Section       68  rt_memclr.o(.text)
    .text                                    0x08000454   Section        0  _printf_char_common.o(.text)
    _printf_input_char                       0x08000455   Thumb Code    10  _printf_char_common.o(.text)
    .text                                    0x08000484   Section        0  ferror.o(.text)
    .text                                    0x0800048c   Section        0  initio.o(.text)
    .text                                    0x080005c4   Section       78  rt_memclr_w.o(.text)
    .text                                    0x08000612   Section       74  sys_stackheap_outer.o(.text)
    .text                                    0x0800065c   Section        0  h1_free.o(.text)
    .text                                    0x080006aa   Section        0  __printf_nopercent.o(.text)
    .text                                    0x080006d0   Section        0  flsbuf.o(.text)
    .text                                    0x080008ae   Section        0  setvbuf.o(.text)
    .text                                    0x080008f4   Section        0  fopen.o(.text)
    _freopen_locked                          0x080008f5   Thumb Code     0  fopen.o(.text)
    .text                                    0x080009e0   Section        0  fclose.o(.text)
    .text                                    0x08000a2c   Section        0  exit.o(.text)
    .text                                    0x08000a38   Section        0  defsig_rtred_outer.o(.text)
    .text                                    0x08000a48   Section        8  libspace.o(.text)
    .text                                    0x08000a50   Section        8  rt_heap_descriptor_intlibspace.o(.text)
    .text                                    0x08000a58   Section        0  hguard.o(.text)
    .text                                    0x08000a5c   Section        0  init_alloc.o(.text)
    .text                                    0x08000ae6   Section        0  h1_alloc.o(.text)
    .text                                    0x08000b44   Section        0  fseek.o(.text)
    .text                                    0x08000c3c   Section        0  stdio.o(.text)
    .text                                    0x08000d2c   Section        0  defsig_exit.o(.text)
    .text                                    0x08000d38   Section        0  defsig_rtred_inner.o(.text)
    .text                                    0x08000d6c   Section        0  sys_exit.o(.text)
    .text                                    0x08000d78   Section        0  h1_init.o(.text)
    .text                                    0x08000d86   Section        0  h1_extend.o(.text)
    .text                                    0x08000dba   Section        0  ftell.o(.text)
    .text                                    0x08000e00   Section        0  defsig_general.o(.text)
    .text                                    0x08000e32   Section        0  defsig_rtmem_outer.o(.text)
    .text                                    0x08000e40   Section        0  sys_wrch.o(.text)
    .text                                    0x08000e4e   Section        2  use_no_semi.o(.text)
    .text                                    0x08000e50   Section        8  rt_errno_addr_intlibspace.o(.text)
    .text                                    0x08000e50   Section        0  indicate_semi.o(.text)
    .text                                    0x08000e58   Section        0  defsig_rtmem_inner.o(.text)
    i.ITM_SendChar                           0x08000ea8   Section        0  retarget_io_1.o(i.ITM_SendChar)
    i.SysTick_Handler                        0x08000ecc   Section        0  port.o(i.SysTick_Handler)
    i.SystemInit                             0x08000ef8   Section        0  system_stm32f4xx.o(i.SystemInit)
    i._sys_close                             0x08000f4c   Section        0  retarget_io_1.o(i._sys_close)
    i._sys_flen                              0x08000f6c   Section        0  retarget_io_1.o(i._sys_flen)
    i._sys_istty                             0x08000f8c   Section        0  retarget_io_1.o(i._sys_istty)
    i._sys_open                              0x08000fac   Section        0  retarget_io_1.o(i._sys_open)
    i._sys_seek                              0x08001014   Section        0  retarget_io_1.o(i._sys_seek)
    i._sys_write                             0x08001020   Section        0  retarget_io_1.o(i._sys_write)
    i.fputc                                  0x08001052   Section        0  fputc.o(i.fputc)
    i.main                                   0x0800106c   Section        0  main.o(i.main)
    i.prvAddNewTaskToReadyList               0x080010c8   Section        0  tasks.o(i.prvAddNewTaskToReadyList)
    prvAddNewTaskToReadyList                 0x080010c9   Thumb Code   126  tasks.o(i.prvAddNewTaskToReadyList)
    i.prvCheckTasksWaitingTermination        0x08001154   Section        0  tasks.o(i.prvCheckTasksWaitingTermination)
    prvCheckTasksWaitingTermination          0x08001155   Thumb Code    74  tasks.o(i.prvCheckTasksWaitingTermination)
    i.prvDeleteTCB                           0x080011a8   Section        0  tasks.o(i.prvDeleteTCB)
    prvDeleteTCB                             0x080011a9   Thumb Code    20  tasks.o(i.prvDeleteTCB)
    i.prvHeapInit                            0x080011bc   Section        0  heap_2.o(i.prvHeapInit)
    prvHeapInit                              0x080011bd   Thumb Code    28  heap_2.o(i.prvHeapInit)
    i.prvIdleTask                            0x080011e4   Section        0  tasks.o(i.prvIdleTask)
    prvIdleTask                              0x080011e5   Thumb Code     6  tasks.o(i.prvIdleTask)
    i.prvInitialiseNewTask                   0x080011ea   Section        0  tasks.o(i.prvInitialiseNewTask)
    prvInitialiseNewTask                     0x080011eb   Thumb Code   154  tasks.o(i.prvInitialiseNewTask)
    i.prvInitialiseTaskLists                 0x08001284   Section        0  tasks.o(i.prvInitialiseTaskLists)
    prvInitialiseTaskLists                   0x08001285   Thumb Code    78  tasks.o(i.prvInitialiseTaskLists)
    i.prvResetNextTaskUnblockTime            0x080012dc   Section        0  tasks.o(i.prvResetNextTaskUnblockTime)
    prvResetNextTaskUnblockTime              0x080012dd   Thumb Code    30  tasks.o(i.prvResetNextTaskUnblockTime)
    i.prvTaskExitError                       0x08001300   Section        0  port.o(i.prvTaskExitError)
    prvTaskExitError                         0x08001301   Thumb Code    40  port.o(i.prvTaskExitError)
    i.pvPortMalloc                           0x0800132c   Section        0  heap_2.o(i.pvPortMalloc)
    i.pxPortInitialiseStack                  0x080013cc   Section        0  port.o(i.pxPortInitialiseStack)
    i.stdout_putchar                         0x080013f0   Section        0  retarget_io_1.o(i.stdout_putchar)
    stdout_putchar                           0x080013f1   Thumb Code     4  retarget_io_1.o(i.stdout_putchar)
    i.uxListRemove                           0x080013f4   Section        0  list.o(i.uxListRemove)
    i.vListInitialise                        0x08001418   Section        0  list.o(i.vListInitialise)
    i.vListInitialiseItem                    0x0800142e   Section        0  list.o(i.vListInitialiseItem)
    i.vListInsertEnd                         0x08001434   Section        0  list.o(i.vListInsertEnd)
    i.vPortEnterCritical                     0x0800144c   Section        0  port.o(i.vPortEnterCritical)
    i.vPortExitCritical                      0x0800148c   Section        0  port.o(i.vPortExitCritical)
    i.vPortFree                              0x080014b8   Section        0  heap_2.o(i.vPortFree)
    i.vPortSetupTimerInterrupt               0x080014f8   Section        0  port.o(i.vPortSetupTimerInterrupt)
    i.vTask1                                 0x08001518   Section        0  main.o(i.vTask1)
    i.vTask2                                 0x08001560   Section        0  main.o(i.vTask2)
    i.vTaskStartScheduler                    0x080015a8   Section        0  tasks.o(i.vTaskStartScheduler)
    i.vTaskSuspendAll                        0x08001610   Section        0  tasks.o(i.vTaskSuspendAll)
    i.vTaskSwitchContext                     0x08001620   Section        0  tasks.o(i.vTaskSwitchContext)
    i.xPortStartScheduler                    0x08001680   Section        0  port.o(i.xPortStartScheduler)
    i.xTaskCreate                            0x08001760   Section        0  tasks.o(i.xTaskCreate)
    i.xTaskIncrementTick                     0x080017c0   Section        0  tasks.o(i.xTaskIncrementTick)
    i.xTaskResumeAll                         0x0800188c   Section        0  tasks.o(i.xTaskResumeAll)
    x$fpl$fpinit                             0x08001958   Section       10  fpinit.o(x$fpl$fpinit)
    $v0                                      0x08001958   Number         0  fpinit.o(x$fpl$fpinit)
    .constdata                               0x08001962   Section        7  retarget_io_1.o(.constdata)
    .constdata                               0x08001969   Section        8  retarget_io_1.o(.constdata)
    .constdata                               0x08001971   Section        8  retarget_io_1.o(.constdata)
    .data                                    0x20000000   Section       60  tasks.o(.data)
    uxDeletedTasksWaitingCleanUp             0x20000004   Data           4  tasks.o(.data)
    uxCurrentNumberOfTasks                   0x20000008   Data           4  tasks.o(.data)
    xTickCount                               0x2000000c   Data           4  tasks.o(.data)
    uxTopReadyPriority                       0x20000010   Data           4  tasks.o(.data)
    xSchedulerRunning                        0x20000014   Data           4  tasks.o(.data)
    uxPendedTicks                            0x20000018   Data           4  tasks.o(.data)
    xYieldPending                            0x2000001c   Data           4  tasks.o(.data)
    xNumOfOverflows                          0x20000020   Data           4  tasks.o(.data)
    uxTaskNumber                             0x20000024   Data           4  tasks.o(.data)
    xNextTaskUnblockTime                     0x20000028   Data           4  tasks.o(.data)
    xIdleTaskHandle                          0x2000002c   Data           4  tasks.o(.data)
    uxSchedulerSuspended                     0x20000030   Data           4  tasks.o(.data)
    pxDelayedTaskList                        0x20000034   Data           4  tasks.o(.data)
    pxOverflowDelayedTaskList                0x20000038   Data           4  tasks.o(.data)
    .data                                    0x2000003c   Section       24  heap_2.o(.data)
    xFreeBytesRemaining                      0x2000003c   Data           4  heap_2.o(.data)
    xHeapHasBeenInitialised                  0x20000040   Data           4  heap_2.o(.data)
    xStart                                   0x20000044   Data           8  heap_2.o(.data)
    xEnd                                     0x2000004c   Data           8  heap_2.o(.data)
    .data                                    0x20000054   Section       12  port.o(.data)
    ucMaxSysCallPriority                     0x20000054   Data           1  port.o(.data)
    uxCriticalNesting                        0x20000058   Data           4  port.o(.data)
    ulMaxPRIGROUPValue                       0x2000005c   Data           4  port.o(.data)
    .data                                    0x20000060   Section        4  system_stm32f4xx.o(.data)
    .data                                    0x20000064   Section        4  stdio_streams.o(.data)
    .data                                    0x20000068   Section        4  stdio_streams.o(.data)
    .data                                    0x2000006c   Section        4  stdio_streams.o(.data)
    .bss                                     0x20000070   Section      200  tasks.o(.bss)
    pxReadyTasksLists                        0x20000070   Data         100  tasks.o(.bss)
    xDelayedTaskList1                        0x200000d4   Data          20  tasks.o(.bss)
    xDelayedTaskList2                        0x200000e8   Data          20  tasks.o(.bss)
    xPendingReadyList                        0x200000fc   Data          20  tasks.o(.bss)
    xTasksWaitingTermination                 0x20000110   Data          20  tasks.o(.bss)
    xSuspendedTaskList                       0x20000124   Data          20  tasks.o(.bss)
    .bss                                     0x20000138   Section    76800  heap_2.o(.bss)
    ucHeap                                   0x20000138   Data       76800  heap_2.o(.bss)
    .bss                                     0x20012d38   Section       84  stdio_streams.o(.bss)
    .bss                                     0x20012d8c   Section       84  stdio_streams.o(.bss)
    .bss                                     0x20012de0   Section       84  stdio_streams.o(.bss)
    .bss                                     0x20012e34   Section       96  libspace.o(.bss)
    HEAP                                     0x20012e98   Section      512  startup_stm32f401xe.o(HEAP)
    Heap_Mem                                 0x20012e98   Data         512  startup_stm32f401xe.o(HEAP)
    STACK                                    0x20013098   Section     1024  startup_stm32f401xe.o(STACK)
    Stack_Mem                                0x20013098   Data        1024  startup_stm32f401xe.o(STACK)
    __initial_sp                             0x20013498   Data           0  startup_stm32f401xe.o(STACK)

    Global Symbols

    Symbol Name                              Value     Ov Type        Size  Object(Section)

    BuildAttributes$$THM_ISAv4$E$P$D$K$B$S$7EM$VFPi3$EXTD16$VFPS$VFMA$PE$A:L22UL41UL21$X:L11$S22US41US21$IEEE1$IW$USESV6$~STKCKD$USESV7$~SHL$OTIME$ROPI$EBA8$UX$STANDARDLIB$REQ8$PRES8$EABIv2 0x00000000   Number         0  anon$$obj.o ABSOLUTE
    __ARM_use_no_argv                        0x00000000   Number         0  main.o ABSOLUTE
    __ARM_exceptions_init                     - Undefined Weak Reference
    __alloca_initialize                       - Undefined Weak Reference
    __cpp_initialize__aeabi_                  - Undefined Weak Reference
    __cxa_finalize                            - Undefined Weak Reference
    __rt_locale                               - Undefined Weak Reference
    __sigvec_lookup                           - Undefined Weak Reference
    __user_heap_extent                        - Undefined Weak Reference
    _atexit_init                              - Undefined Weak Reference
    _call_atexit_fns                          - Undefined Weak Reference
    _clock_init                               - Undefined Weak Reference
    _fp_trap_init                             - Undefined Weak Reference
    _fp_trap_shutdown                         - Undefined Weak Reference
    _get_lc_collate                           - Undefined Weak Reference
    _get_lc_ctype                             - Undefined Weak Reference
    _get_lc_monetary                          - Undefined Weak Reference
    _get_lc_numeric                           - Undefined Weak Reference
    _get_lc_time                              - Undefined Weak Reference
    _getenv_init                              - Undefined Weak Reference
    _handle_redirection                       - Undefined Weak Reference
    _mutex_acquire                            - Undefined Weak Reference
    _mutex_free                               - Undefined Weak Reference
    _mutex_release                            - Undefined Weak Reference
    _rand_init                                - Undefined Weak Reference
    _signal_finish                            - Undefined Weak Reference
    _signal_init                              - Undefined Weak Reference
    __Vectors_Size                           0x00000194   Number         0  startup_stm32f401xe.o ABSOLUTE
    __Vectors                                0x08000000   Data           4  startup_stm32f401xe.o(RESET)
    __Vectors_End                            0x08000194   Data           0  startup_stm32f401xe.o(RESET)
    __main                                   0x08000195   Thumb Code     8  __main.o(!!!main)
    __scatterload                            0x0800019d   Thumb Code     0  __scatter.o(!!!scatter)
    __scatterload_rt2                        0x0800019d   Thumb Code    44  __scatter.o(!!!scatter)
    __scatterload_rt2_thumb_only             0x0800019d   Thumb Code     0  __scatter.o(!!!scatter)
    __scatterload_null                       0x080001ab   Thumb Code     0  __scatter.o(!!!scatter)
    __scatterload_copy                       0x080001d1   Thumb Code    26  __scatter_copy.o(!!handler_copy)
    __scatterload_zeroinit                   0x080001ed   Thumb Code    28  __scatter_zi.o(!!handler_zi)
    __rt_lib_init                            0x08000209   Thumb Code     0  libinit.o(.ARM.Collect$$libinit$$00000000)
    __rt_lib_init_fp_1                       0x0800020b   Thumb Code     0  libinit2.o(.ARM.Collect$$libinit$$00000001)
    __rt_lib_init_heap_2                     0x0800020f   Thumb Code     0  libinit2.o(.ARM.Collect$$libinit$$00000003)
    __rt_lib_init_atexit_1                   0x08000217   Thumb Code     0  libinit2.o(.ARM.Collect$$libinit$$00000019)
    __rt_lib_init_clock_1                    0x08000217   Thumb Code     0  libinit2.o(.ARM.Collect$$libinit$$0000001F)
    __rt_lib_init_fp_trap_1                  0x08000217   Thumb Code     0  libinit2.o(.ARM.Collect$$libinit$$0000001D)
    __rt_lib_init_getenv_1                   0x08000217   Thumb Code     0  libinit2.o(.ARM.Collect$$libinit$$00000021)
    __rt_lib_init_heap_1                     0x08000217   Thumb Code     0  libinit2.o(.ARM.Collect$$libinit$$00000008)
    __rt_lib_init_lc_collate_1               0x08000217   Thumb Code     0  libinit2.o(.ARM.Collect$$libinit$$0000000F)
    __rt_lib_init_lc_ctype_1                 0x08000217   Thumb Code     0  libinit2.o(.ARM.Collect$$libinit$$00000011)
    __rt_lib_init_lc_monetary_1              0x08000217   Thumb Code     0  libinit2.o(.ARM.Collect$$libinit$$00000013)
    __rt_lib_init_lc_numeric_1               0x08000217   Thumb Code     0  libinit2.o(.ARM.Collect$$libinit$$00000015)
    __rt_lib_init_lc_time_1                  0x08000217   Thumb Code     0  libinit2.o(.ARM.Collect$$libinit$$00000017)
    __rt_lib_init_rand_1                     0x08000217   Thumb Code     0  libinit2.o(.ARM.Collect$$libinit$$0000000C)
    __rt_lib_init_signal_1                   0x08000217   Thumb Code     0  libinit2.o(.ARM.Collect$$libinit$$0000001B)
    __rt_lib_init_stdio_2                    0x08000217   Thumb Code     0  libinit2.o(.ARM.Collect$$libinit$$00000022)
    __rt_lib_init_user_alloc_1               0x08000217   Thumb Code     0  libinit2.o(.ARM.Collect$$libinit$$0000000A)
    __rt_lib_init_alloca_1                   0x0800021b   Thumb Code     0  libinit2.o(.ARM.Collect$$libinit$$0000002C)
    __rt_lib_init_argv_1                     0x0800021b   Thumb Code     0  libinit2.o(.ARM.Collect$$libinit$$0000002A)
    __rt_lib_init_cpp_1                      0x0800021b   Thumb Code     0  libinit2.o(.ARM.Collect$$libinit$$00000030)
    __rt_lib_init_exceptions_1               0x0800021b   Thumb Code     0  libinit2.o(.ARM.Collect$$libinit$$0000002E)
    __rt_lib_init_return                     0x0800021b   Thumb Code     0  libinit2.o(.ARM.Collect$$libinit$$00000031)
    __rt_lib_init_stdio_1                    0x0800021b   Thumb Code     0  libinit2.o(.ARM.Collect$$libinit$$00000023)
    __rt_lib_shutdown                        0x0800021d   Thumb Code     0  libshutdown.o(.ARM.Collect$$libshutdown$$00000000)
    __rt_lib_shutdown_stdio_2                0x0800021f   Thumb Code     0  libshutdown2.o(.ARM.Collect$$libshutdown$$00000002)
    __rt_lib_shutdown_fp_trap_1              0x08000223   Thumb Code     0  libshutdown2.o(.ARM.Collect$$libshutdown$$00000006)
    __rt_lib_shutdown_heap_1                 0x08000223   Thumb Code     0  libshutdown2.o(.ARM.Collect$$libshutdown$$0000000E)
    __rt_lib_shutdown_return                 0x08000223   Thumb Code     0  libshutdown2.o(.ARM.Collect$$libshutdown$$0000000F)
    __rt_lib_shutdown_signal_1               0x08000223   Thumb Code     0  libshutdown2.o(.ARM.Collect$$libshutdown$$00000009)
    __rt_lib_shutdown_stdio_1                0x08000223   Thumb Code     0  libshutdown2.o(.ARM.Collect$$libshutdown$$00000003)
    __rt_lib_shutdown_user_alloc_1           0x08000223   Thumb Code     0  libshutdown2.o(.ARM.Collect$$libshutdown$$0000000B)
    __rt_entry                               0x08000225   Thumb Code     0  rtentry.o(.ARM.Collect$$rtentry$$00000000)
    __rt_entry_presh_1                       0x08000225   Thumb Code     0  rtentry2.o(.ARM.Collect$$rtentry$$00000002)
    __rt_entry_sh                            0x08000225   Thumb Code     0  rtentry4.o(.ARM.Collect$$rtentry$$00000004)
    __rt_entry_li                            0x0800022b   Thumb Code     0  rtentry2.o(.ARM.Collect$$rtentry$$0000000A)
    __rt_entry_postsh_1                      0x0800022b   Thumb Code     0  rtentry2.o(.ARM.Collect$$rtentry$$00000009)
    __rt_entry_main                          0x0800022f   Thumb Code     0  rtentry2.o(.ARM.Collect$$rtentry$$0000000D)
    __rt_entry_postli_1                      0x0800022f   Thumb Code     0  rtentry2.o(.ARM.Collect$$rtentry$$0000000C)
    __rt_exit                                0x08000237   Thumb Code     0  rtexit.o(.ARM.Collect$$rtexit$$00000000)
    __rt_exit_ls                             0x08000239   Thumb Code     0  rtexit2.o(.ARM.Collect$$rtexit$$00000003)
    __rt_exit_prels_1                        0x08000239   Thumb Code     0  rtexit2.o(.ARM.Collect$$rtexit$$00000002)
    __rt_exit_exit                           0x0800023d   Thumb Code     0  rtexit2.o(.ARM.Collect$$rtexit$$00000004)
    SVC_Handler                              0x08000245   Thumb Code    28  port.o(.emb_text)
    __asm___6_port_c_39a90d8d__prvStartFirstTask 0x08000265   Thumb Code    28  port.o(.emb_text)
    __asm___6_port_c_39a90d8d__prvEnableVFP  0x08000285   Thumb Code    16  port.o(.emb_text)
    PendSV_Handler                           0x08000299   Thumb Code    88  port.o(.emb_text)
    vPortGetIPSR                             0x080002f5   Thumb Code     6  port.o(.emb_text)
    Reset_Handler                            0x080002fd   Thumb Code     8  startup_stm32f401xe.o(.text)
    _maybe_terminate_alloc                   0x080002fd   Thumb Code     0  maybetermalloc1.o(.emb_text)
    NMI_Handler                              0x08000305   Thumb Code     2  startup_stm32f401xe.o(.text)
    HardFault_Handler                        0x08000307   Thumb Code     2  startup_stm32f401xe.o(.text)
    MemManage_Handler                        0x08000309   Thumb Code     2  startup_stm32f401xe.o(.text)
    BusFault_Handler                         0x0800030b   Thumb Code     2  startup_stm32f401xe.o(.text)
    UsageFault_Handler                       0x0800030d   Thumb Code     2  startup_stm32f401xe.o(.text)
    DebugMon_Handler                         0x08000311   Thumb Code     2  startup_stm32f401xe.o(.text)
    ADC_IRQHandler                           0x08000317   Thumb Code     0  startup_stm32f401xe.o(.text)
    DMA1_Stream0_IRQHandler                  0x08000317   Thumb Code     0  startup_stm32f401xe.o(.text)
    DMA1_Stream1_IRQHandler                  0x08000317   Thumb Code     0  startup_stm32f401xe.o(.text)
    DMA1_Stream2_IRQHandler                  0x08000317   Thumb Code     0  startup_stm32f401xe.o(.text)
    DMA1_Stream3_IRQHandler                  0x08000317   Thumb Code     0  startup_stm32f401xe.o(.text)
    DMA1_Stream4_IRQHandler                  0x08000317   Thumb Code     0  startup_stm32f401xe.o(.text)
    DMA1_Stream5_IRQHandler                  0x08000317   Thumb Code     0  startup_stm32f401xe.o(.text)
    DMA1_Stream6_IRQHandler                  0x08000317   Thumb Code     0  startup_stm32f401xe.o(.text)
    DMA1_Stream7_IRQHandler                  0x08000317   Thumb Code     0  startup_stm32f401xe.o(.text)
    DMA2_Stream0_IRQHandler                  0x08000317   Thumb Code     0  startup_stm32f401xe.o(.text)
    DMA2_Stream1_IRQHandler                  0x08000317   Thumb Code     0  startup_stm32f401xe.o(.text)
    DMA2_Stream2_IRQHandler                  0x08000317   Thumb Code     0  startup_stm32f401xe.o(.text)
    DMA2_Stream3_IRQHandler                  0x08000317   Thumb Code     0  startup_stm32f401xe.o(.text)
    DMA2_Stream4_IRQHandler                  0x08000317   Thumb Code     0  startup_stm32f401xe.o(.text)
    DMA2_Stream5_IRQHandler                  0x08000317   Thumb Code     0  startup_stm32f401xe.o(.text)
    DMA2_Stream6_IRQHandler                  0x08000317   Thumb Code     0  startup_stm32f401xe.o(.text)
    DMA2_Stream7_IRQHandler                  0x08000317   Thumb Code     0  startup_stm32f401xe.o(.text)
    EXTI0_IRQHandler                         0x08000317   Thumb Code     0  startup_stm32f401xe.o(.text)
    EXTI15_10_IRQHandler                     0x08000317   Thumb Code     0  startup_stm32f401xe.o(.text)
    EXTI1_IRQHandler                         0x08000317   Thumb Code     0  startup_stm32f401xe.o(.text)
    EXTI2_IRQHandler                         0x08000317   Thumb Code     0  startup_stm32f401xe.o(.text)
    EXTI3_IRQHandler                         0x08000317   Thumb Code     0  startup_stm32f401xe.o(.text)
    EXTI4_IRQHandler                         0x08000317   Thumb Code     0  startup_stm32f401xe.o(.text)
    EXTI9_5_IRQHandler                       0x08000317   Thumb Code     0  startup_stm32f401xe.o(.text)
    FLASH_IRQHandler                         0x08000317   Thumb Code     0  startup_stm32f401xe.o(.text)
    FPU_IRQHandler                           0x08000317   Thumb Code     0  startup_stm32f401xe.o(.text)
    I2C1_ER_IRQHandler                       0x08000317   Thumb Code     0  startup_stm32f401xe.o(.text)
    I2C1_EV_IRQHandler                       0x08000317   Thumb Code     0  startup_stm32f401xe.o(.text)
    I2C2_ER_IRQHandler                       0x08000317   Thumb Code     0  startup_stm32f401xe.o(.text)
    I2C2_EV_IRQHandler                       0x08000317   Thumb Code     0  startup_stm32f401xe.o(.text)
    I2C3_ER_IRQHandler                       0x08000317   Thumb Code     0  startup_stm32f401xe.o(.text)
    I2C3_EV_IRQHandler                       0x08000317   Thumb Code     0  startup_stm32f401xe.o(.text)
    OTG_FS_IRQHandler                        0x08000317   Thumb Code     0  startup_stm32f401xe.o(.text)
    OTG_FS_WKUP_IRQHandler                   0x08000317   Thumb Code     0  startup_stm32f401xe.o(.text)
    PVD_IRQHandler                           0x08000317   Thumb Code     0  startup_stm32f401xe.o(.text)
    RCC_IRQHandler                           0x08000317   Thumb Code     0  startup_stm32f401xe.o(.text)
    RTC_Alarm_IRQHandler                     0x08000317   Thumb Code     0  startup_stm32f401xe.o(.text)
    RTC_WKUP_IRQHandler                      0x08000317   Thumb Code     0  startup_stm32f401xe.o(.text)
    SDIO_IRQHandler                          0x08000317   Thumb Code     0  startup_stm32f401xe.o(.text)
    SPI1_IRQHandler                          0x08000317   Thumb Code     0  startup_stm32f401xe.o(.text)
    SPI2_IRQHandler                          0x08000317   Thumb Code     0  startup_stm32f401xe.o(.text)
    SPI3_IRQHandler                          0x08000317   Thumb Code     0  startup_stm32f401xe.o(.text)
    SPI4_IRQHandler                          0x08000317   Thumb Code     0  startup_stm32f401xe.o(.text)
    TAMP_STAMP_IRQHandler                    0x08000317   Thumb Code     0  startup_stm32f401xe.o(.text)
    TIM1_BRK_TIM9_IRQHandler                 0x08000317   Thumb Code     0  startup_stm32f401xe.o(.text)
    TIM1_CC_IRQHandler                       0x08000317   Thumb Code     0  startup_stm32f401xe.o(.text)
    TIM1_TRG_COM_TIM11_IRQHandler            0x08000317   Thumb Code     0  startup_stm32f401xe.o(.text)
    TIM1_UP_TIM10_IRQHandler                 0x08000317   Thumb Code     0  startup_stm32f401xe.o(.text)
    TIM2_IRQHandler                          0x08000317   Thumb Code     0  startup_stm32f401xe.o(.text)
    TIM3_IRQHandler                          0x08000317   Thumb Code     0  startup_stm32f401xe.o(.text)
    TIM4_IRQHandler                          0x08000317   Thumb Code     0  startup_stm32f401xe.o(.text)
    TIM5_IRQHandler                          0x08000317   Thumb Code     0  startup_stm32f401xe.o(.text)
    USART1_IRQHandler                        0x08000317   Thumb Code     0  startup_stm32f401xe.o(.text)
    USART2_IRQHandler                        0x08000317   Thumb Code     0  startup_stm32f401xe.o(.text)
    USART6_IRQHandler                        0x08000317   Thumb Code     0  startup_stm32f401xe.o(.text)
    WWDG_IRQHandler                          0x08000317   Thumb Code     0  startup_stm32f401xe.o(.text)
    __user_initial_stackheap                 0x08000319   Thumb Code     0  startup_stm32f401xe.o(.text)
    __2printf                                0x0800033d   Thumb Code    20  noretval__2printf.o(.text)
    __aeabi_memset                           0x08000355   Thumb Code    16  aeabi_memset.o(.text)
    strcmp                                   0x08000365   Thumb Code   128  strcmpv7m.o(.text)
    __use_two_region_memory                  0x080003e5   Thumb Code     2  heapauxi.o(.text)
    __rt_heap_escrow                         0x080003e7   Thumb Code     2  heapauxi.o(.text)
    __rt_heap_expand                         0x080003e9   Thumb Code     2  heapauxi.o(.text)
    _printf_char_file                        0x080003ed   Thumb Code    32  _printf_char_file.o(.text)
    __aeabi_memclr                           0x08000411   Thumb Code     0  rt_memclr.o(.text)
    __rt_memclr                              0x08000411   Thumb Code    68  rt_memclr.o(.text)
    _memset                                  0x08000415   Thumb Code     0  rt_memclr.o(.text)
    _printf_char_common                      0x0800045f   Thumb Code    32  _printf_char_common.o(.text)
    ferror                                   0x08000485   Thumb Code     8  ferror.o(.text)
    _initio                                  0x0800048d   Thumb Code   210  initio.o(.text)
    _terminateio                             0x0800055f   Thumb Code    56  initio.o(.text)
    __aeabi_memclr4                          0x080005c5   Thumb Code     0  rt_memclr_w.o(.text)
    __aeabi_memclr8                          0x080005c5   Thumb Code     0  rt_memclr_w.o(.text)
    __rt_memclr_w                            0x080005c5   Thumb Code    78  rt_memclr_w.o(.text)
    _memset_w                                0x080005c9   Thumb Code     0  rt_memclr_w.o(.text)
    __user_setup_stackheap                   0x08000613   Thumb Code    74  sys_stackheap_outer.o(.text)
    free                                     0x0800065d   Thumb Code    78  h1_free.o(.text)
    __printf                                 0x080006ab   Thumb Code    38  __printf_nopercent.o(.text)
    __flsbuf                                 0x080006d1   Thumb Code   478  flsbuf.o(.text)
    __flsbuf_byte                            0x080006d1   Thumb Code     0  flsbuf.o(.text)
    __flsbuf_wide                            0x080006d1   Thumb Code     0  flsbuf.o(.text)
    setvbuf                                  0x080008af   Thumb Code    70  setvbuf.o(.text)
    freopen                                  0x080008f5   Thumb Code   158  fopen.o(.text)
    fopen                                    0x08000993   Thumb Code    74  fopen.o(.text)
    _fclose_internal                         0x080009e1   Thumb Code    76  fclose.o(.text)
    fclose                                   0x080009e1   Thumb Code     0  fclose.o(.text)
    exit                                     0x08000a2d   Thumb Code    12  exit.o(.text)
    __rt_SIGRTRED                            0x08000a39   Thumb Code    14  defsig_rtred_outer.o(.text)
    __user_libspace                          0x08000a49   Thumb Code     8  libspace.o(.text)
    __user_perproc_libspace                  0x08000a49   Thumb Code     0  libspace.o(.text)
    __user_perthread_libspace                0x08000a49   Thumb Code     0  libspace.o(.text)
    __rt_heap_descriptor                     0x08000a51   Thumb Code     8  rt_heap_descriptor_intlibspace.o(.text)
    __use_no_heap                            0x08000a59   Thumb Code     2  hguard.o(.text)
    __heap$guard                             0x08000a5b   Thumb Code     2  hguard.o(.text)
    _terminate_user_alloc                    0x08000a5d   Thumb Code     2  init_alloc.o(.text)
    _init_user_alloc                         0x08000a5f   Thumb Code     2  init_alloc.o(.text)
    __Heap_Full                              0x08000a61   Thumb Code    34  init_alloc.o(.text)
    __Heap_Broken                            0x08000a83   Thumb Code     6  init_alloc.o(.text)
    _init_alloc                              0x08000a89   Thumb Code    94  init_alloc.o(.text)
    malloc                                   0x08000ae7   Thumb Code    94  h1_alloc.o(.text)
    _fseek                                   0x08000b45   Thumb Code   242  fseek.o(.text)
    fseek                                    0x08000b45   Thumb Code     0  fseek.o(.text)
    _seterr                                  0x08000c3d   Thumb Code    20  stdio.o(.text)
    _writebuf                                0x08000c51   Thumb Code    84  stdio.o(.text)
    _fflush                                  0x08000ca5   Thumb Code    70  stdio.o(.text)
    _deferredlazyseek                        0x08000ceb   Thumb Code    60  stdio.o(.text)
    __sig_exit                               0x08000d2d   Thumb Code    10  defsig_exit.o(.text)
    __rt_SIGRTRED_inner                      0x08000d39   Thumb Code    14  defsig_rtred_inner.o(.text)
    _sys_exit                                0x08000d6d   Thumb Code     8  sys_exit.o(.text)
    __Heap_Initialize                        0x08000d79   Thumb Code    10  h1_init.o(.text)
    __Heap_DescSize                          0x08000d83   Thumb Code     4  h1_init.o(.text)
    __Heap_ProvideMemory                     0x08000d87   Thumb Code    52  h1_extend.o(.text)
    _ftell_internal                          0x08000dbb   Thumb Code    70  ftell.o(.text)
    ftell                                    0x08000dbb   Thumb Code     0  ftell.o(.text)
    __default_signal_display                 0x08000e01   Thumb Code    50  defsig_general.o(.text)
    __rt_SIGRTMEM                            0x08000e33   Thumb Code    14  defsig_rtmem_outer.o(.text)
    _ttywrch                                 0x08000e41   Thumb Code    14  sys_wrch.o(.text)
    __I$use$semihosting                      0x08000e4f   Thumb Code     0  use_no_semi.o(.text)
    __use_no_semihosting_swi                 0x08000e4f   Thumb Code     2  use_no_semi.o(.text)
    __aeabi_errno_addr                       0x08000e51   Thumb Code     8  rt_errno_addr_intlibspace.o(.text)
    __errno$intlibspace                      0x08000e51   Thumb Code     0  rt_errno_addr_intlibspace.o(.text)
    __rt_errno_addr$intlibspace              0x08000e51   Thumb Code     0  rt_errno_addr_intlibspace.o(.text)
    __semihosting_library_function           0x08000e51   Thumb Code     0  indicate_semi.o(.text)
    __rt_SIGRTMEM_inner                      0x08000e59   Thumb Code    22  defsig_rtmem_inner.o(.text)
    ITM_SendChar                             0x08000ea9   Thumb Code    32  retarget_io_1.o(i.ITM_SendChar)
    SysTick_Handler                          0x08000ecd   Thumb Code    38  port.o(i.SysTick_Handler)
    SystemInit                               0x08000ef9   Thumb Code    66  system_stm32f4xx.o(i.SystemInit)
    _sys_close                               0x08000f4d   Thumb Code    32  retarget_io_1.o(i._sys_close)
    _sys_flen                                0x08000f6d   Thumb Code    32  retarget_io_1.o(i._sys_flen)
    _sys_istty                               0x08000f8d   Thumb Code    32  retarget_io_1.o(i._sys_istty)
    _sys_open                                0x08000fad   Thumb Code    78  retarget_io_1.o(i._sys_open)
    _sys_seek                                0x08001015   Thumb Code    12  retarget_io_1.o(i._sys_seek)
    _sys_write                               0x08001021   Thumb Code    50  retarget_io_1.o(i._sys_write)
    fputc                                    0x08001053   Thumb Code    26  fputc.o(i.fputc)
    main                                     0x0800106d   Thumb Code    66  main.o(i.main)
    pvPortMalloc                             0x0800132d   Thumb Code   150  heap_2.o(i.pvPortMalloc)
    pxPortInitialiseStack                    0x080013cd   Thumb Code    32  port.o(i.pxPortInitialiseStack)
    uxListRemove                             0x080013f5   Thumb Code    36  list.o(i.uxListRemove)
    vListInitialise                          0x08001419   Thumb Code    22  list.o(i.vListInitialise)
    vListInitialiseItem                      0x0800142f   Thumb Code     6  list.o(i.vListInitialiseItem)
    vListInsertEnd                           0x08001435   Thumb Code    24  list.o(i.vListInsertEnd)
    vPortEnterCritical                       0x0800144d   Thumb Code    54  port.o(i.vPortEnterCritical)
    vPortExitCritical                        0x0800148d   Thumb Code    38  port.o(i.vPortExitCritical)
    vPortFree                                0x080014b9   Thumb Code    58  heap_2.o(i.vPortFree)
    vPortSetupTimerInterrupt                 0x080014f9   Thumb Code    26  port.o(i.vPortSetupTimerInterrupt)
    vTask1                                   0x08001519   Thumb Code    42  main.o(i.vTask1)
    vTask2                                   0x08001561   Thumb Code    42  main.o(i.vTask2)
    vTaskStartScheduler                      0x080015a9   Thumb Code    86  tasks.o(i.vTaskStartScheduler)
    vTaskSuspendAll                          0x08001611   Thumb Code    10  tasks.o(i.vTaskSuspendAll)
    vTaskSwitchContext                       0x08001621   Thumb Code    86  tasks.o(i.vTaskSwitchContext)
    xPortStartScheduler                      0x08001681   Thumb Code   204  port.o(i.xPortStartScheduler)
    xTaskCreate                              0x08001761   Thumb Code    94  tasks.o(i.xTaskCreate)
    xTaskIncrementTick                       0x080017c1   Thumb Code   196  tasks.o(i.xTaskIncrementTick)
    xTaskResumeAll                           0x0800188d   Thumb Code   192  tasks.o(i.xTaskResumeAll)
    _fp_init                                 0x08001959   Thumb Code    10  fpinit.o(x$fpl$fpinit)
    __fplib_config_fpu_vfp                   0x08001961   Thumb Code     0  fpinit.o(x$fpl$fpinit)
    __fplib_config_pureend_doubles           0x08001961   Thumb Code     0  fpinit.o(x$fpl$fpinit)
    __stdin_name                             0x08001962   Data           7  retarget_io_1.o(.constdata)
    __stdout_name                            0x08001969   Data           8  retarget_io_1.o(.constdata)
    __stderr_name                            0x08001971   Data           8  retarget_io_1.o(.constdata)
    Region$$Table$$Base                      0x0800197c   Number         0  anon$$obj.o(Region$$Table)
    Region$$Table$$Limit                     0x0800199c   Number         0  anon$$obj.o(Region$$Table)
    pxCurrentTCB                             0x20000000   Data           4  tasks.o(.data)
    SystemCoreClock                          0x20000060   Data           4  system_stm32f4xx.o(.data)
    __aeabi_stdin                            0x20000064   Data           4  stdio_streams.o(.data)
    __aeabi_stdout                           0x20000068   Data           4  stdio_streams.o(.data)
    __aeabi_stderr                           0x2000006c   Data           4  stdio_streams.o(.data)
    __stdin                                  0x20012d38   Data          84  stdio_streams.o(.bss)
    __stdout                                 0x20012d8c   Data          84  stdio_streams.o(.bss)
    __stderr                                 0x20012de0   Data          84  stdio_streams.o(.bss)
    __libspace_start                         0x20012e34   Data          96  libspace.o(.bss)
    __temporary_stack_top$libspace           0x20012e94   Data           0  libspace.o(.bss)



==============================================================================

Memory Map of the image

  Image Entry point : 0x08000195

  Load Region LR_IROM1 (Base: 0x08000000, Size: 0x00001a0c, Max: 0x00080000, ABSOLUTE)

    Execution Region ER_IROM1 (Exec base: 0x08000000, Load base: 0x08000000, Size: 0x0000199c, Max: 0x00080000, ABSOLUTE)

    Exec Addr    Load Addr    Size         Type   Attr      Idx    E Section Name        Object

    0x08000000   0x08000000   0x00000194   Data   RO         2459    RESET               startup_stm32f401xe.o
    0x08000194   0x08000194   0x00000008   Code   RO         2518  * !!!main             c_w.l(__main.o)
    0x0800019c   0x0800019c   0x00000034   Code   RO         2866    !!!scatter          c_w.l(__scatter.o)
    0x080001d0   0x080001d0   0x0000001a   Code   RO         2868    !!handler_copy      c_w.l(__scatter_copy.o)
    0x080001ea   0x080001ea   0x00000002   PAD
    0x080001ec   0x080001ec   0x0000001c   Code   RO         2870    !!handler_zi        c_w.l(__scatter_zi.o)
    0x08000208   0x08000208   0x00000002   Code   RO         2662    .ARM.Collect$$libinit$$00000000  c_w.l(libinit.o)
    0x0800020a   0x0800020a   0x00000004   Code   RO         2663    .ARM.Collect$$libinit$$00000001  c_w.l(libinit2.o)
    0x0800020e   0x0800020e   0x00000008   Code   RO         2665    .ARM.Collect$$libinit$$00000003  c_w.l(libinit2.o)
    0x08000216   0x08000216   0x00000000   Code   RO         2667    .ARM.Collect$$libinit$$00000008  c_w.l(libinit2.o)
    0x08000216   0x08000216   0x00000000   Code   RO         2669    .ARM.Collect$$libinit$$0000000A  c_w.l(libinit2.o)
    0x08000216   0x08000216   0x00000000   Code   RO         2671    .ARM.Collect$$libinit$$0000000C  c_w.l(libinit2.o)
    0x08000216   0x08000216   0x00000000   Code   RO         2674    .ARM.Collect$$libinit$$0000000F  c_w.l(libinit2.o)
    0x08000216   0x08000216   0x00000000   Code   RO         2676    .ARM.Collect$$libinit$$00000011  c_w.l(libinit2.o)
    0x08000216   0x08000216   0x00000000   Code   RO         2678    .ARM.Collect$$libinit$$00000013  c_w.l(libinit2.o)
    0x08000216   0x08000216   0x00000000   Code   RO         2680    .ARM.Collect$$libinit$$00000015  c_w.l(libinit2.o)
    0x08000216   0x08000216   0x00000000   Code   RO         2682    .ARM.Collect$$libinit$$00000017  c_w.l(libinit2.o)
    0x08000216   0x08000216   0x00000000   Code   RO         2684    .ARM.Collect$$libinit$$00000019  c_w.l(libinit2.o)
    0x08000216   0x08000216   0x00000000   Code   RO         2686    .ARM.Collect$$libinit$$0000001B  c_w.l(libinit2.o)
    0x08000216   0x08000216   0x00000000   Code   RO         2688    .ARM.Collect$$libinit$$0000001D  c_w.l(libinit2.o)
    0x08000216   0x08000216   0x00000000   Code   RO         2690    .ARM.Collect$$libinit$$0000001F  c_w.l(libinit2.o)
    0x08000216   0x08000216   0x00000000   Code   RO         2692    .ARM.Collect$$libinit$$00000021  c_w.l(libinit2.o)
    0x08000216   0x08000216   0x00000004   Code   RO         2693    .ARM.Collect$$libinit$$00000022  c_w.l(libinit2.o)
    0x0800021a   0x0800021a   0x00000000   Code   RO         2694    .ARM.Collect$$libinit$$00000023  c_w.l(libinit2.o)
    0x0800021a   0x0800021a   0x00000000   Code   RO         2698    .ARM.Collect$$libinit$$0000002A  c_w.l(libinit2.o)
    0x0800021a   0x0800021a   0x00000000   Code   RO         2700    .ARM.Collect$$libinit$$0000002C  c_w.l(libinit2.o)
    0x0800021a   0x0800021a   0x00000000   Code   RO         2702    .ARM.Collect$$libinit$$0000002E  c_w.l(libinit2.o)
    0x0800021a   0x0800021a   0x00000000   Code   RO         2704    .ARM.Collect$$libinit$$00000030  c_w.l(libinit2.o)
    0x0800021a   0x0800021a   0x00000002   Code   RO         2705    .ARM.Collect$$libinit$$00000031  c_w.l(libinit2.o)
    0x0800021c   0x0800021c   0x00000002   Code   RO         2847    .ARM.Collect$$libshutdown$$00000000  c_w.l(libshutdown.o)
    0x0800021e   0x0800021e   0x00000004   Code   RO         2707    .ARM.Collect$$libshutdown$$00000002  c_w.l(libshutdown2.o)
    0x08000222   0x08000222   0x00000000   Code   RO         2708    .ARM.Collect$$libshutdown$$00000003  c_w.l(libshutdown2.o)
    0x08000222   0x08000222   0x00000000   Code   RO         2711    .ARM.Collect$$libshutdown$$00000006  c_w.l(libshutdown2.o)
    0x08000222   0x08000222   0x00000000   Code   RO         2714    .ARM.Collect$$libshutdown$$00000009  c_w.l(libshutdown2.o)
    0x08000222   0x08000222   0x00000000   Code   RO         2716    .ARM.Collect$$libshutdown$$0000000B  c_w.l(libshutdown2.o)
    0x08000222   0x08000222   0x00000000   Code   RO         2719    .ARM.Collect$$libshutdown$$0000000E  c_w.l(libshutdown2.o)
    0x08000222   0x08000222   0x00000002   Code   RO         2720    .ARM.Collect$$libshutdown$$0000000F  c_w.l(libshutdown2.o)
    0x08000224   0x08000224   0x00000000   Code   RO         2520    .ARM.Collect$$rtentry$$00000000  c_w.l(rtentry.o)
    0x08000224   0x08000224   0x00000000   Code   RO         2538    .ARM.Collect$$rtentry$$00000002  c_w.l(rtentry2.o)
    0x08000224   0x08000224   0x00000006   Code   RO         2550    .ARM.Collect$$rtentry$$00000004  c_w.l(rtentry4.o)
    0x0800022a   0x0800022a   0x00000000   Code   RO         2540    .ARM.Collect$$rtentry$$00000009  c_w.l(rtentry2.o)
    0x0800022a   0x0800022a   0x00000004   Code   RO         2541    .ARM.Collect$$rtentry$$0000000A  c_w.l(rtentry2.o)
    0x0800022e   0x0800022e   0x00000000   Code   RO         2543    .ARM.Collect$$rtentry$$0000000C  c_w.l(rtentry2.o)
    0x0800022e   0x0800022e   0x00000008   Code   RO         2544    .ARM.Collect$$rtentry$$0000000D  c_w.l(rtentry2.o)
    0x08000236   0x08000236   0x00000002   Code   RO         2726    .ARM.Collect$$rtexit$$00000000  c_w.l(rtexit.o)
    0x08000238   0x08000238   0x00000000   Code   RO         2782    .ARM.Collect$$rtexit$$00000002  c_w.l(rtexit2.o)
    0x08000238   0x08000238   0x00000004   Code   RO         2783    .ARM.Collect$$rtexit$$00000003  c_w.l(rtexit2.o)
    0x0800023c   0x0800023c   0x00000006   Code   RO         2784    .ARM.Collect$$rtexit$$00000004  c_w.l(rtexit2.o)
    0x08000242   0x08000242   0x00000002   PAD
    0x08000244   0x08000244   0x000000b6   Code   RO          734    .emb_text           port.o
    0x080002fa   0x080002fa   0x00000002   PAD
    0x080002fc   0x080002fc   0x00000000   Code   RO         2788    .emb_text           c_w.l(maybetermalloc1.o)
    0x080002fc   0x080002fc   0x00000040   Code   RO         2460    .text               startup_stm32f401xe.o
    0x0800033c   0x0800033c   0x00000018   Code   RO         2508    .text               c_w.l(noretval__2printf.o)
    0x08000354   0x08000354   0x00000010   Code   RO         2512    .text               c_w.l(aeabi_memset.o)
    0x08000364   0x08000364   0x00000080   Code   RO         2514    .text               c_w.l(strcmpv7m.o)
    0x080003e4   0x080003e4   0x00000006   Code   RO         2516    .text               c_w.l(heapauxi.o)
    0x080003ea   0x080003ea   0x00000002   PAD
    0x080003ec   0x080003ec   0x00000024   Code   RO         2525    .text               c_w.l(_printf_char_file.o)
    0x08000410   0x08000410   0x00000044   Code   RO         2535    .text               c_w.l(rt_memclr.o)
    0x08000454   0x08000454   0x00000030   Code   RO         2554    .text               c_w.l(_printf_char_common.o)
    0x08000484   0x08000484   0x00000008   Code   RO         2556    .text               c_w.l(ferror.o)
    0x0800048c   0x0800048c   0x00000138   Code   RO         2562    .text               c_w.l(initio.o)
    0x080005c4   0x080005c4   0x0000004e   Code   RO         2570    .text               c_w.l(rt_memclr_w.o)
    0x08000612   0x08000612   0x0000004a   Code   RO         2574    .text               c_w.l(sys_stackheap_outer.o)
    0x0800065c   0x0800065c   0x0000004e   Code   RO         2578    .text               c_w.l(h1_free.o)
    0x080006aa   0x080006aa   0x00000026   Code   RO         2632    .text               c_w.l(__printf_nopercent.o)
    0x080006d0   0x080006d0   0x000001de   Code   RO         2634    .text               c_w.l(flsbuf.o)
    0x080008ae   0x080008ae   0x00000046   Code   RO         2636    .text               c_w.l(setvbuf.o)
    0x080008f4   0x080008f4   0x000000ec   Code   RO         2639    .text               c_w.l(fopen.o)
    0x080009e0   0x080009e0   0x0000004c   Code   RO         2641    .text               c_w.l(fclose.o)
    0x08000a2c   0x08000a2c   0x0000000c   Code   RO         2647    .text               c_w.l(exit.o)
    0x08000a38   0x08000a38   0x0000000e   Code   RO         2653    .text               c_w.l(defsig_rtred_outer.o)
    0x08000a46   0x08000a46   0x00000002   PAD
    0x08000a48   0x08000a48   0x00000008   Code   RO         2723    .text               c_w.l(libspace.o)
    0x08000a50   0x08000a50   0x00000008   Code   RO         2733    .text               c_w.l(rt_heap_descriptor_intlibspace.o)
    0x08000a58   0x08000a58   0x00000004   Code   RO         2735    .text               c_w.l(hguard.o)
    0x08000a5c   0x08000a5c   0x0000008a   Code   RO         2737    .text               c_w.l(init_alloc.o)
    0x08000ae6   0x08000ae6   0x0000005e   Code   RO         2743    .text               c_w.l(h1_alloc.o)
    0x08000b44   0x08000b44   0x000000f8   Code   RO         2759    .text               c_w.l(fseek.o)
    0x08000c3c   0x08000c3c   0x000000f0   Code   RO         2761    .text               c_w.l(stdio.o)
    0x08000d2c   0x08000d2c   0x0000000a   Code   RO         2767    .text               c_w.l(defsig_exit.o)
    0x08000d36   0x08000d36   0x00000002   PAD
    0x08000d38   0x08000d38   0x00000034   Code   RO         2771    .text               c_w.l(defsig_rtred_inner.o)
    0x08000d6c   0x08000d6c   0x0000000c   Code   RO         2779    .text               c_w.l(sys_exit.o)
    0x08000d78   0x08000d78   0x0000000e   Code   RO         2790    .text               c_w.l(h1_init.o)
    0x08000d86   0x08000d86   0x00000034   Code   RO         2792    .text               c_w.l(h1_extend.o)
    0x08000dba   0x08000dba   0x00000046   Code   RO         2802    .text               c_w.l(ftell.o)
    0x08000e00   0x08000e00   0x00000032   Code   RO         2810    .text               c_w.l(defsig_general.o)
    0x08000e32   0x08000e32   0x0000000e   Code   RO         2812    .text               c_w.l(defsig_rtmem_outer.o)
    0x08000e40   0x08000e40   0x0000000e   Code   RO         2825    .text               c_w.l(sys_wrch.o)
    0x08000e4e   0x08000e4e   0x00000002   Code   RO         2829    .text               c_w.l(use_no_semi.o)
    0x08000e50   0x08000e50   0x00000000   Code   RO         2831    .text               c_w.l(indicate_semi.o)
    0x08000e50   0x08000e50   0x00000008   Code   RO         2835    .text               c_w.l(rt_errno_addr_intlibspace.o)
    0x08000e58   0x08000e58   0x00000050   Code   RO         2841    .text               c_w.l(defsig_rtmem_inner.o)
    0x08000ea8   0x08000ea8   0x00000024   Code   RO          844    i.ITM_SendChar      retarget_io_1.o
    0x08000ecc   0x08000ecc   0x0000002c   Code   RO          735    i.SysTick_Handler   port.o
    0x08000ef8   0x08000ef8   0x00000054   Code   RO         2468    i.SystemInit        system_stm32f4xx.o
    0x08000f4c   0x08000f4c   0x00000020   Code   RO          845    i._sys_close        retarget_io_1.o
    0x08000f6c   0x08000f6c   0x00000020   Code   RO          846    i._sys_flen         retarget_io_1.o
    0x08000f8c   0x08000f8c   0x00000020   Code   RO          847    i._sys_istty        retarget_io_1.o
    0x08000fac   0x08000fac   0x00000068   Code   RO          848    i._sys_open         retarget_io_1.o
    0x08001014   0x08001014   0x0000000c   Code   RO          850    i._sys_seek         retarget_io_1.o
    0x08001020   0x08001020   0x00000032   Code   RO          851    i._sys_write        retarget_io_1.o
    0x08001052   0x08001052   0x0000001a   Code   RO         2559    i.fputc             c_w.l(fputc.o)
    0x0800106c   0x0800106c   0x0000005c   Code   RO            4    i.main              main.o
    0x080010c8   0x080010c8   0x0000008c   Code   RO          358    i.prvAddNewTaskToReadyList  tasks.o
    0x08001154   0x08001154   0x00000054   Code   RO          359    i.prvCheckTasksWaitingTermination  tasks.o
    0x080011a8   0x080011a8   0x00000014   Code   RO          360    i.prvDeleteTCB      tasks.o
    0x080011bc   0x080011bc   0x00000028   Code   RO          696    i.prvHeapInit       heap_2.o
    0x080011e4   0x080011e4   0x00000006   Code   RO          361    i.prvIdleTask       tasks.o
    0x080011ea   0x080011ea   0x0000009a   Code   RO          362    i.prvInitialiseNewTask  tasks.o
    0x08001284   0x08001284   0x00000058   Code   RO          363    i.prvInitialiseTaskLists  tasks.o
    0x080012dc   0x080012dc   0x00000024   Code   RO          365    i.prvResetNextTaskUnblockTime  tasks.o
    0x08001300   0x08001300   0x0000002c   Code   RO          736    i.prvTaskExitError  port.o
    0x0800132c   0x0800132c   0x000000a0   Code   RO          697    i.pvPortMalloc      heap_2.o
    0x080013cc   0x080013cc   0x00000024   Code   RO          737    i.pxPortInitialiseStack  port.o
    0x080013f0   0x080013f0   0x00000004   Code   RO          852    i.stdout_putchar    retarget_io_1.o
    0x080013f4   0x080013f4   0x00000024   Code   RO          104    i.uxListRemove      list.o
    0x08001418   0x08001418   0x00000016   Code   RO          105    i.vListInitialise   list.o
    0x0800142e   0x0800142e   0x00000006   Code   RO          106    i.vListInitialiseItem  list.o
    0x08001434   0x08001434   0x00000018   Code   RO          108    i.vListInsertEnd    list.o
    0x0800144c   0x0800144c   0x00000040   Code   RO          739    i.vPortEnterCritical  port.o
    0x0800148c   0x0800148c   0x0000002c   Code   RO          740    i.vPortExitCritical  port.o
    0x080014b8   0x080014b8   0x00000040   Code   RO          698    i.vPortFree         heap_2.o
    0x080014f8   0x080014f8   0x00000020   Code   RO          741    i.vPortSetupTimerInterrupt  port.o
    0x08001518   0x08001518   0x00000048   Code   RO            5    i.vTask1            main.o
    0x08001560   0x08001560   0x00000048   Code   RO            6    i.vTask2            main.o
    0x080015a8   0x080015a8   0x00000068   Code   RO          390    i.vTaskStartScheduler  tasks.o
    0x08001610   0x08001610   0x00000010   Code   RO          392    i.vTaskSuspendAll   tasks.o
    0x08001620   0x08001620   0x00000060   Code   RO          393    i.vTaskSwitchContext  tasks.o
    0x08001680   0x08001680   0x000000e0   Code   RO          743    i.xPortStartScheduler  port.o
    0x08001760   0x08001760   0x0000005e   Code   RO          395    i.xTaskCreate       tasks.o
    0x080017be   0x080017be   0x00000002   PAD
    0x080017c0   0x080017c0   0x000000cc   Code   RO          402    i.xTaskIncrementTick  tasks.o
    0x0800188c   0x0800188c   0x000000cc   Code   RO          408    i.xTaskResumeAll    tasks.o
    0x08001958   0x08001958   0x0000000a   Code   RO         2777    x$fpl$fpinit        fz_wm.l(fpinit.o)
    0x08001962   0x08001962   0x00000007   Data   RO          853    .constdata          retarget_io_1.o
    0x08001969   0x08001969   0x00000008   Data   RO          854    .constdata          retarget_io_1.o
    0x08001971   0x08001971   0x00000008   Data   RO          855    .constdata          retarget_io_1.o
    0x08001979   0x08001979   0x00000003   PAD
    0x0800197c   0x0800197c   0x00000020   Data   RO         2864    Region$$Table       anon$$obj.o


    Execution Region RW_IRAM1 (Exec base: 0x20000000, Load base: 0x0800199c, Size: 0x00013498, Max: 0x00018000, ABSOLUTE)

    Exec Addr    Load Addr    Size         Type   Attr      Idx    E Section Name        Object

    0x20000000   0x0800199c   0x0000003c   Data   RW          411    .data               tasks.o
    0x2000003c   0x080019d8   0x00000018   Data   RW          702    .data               heap_2.o
    0x20000054   0x080019f0   0x0000000c   Data   RW          744    .data               port.o
    0x20000060   0x080019fc   0x00000004   Data   RW         2471    .data               system_stm32f4xx.o
    0x20000064   0x08001a00   0x00000004   Data   RW         2530    .data               c_w.l(stdio_streams.o)
    0x20000068   0x08001a04   0x00000004   Data   RW         2531    .data               c_w.l(stdio_streams.o)
    0x2000006c   0x08001a08   0x00000004   Data   RW         2532    .data               c_w.l(stdio_streams.o)
    0x20000070        -       0x000000c8   Zero   RW          410    .bss                tasks.o
    0x20000138        -       0x00012c00   Zero   RW          701    .bss                heap_2.o
    0x20012d38        -       0x00000054   Zero   RW         2527    .bss                c_w.l(stdio_streams.o)
    0x20012d8c        -       0x00000054   Zero   RW         2528    .bss                c_w.l(stdio_streams.o)
    0x20012de0        -       0x00000054   Zero   RW         2529    .bss                c_w.l(stdio_streams.o)
    0x20012e34        -       0x00000060   Zero   RW         2724    .bss                c_w.l(libspace.o)
    0x20012e94   0x08001a0c   0x00000004   PAD
    0x20012e98        -       0x00000200   Zero   RW         2458    HEAP                startup_stm32f401xe.o
    0x20013098        -       0x00000400   Zero   RW         2457    STACK               startup_stm32f401xe.o


==============================================================================

Image component sizes


      Code (inc. data)   RO Data    RW Data    ZI Data      Debug   Object Name

       264         28          0         24      76800       3843   heap_2.o
        88          0          0          0          0       4024   list.o
       236         86          0          0          0      13201   main.o
       670         72          0         12          0      10996   port.o
         0          0          0          0          0       8048   queue.o
       302         30         23          0          0       6690   retarget_io_1.o
        64         26        404          0       1536        892   startup_stm32f401xe.o
        84         18          0          4          0       1475   system_stm32f4xx.o
      1246         94          0         60        200      13776   tasks.o

    ----------------------------------------------------------------------
      2958        354        462        100      78536      62945   Object Totals
         0          0         32          0          0          0   (incl. Generated)
         4          0          3          0          0          0   (incl. Padding)

    ----------------------------------------------------------------------

      Code (inc. data)   RO Data    RW Data    ZI Data      Debug   Library Member Name

         8          0          0          0          0         68   __main.o
        38          0          0          0          0         84   __printf_nopercent.o
        52          8          0          0          0          0   __scatter.o
        26          0          0          0          0          0   __scatter_copy.o
        28          0          0          0          0          0   __scatter_zi.o
        48          6          0          0          0         96   _printf_char_common.o
        36          4          0          0          0         80   _printf_char_file.o
        16          0          0          0          0         68   aeabi_memset.o
        10          0          0          0          0         68   defsig_exit.o
        50          0          0          0          0         88   defsig_general.o
        80         58          0          0          0         76   defsig_rtmem_inner.o
        14          0          0          0          0         80   defsig_rtmem_outer.o
        52         38          0          0          0         76   defsig_rtred_inner.o
        14          0          0          0          0         80   defsig_rtred_outer.o
        12          0          0          0          0         72   exit.o
        76          0          0          0          0         88   fclose.o
         8          0          0          0          0         68   ferror.o
       478          0          0          0          0         88   flsbuf.o
       236          4          0          0          0        128   fopen.o
        26          0          0          0          0         68   fputc.o
       248          6          0          0          0         84   fseek.o
        70          0          0          0          0         76   ftell.o
        94          0          0          0          0         80   h1_alloc.o
        52          0          0          0          0         68   h1_extend.o
        78          0          0          0          0         80   h1_free.o
        14          0          0          0          0         84   h1_init.o
         6          0          0          0          0        152   heapauxi.o
         4          0          0          0          0        136   hguard.o
         0          0          0          0          0          0   indicate_semi.o
       138          0          0          0          0        168   init_alloc.o
       312         46          0          0          0        112   initio.o
         2          0          0          0          0          0   libinit.o
        18          0          0          0          0          0   libinit2.o
         2          0          0          0          0          0   libshutdown.o
         6          0          0          0          0          0   libshutdown2.o
         8          4          0          0         96         68   libspace.o
         0          0          0          0          0          0   maybetermalloc1.o
        24          4          0          0          0         84   noretval__2printf.o
         8          4          0          0          0         68   rt_errno_addr_intlibspace.o
         8          4          0          0          0         68   rt_heap_descriptor_intlibspace.o
        68          0          0          0          0         68   rt_memclr.o
        78          0          0          0          0         80   rt_memclr_w.o
         0          0          0          0          0          0   rtentry.o
        12          0          0          0          0          0   rtentry2.o
         6          0          0          0          0          0   rtentry4.o
         2          0          0          0          0          0   rtexit.o
        10          0          0          0          0          0   rtexit2.o
        70          0          0          0          0         80   setvbuf.o
       240          6          0          0          0        156   stdio.o
         0          0          0         12        252          0   stdio_streams.o
       128          0          0          0          0         68   strcmpv7m.o
        12          4          0          0          0         68   sys_exit.o
        74          0          0          0          0         80   sys_stackheap_outer.o
        14          0          0          0          0         76   sys_wrch.o
         2          0          0          0          0         68   use_no_semi.o
        10          0          0          0          0        116   fpinit.o

    ----------------------------------------------------------------------
      3136        196          0         12        352       3564   Library Totals
        10          0          0          0          4          0   (incl. Padding)

    ----------------------------------------------------------------------

      Code (inc. data)   RO Data    RW Data    ZI Data      Debug   Library Name

      3116        196          0         12        348       3448   c_w.l
        10          0          0          0          0        116   fz_wm.l

    ----------------------------------------------------------------------
      3136        196          0         12        352       3564   Library Totals

    ----------------------------------------------------------------------

==============================================================================


      Code (inc. data)   RO Data    RW Data    ZI Data      Debug   

      6094        550        462        112      78888      60781   Grand Totals
      6094        550        462        112      78888      60781   ELF Image Totals
      6094        550        462        112          0          0   ROM Totals

==============================================================================

    Total RO  Size (Code + RO Data)                 6556 (   6.40kB)
    Total RW  Size (RW Data + ZI Data)             79000 (  77.15kB)
    Total ROM Size (Code + RO Data + RW Data)       6668 (   6.51kB)

==============================================================================

