ARM Linker, 5.03 [Build 69] [MDK-ARM Lite]

==============================================================================

Section Cross References

    main.o(i.main) refers to tasks.o(i.xTaskCreate) for xTaskCreate
    main.o(i.main) refers to tasks.o(i.vTaskStartScheduler) for vTaskStartScheduler
    main.o(i.main) refers to main.o(i.vTask1) for vTask1
    main.o(i.main) refers to main.o(i.vTask2) for vTask2
    main.o(i.vTask1) refers to noretval__2printf.o(.text) for __2printf
    main.o(i.vTask2) refers to noretval__2printf.o(.text) for __2printf
    queue.o(i.pcQueueGetName) refers to queue.o(.bss) for xQueueRegistry
    queue.o(i.prvCopyDataFromQueue) refers to rt_memcpy_v6.o(.text) for __aeabi_memcpy
    queue.o(i.prvCopyDataToQueue) refers to tasks.o(i.xTaskPriorityDisinherit) for xTaskPriorityDisinherit
    queue.o(i.prvCopyDataToQueue) refers to rt_memcpy_v6.o(.text) for __aeabi_memcpy
    queue.o(i.prvInitialiseMutex) refers to queue.o(i.xQueueGenericSend) for xQueueGenericSend
    queue.o(i.prvInitialiseNewQueue) refers to queue.o(i.xQueueGenericReset) for xQueueGenericReset
    queue.o(i.prvIsQueueEmpty) refers to port.o(i.vPortEnterCritical) for vPortEnterCritical
    queue.o(i.prvIsQueueEmpty) refers to port.o(i.vPortExitCritical) for vPortExitCritical
    queue.o(i.prvIsQueueFull) refers to port.o(i.vPortEnterCritical) for vPortEnterCritical
    queue.o(i.prvIsQueueFull) refers to port.o(i.vPortExitCritical) for vPortExitCritical
    queue.o(i.prvUnlockQueue) refers to port.o(i.vPortEnterCritical) for vPortEnterCritical
    queue.o(i.prvUnlockQueue) refers to tasks.o(i.xTaskRemoveFromEventList) for xTaskRemoveFromEventList
    queue.o(i.prvUnlockQueue) refers to tasks.o(i.vTaskMissedYield) for vTaskMissedYield
    queue.o(i.prvUnlockQueue) refers to port.o(i.vPortExitCritical) for vPortExitCritical
    queue.o(i.uxQueueMessagesWaiting) refers to port.o(i.vPortEnterCritical) for vPortEnterCritical
    queue.o(i.uxQueueMessagesWaiting) refers to port.o(i.vPortExitCritical) for vPortExitCritical
    queue.o(i.uxQueueSpacesAvailable) refers to port.o(i.vPortEnterCritical) for vPortEnterCritical
    queue.o(i.uxQueueSpacesAvailable) refers to port.o(i.vPortExitCritical) for vPortExitCritical
    queue.o(i.vQueueAddToRegistry) refers to queue.o(.bss) for xQueueRegistry
    queue.o(i.vQueueDelete) refers to queue.o(i.vQueueUnregisterQueue) for vQueueUnregisterQueue
    queue.o(i.vQueueDelete) refers to heap_2.o(i.vPortFree) for vPortFree
    queue.o(i.vQueueUnregisterQueue) refers to queue.o(.bss) for xQueueRegistry
    queue.o(i.xQueueCreateCountingSemaphore) refers to queue.o(i.xQueueGenericCreate) for xQueueGenericCreate
    queue.o(i.xQueueCreateMutex) refers to queue.o(i.xQueueGenericCreate) for xQueueGenericCreate
    queue.o(i.xQueueCreateMutex) refers to queue.o(i.prvInitialiseMutex) for prvInitialiseMutex
    queue.o(i.xQueueGenericCreate) refers to heap_2.o(i.pvPortMalloc) for pvPortMalloc
    queue.o(i.xQueueGenericCreate) refers to queue.o(i.prvInitialiseNewQueue) for prvInitialiseNewQueue
    queue.o(i.xQueueGenericReceive) refers to tasks.o(i.xTaskGetSchedulerState) for xTaskGetSchedulerState
    queue.o(i.xQueueGenericReceive) refers to port.o(i.vPortEnterCritical) for vPortEnterCritical
    queue.o(i.xQueueGenericReceive) refers to queue.o(i.prvCopyDataFromQueue) for prvCopyDataFromQueue
    queue.o(i.xQueueGenericReceive) refers to tasks.o(i.pvTaskIncrementMutexHeldCount) for pvTaskIncrementMutexHeldCount
    queue.o(i.xQueueGenericReceive) refers to tasks.o(i.xTaskRemoveFromEventList) for xTaskRemoveFromEventList
    queue.o(i.xQueueGenericReceive) refers to port.o(i.vPortExitCritical) for vPortExitCritical
    queue.o(i.xQueueGenericReceive) refers to tasks.o(i.vTaskSetTimeOutState) for vTaskSetTimeOutState
    queue.o(i.xQueueGenericReceive) refers to tasks.o(i.vTaskSuspendAll) for vTaskSuspendAll
    queue.o(i.xQueueGenericReceive) refers to tasks.o(i.xTaskCheckForTimeOut) for xTaskCheckForTimeOut
    queue.o(i.xQueueGenericReceive) refers to queue.o(i.prvIsQueueEmpty) for prvIsQueueEmpty
    queue.o(i.xQueueGenericReceive) refers to tasks.o(i.vTaskPriorityInherit) for vTaskPriorityInherit
    queue.o(i.xQueueGenericReceive) refers to tasks.o(i.vTaskPlaceOnEventList) for vTaskPlaceOnEventList
    queue.o(i.xQueueGenericReceive) refers to queue.o(i.prvUnlockQueue) for prvUnlockQueue
    queue.o(i.xQueueGenericReceive) refers to tasks.o(i.xTaskResumeAll) for xTaskResumeAll
    queue.o(i.xQueueGenericReset) refers to port.o(i.vPortEnterCritical) for vPortEnterCritical
    queue.o(i.xQueueGenericReset) refers to tasks.o(i.xTaskRemoveFromEventList) for xTaskRemoveFromEventList
    queue.o(i.xQueueGenericReset) refers to list.o(i.vListInitialise) for vListInitialise
    queue.o(i.xQueueGenericReset) refers to port.o(i.vPortExitCritical) for vPortExitCritical
    queue.o(i.xQueueGenericSend) refers to tasks.o(i.xTaskGetSchedulerState) for xTaskGetSchedulerState
[...]
    maybetermalloc2.o(.emb_text) refers (Special) to term_alloc.o(.text) for _terminate_alloc
    h1_extend.o(.text) refers to h1_free.o(.text) for free
    h1_init_mt.o(.text) refers to mutex_dummy.o(.text) for _mutex_initialize
    h1_extend_mt.o(.text) refers to h1_free_mt.o(.text) for _free_internal
    fflush.o(.text) refers to stdio.o(.text) for _fflush
    fflush.o(.text) refers to fseek.o(.text) for _fseek
    fflush.o(.text) refers to stdio_streams.o(.bss) for __stdin
    fputs.o(.text) refers to fputc.o(i.fputc) for fputc
    ftell.o(.text) refers to rt_errno_addr_intlibspace.o(.text) for __aeabi_errno_addr
    fflush_locked.o(.text) refers to stdio.o(.text) for _fflush
    fflush_locked.o(.text) refers to fseek.o(.text) for _fseek
    fflush_locked.o(.text) refers to fflush.o(.text) for _do_fflush
    fflush_locked.o(.text) refers to streamlock.o(.data) for _stream_list_lock
    fflush_locked.o(.text) refers to stdio_streams.o(.bss) for __stdin
    __raise.o(.text) refers to defsig.o(CL$$defsig) for __default_signal_handler
    defsig_general.o(.text) refers to sys_wrch.o(.text) for _ttywrch
    defsig_rtmem_outer.o(.text) refers to defsig_rtmem_inner.o(.text) for __rt_SIGRTMEM_inner
    defsig_rtmem_outer.o(.text) refers to defsig_exit.o(.text) for __sig_exit
    defsig_rtmem_formal.o(.text) refers to rt_raise.o(.text) for __rt_raise
    heapauxa.o(.text) refers to heapauxa.o(.data) for .data
    _get_argv.o(.text) refers (Special) to hrguard.o(.text) for __heap_region$guard
    _get_argv.o(.text) refers to h1_alloc.o(.text) for malloc
    _get_argv.o(.text) refers to defsig_rtmem_outer.o(.text) for __rt_SIGRTMEM
    _get_argv.o(.text) refers to sys_command.o(.text) for _sys_command_string
    _get_argv_nomalloc.o(.text) refers (Special) to hrguard.o(.text) for __heap_region$guard
    _get_argv_nomalloc.o(.text) refers to defsig_rtmem_outer.o(.text) for __rt_SIGRTMEM
    _get_argv_nomalloc.o(.text) refers to sys_command.o(.text) for _sys_command_string
    sys_wrch.o(.text) refers (Special) to use_no_semi.o(.text) for __I$use$semihosting
    sys_wrch.o(.text) refers (Special) to indicate_semi.o(.text) for __semihosting_library_function
    sys_command.o(.text) refers (Special) to use_no_semi.o(.text) for __I$use$semihosting
    sys_command.o(.text) refers (Special) to indicate_semi.o(.text) for __semihosting_library_function
    rt_errno_addr.o(.text) refers to rt_errno_addr.o(.bss) for __aeabi_errno_addr_data
    rt_errno_addr_intlibspace.o(.text) refers to libspace.o(.bss) for __libspace_start
    term_alloc.o(.text) refers (Special) to libshutdown2.o(.ARM.Collect$$libshutdown$$0000000D) for __rt_lib_shutdown_heap_2
    term_alloc.o(.text) refers to rt_heap_descriptor_intlibspace.o(.text) for __rt_heap_descriptor
    term_alloc.o(.text) refers to h1_final.o(.text) for __Heap_Finalize
    defsig_rtmem_inner.o(.text) refers to defsig_general.o(.text) for __default_signal_display
    defsig.o(CL$$defsig) refers to defsig_rtred_inner.o(.text) for __rt_SIGRTRED_inner
    defsig.o(CL$$defsig) refers to defsig_rtmem_inner.o(.text) for __rt_SIGRTMEM_inner
    libshutdown.o(.ARM.Collect$$libshutdown$$00000000) refers (Special) to libshutdown2.o(.ARM.Collect$$libshutdown$$00000006) for __rt_lib_shutdown_fp_trap_1
    libshutdown.o(.ARM.Collect$$libshutdown$$00000000) refers (Special) to libshutdown2.o(.ARM.Collect$$libshutdown$$0000000E) for __rt_lib_shutdown_heap_1
    libshutdown.o(.ARM.Collect$$libshutdown$$00000000) refers (Special) to libshutdown2.o(.ARM.Collect$$libshutdown$$0000000F) for __rt_lib_shutdown_return
    libshutdown.o(.ARM.Collect$$libshutdown$$00000000) refers (Special) to libshutdown2.o(.ARM.Collect$$libshutdown$$00000009) for __rt_lib_shutdown_signal_1
    libshutdown.o(.ARM.Collect$$libshutdown$$00000000) refers (Special) to libshutdown2.o(.ARM.Collect$$libshutdown$$00000003) for __rt_lib_shutdown_stdio_1
    libshutdown.o(.ARM.Collect$$libshutdown$$00000000) refers (Special) to libshutdown2.o(.ARM.Collect$$libshutdown$$0000000B) for __rt_lib_shutdown_user_alloc_1
    defsig_abrt_inner.o(.text) refers to defsig_general.o(.text) for __default_signal_display
    defsig_fpe_inner.o(.text) refers to defsig_general.o(.text) for __default_signal_display
    defsig_stak_inner.o(.text) refers to defsig_general.o(.text) for __default_signal_display
    defsig_pvfn_inner.o(.text) refers to defsig_general.o(.text) for __default_signal_display
    defsig_cppl_inner.o(.text) refers to defsig_general.o(.text) for __default_signal_display
    defsig_segv_inner.o(.text) refers to defsig_general.o(.text) for __default_signal_display
    defsig_other.o(.text) refers to defsig_general.o(.text) for __default_signal_display


==============================================================================

Removing Unused input sections from the image.

    Removing main.o(.rev16_text), (4 bytes).
    Removing main.o(.revsh_text), (4 bytes).
    Removing main.o(.rrx_text), (6 bytes).
    Removing queue.o(i.pcQueueGetName), (44 bytes).
    Removing queue.o(i.prvCopyDataFromQueue), (42 bytes).
    Removing queue.o(i.prvCopyDataToQueue), (124 bytes).
    Removing queue.o(i.prvInitialiseMutex), (28 bytes).
    Removing queue.o(i.prvInitialiseNewQueue), (42 bytes).
    Removing queue.o(i.prvIsQueueEmpty), (26 bytes).
    Removing queue.o(i.prvIsQueueFull), (30 bytes).
    Removing queue.o(i.prvUnlockQueue), (126 bytes).
    Removing queue.o(i.ucQueueGetQueueType), (8 bytes).
    Removing queue.o(i.uxQueueGetQueueNumber), (6 bytes).
    Removing queue.o(i.uxQueueMessagesWaiting), (42 bytes).
    Removing queue.o(i.uxQueueMessagesWaitingFromISR), (30 bytes).
    Removing queue.o(i.uxQueueSpacesAvailable), (48 bytes).
    Removing queue.o(i.vQueueAddToRegistry), (44 bytes).
    Removing queue.o(i.vQueueDelete), (44 bytes).
    Removing queue.o(i.vQueueSetQueueNumber), (4 bytes).
    Removing queue.o(i.vQueueUnregisterQueue), (48 bytes).
    Removing queue.o(i.xQueueCreateCountingSemaphore), (92 bytes).
    Removing queue.o(i.xQueueCreateMutex), (34 bytes).
    Removing queue.o(i.xQueueGenericCreate), (88 bytes).
    Removing queue.o(i.xQueueGenericReceive), (448 bytes).
    Removing queue.o(i.xQueueGenericReset), (152 bytes).
    Removing queue.o(i.xQueueGenericSend), (420 bytes).
    Removing queue.o(i.xQueueGenericSendFromISR), (248 bytes).
    Removing queue.o(i.xQueueGiveFromISR), (224 bytes).
    Removing queue.o(i.xQueueGiveMutexRecursive), (72 bytes).
    Removing queue.o(i.xQueueIsQueueEmptyFromISR), (38 bytes).
    Removing queue.o(i.xQueueIsQueueFullFromISR), (42 bytes).
    Removing queue.o(i.xQueuePeekFromISR), (176 bytes).
    Removing queue.o(i.xQueueReceiveFromISR), (202 bytes).
    Removing queue.o(i.xQueueTakeMutexRecursive), (82 bytes).
    Removing queue.o(.bss), (64 bytes).
    Removing tasks.o(i.eTaskGetState), (132 bytes).
    Removing tasks.o(i.pcTaskGetName), (48 bytes).
    Removing tasks.o(i.prvAddCurrentTaskToDelayedList), (152 bytes).
    Removing tasks.o(i.prvListTasksWithinSingleList), (106 bytes).
    Removing tasks.o(i.prvTaskCheckFreeStackSpace), (22 bytes).
    Removing tasks.o(i.prvTaskIsTaskSuspended), (88 bytes).
    Removing tasks.o(i.pvTaskIncrementMutexHeldCount), (32 bytes).
    Removing tasks.o(i.ulTaskNotifyTake), (116 bytes).
    Removing tasks.o(i.uxTaskGetNumberOfTasks), (12 bytes).
    Removing tasks.o(i.uxTaskGetSystemState), (176 bytes).
    Removing tasks.o(i.uxTaskGetTaskNumber), (14 bytes).
    Removing tasks.o(i.uxTaskPriorityGet), (36 bytes).
    Removing tasks.o(i.uxTaskPriorityGetFromISR), (68 bytes).
    Removing tasks.o(i.uxTaskResetEventItemValue), (28 bytes).
    Removing tasks.o(i.vTaskDelay), (92 bytes).
    Removing tasks.o(i.vTaskDelayUntil), (212 bytes).
    Removing tasks.o(i.vTaskDelete), (244 bytes).
    Removing tasks.o(i.vTaskEndScheduler), (36 bytes).
    Removing tasks.o(i.vTaskGetInfo), (120 bytes).
    Removing tasks.o(i.vTaskMissedYield), (12 bytes).
    Removing tasks.o(i.vTaskNotifyGiveFromISR), (240 bytes).
    Removing tasks.o(i.vTaskPlaceOnEventList), (56 bytes).
    Removing tasks.o(i.vTaskPlaceOnUnorderedEventList), (108 bytes).
    Removing tasks.o(i.vTaskPriorityInherit), (176 bytes).
    Removing tasks.o(i.vTaskPrioritySet), (276 bytes).
    Removing tasks.o(i.vTaskResume), (144 bytes).
    Removing tasks.o(i.vTaskSetTaskNumber), (8 bytes).
    Removing tasks.o(i.vTaskSetTimeOutState), (48 bytes).
    Removing tasks.o(i.vTaskSuspend), (228 bytes).
    Removing tasks.o(i.xTaskCheckForTimeOut), (140 bytes).
    Removing tasks.o(i.xTaskGenericNotify), (260 bytes).
    Removing tasks.o(i.xTaskGenericNotifyFromISR), (324 bytes).
    Removing tasks.o(i.xTaskGetCurrentTaskHandle), (12 bytes).
    Removing tasks.o(i.xTaskGetSchedulerState), (32 bytes).
    Removing tasks.o(i.xTaskGetTickCount), (12 bytes).
    Removing tasks.o(i.xTaskGetTickCountFromISR), (20 bytes).
    Removing tasks.o(i.xTaskNotifyStateClear), (52 bytes).
    Removing tasks.o(i.xTaskNotifyWait), (160 bytes).
    Removing tasks.o(i.xTaskPriorityDisinherit), (200 bytes).
    Removing tasks.o(i.xTaskRemoveFromEventList), (152 bytes).
    Removing tasks.o(i.xTaskRemoveFromUnorderedEventList), (176 bytes).
    Removing tasks.o(i.xTaskResumeFromISR), (180 bytes).
    Removing list.o(i.vListInsert), (52 bytes).
    Removing event_groups.o(i.prvTestWaitCondition), (28 bytes).
    Removing event_groups.o(i.uxEventGroupGetNumber), (14 bytes).
    Removing event_groups.o(i.vEventGroupClearBitsCallback), (16 bytes).
    Removing event_groups.o(i.vEventGroupDelete), (82 bytes).
    Removing event_groups.o(i.vEventGroupSetBitsCallback), (16 bytes).
    Removing event_groups.o(i.xEventGroupClearBits), (92 bytes).
    Removing event_groups.o(i.xEventGroupCreate), (26 bytes).
    Removing event_groups.o(i.xEventGroupGetBitsFromISR), (44 bytes).
    Removing event_groups.o(i.xEventGroupSetBits), (206 bytes).
    Removing event_groups.o(i.xEventGroupSync), (268 bytes).
    Removing event_groups.o(i.xEventGroupWaitBits), (340 bytes).
    Removing port.o(i.vPortEndScheduler), (48 bytes).
    Removing port.o(i.vPortValidateInterruptPriority), (120 bytes).
    Removing heap_2.o(i.vPortInitialiseBlocks), (2 bytes).
    Removing heap_2.o(i.xPortGetFreeHeapSize), (12 bytes).
    Removing retarget_io.o(i._sys_read), (76 bytes).
    Removing stdin_itm.o(.rev16_text), (4 bytes).
    Removing stdin_itm.o(.revsh_text), (4 bytes).
    Removing stdin_itm.o(.rrx_text), (6 bytes).
    Removing stdin_itm.o(i.stdin_getchar), (48 bytes).
    Removing stdin_itm.o(.data), (4 bytes).
    Removing stdout_itm.o(.rev16_text), (4 bytes).
    Removing stdout_itm.o(.revsh_text), (4 bytes).
    Removing stdout_itm.o(.rrx_text), (6 bytes).
    Removing system_stm32f10x.o(.rev16_text), (4 bytes).
    Removing system_stm32f10x.o(.revsh_text), (4 bytes).
    Removing system_stm32f10x.o(.rrx_text), (6 bytes).
    Removing system_stm32f10x.o(i.SystemCoreClockUpdate), (164 bytes).

106 unused section(s) (total 9582 bytes) removed from the image.

==============================================================================

Image Symbol Table

    Local Symbols

    Symbol Name                              Value     Ov Type        Size  Object(Section)

    ../clib/angel/boardlib.s                 0x00000000   Number         0  boardinit2.o ABSOLUTE
    ../clib/angel/boardlib.s                 0x00000000   Number         0  boardinit3.o ABSOLUTE
    ../clib/angel/boardlib.s                 0x00000000   Number         0  boardshut.o ABSOLUTE
    ../clib/angel/boardlib.s                 0x00000000   Number         0  boardinit1.o ABSOLUTE
    ../clib/angel/handlers.s                 0x00000000   Number         0  __scatter_zi.o ABSOLUTE
    ../clib/angel/handlers.s                 0x00000000   Number         0  __scatter_copy.o ABSOLUTE
    ../clib/angel/kernel.s                   0x00000000   Number         0  rtexit.o ABSOLUTE
    ../clib/angel/kernel.s                   0x00000000   Number         0  rtentry.o ABSOLUTE
    ../clib/angel/kernel.s                   0x00000000   Number         0  rtexit2.o ABSOLUTE
    ../clib/angel/kernel.s                   0x00000000   Number         0  rtentry4.o ABSOLUTE
    ../clib/angel/kernel.s                   0x00000000   Number         0  rtentry2.o ABSOLUTE
    ../clib/angel/rt.s                       0x00000000   Number         0  rt_errno_addr.o ABSOLUTE
    ../clib/angel/rt.s                       0x00000000   Number         0  rt_errno_addr_intlibspace.o ABSOLUTE
    ../clib/angel/rt.s                       0x00000000   Number         0  rt_heap_descriptor_intlibspace.o ABSOLUTE
    ../clib/angel/rt.s                       0x00000000   Number         0  rt_heap_descriptor.o ABSOLUTE
    ../clib/angel/rt.s                       0x00000000   Number         0  rt_raise.o ABSOLUTE
    ../clib/angel/scatter.s                  0x00000000   Number         0  __scatter.o ABSOLUTE
    ../clib/angel/startup.s                  0x00000000   Number         0  __main.o ABSOLUTE
    ../clib/angel/sys.s                      0x00000000   Number         0  sys_stackheap_outer.o ABSOLUTE
    ../clib/angel/sys.s                      0x00000000   Number         0  libspace.o ABSOLUTE
    ../clib/angel/sys.s                      0x00000000   Number         0  use_no_semi.o ABSOLUTE
    ../clib/angel/sys.s                      0x00000000   Number         0  indicate_semi.o ABSOLUTE
    ../clib/angel/sys.s                      0x00000000   Number         0  mutex_dummy.o ABSOLUTE
    ../clib/angel/sysapp.c                   0x00000000   Number         0  sys_command.o ABSOLUTE
    ../clib/angel/sysapp.c                   0x00000000   Number         0  sys_wrch.o ABSOLUTE
    ../clib/angel/sysapp.c                   0x00000000   Number         0  sys_exit.o ABSOLUTE
    ../clib/armsys.c                         0x00000000   Number         0  argv_veneer.o ABSOLUTE
    ../clib/armsys.c                         0x00000000   Number         0  no_argv.o ABSOLUTE
    ../clib/armsys.c                         0x00000000   Number         0  argv_veneer.o ABSOLUTE
    ../clib/armsys.c                         0x00000000   Number         0  _get_argv_nomalloc.o ABSOLUTE
    ../clib/armsys.c                         0x00000000   Number         0  _get_argv.o ABSOLUTE
    ../clib/assert.c                         0x00000000   Number         0  assert_stdio.o ABSOLUTE
    ../clib/heap1.c                          0x00000000   Number         0  h1_free_mt.o ABSOLUTE
    ../clib/heap1.c                          0x00000000   Number         0  h1_free.o ABSOLUTE
    ../clib/heap1.c                          0x00000000   Number         0  h1_extend.o ABSOLUTE
    ../clib/heap1.c                          0x00000000   Number         0  h1_init_mt.o ABSOLUTE
    ../clib/heap1.c                          0x00000000   Number         0  h1_extend_mt.o ABSOLUTE
    ../clib/heap1.c                          0x00000000   Number         0  h1_final.o ABSOLUTE
    ../clib/heap1.c                          0x00000000   Number         0  h1_final_mt.o ABSOLUTE
    ../clib/heap1.c                          0x00000000   Number         0  h1_alloc_mt.o ABSOLUTE
    ../clib/heap1.c                          0x00000000   Number         0  h1_alloc.o ABSOLUTE
    ../clib/heap1.c                          0x00000000   Number         0  h1_init.o ABSOLUTE
    ../clib/heap2.c                          0x00000000   Number         0  heap2mt.o ABSOLUTE
    ../clib/heap2.c                          0x00000000   Number         0  heap2.o ABSOLUTE
    ../clib/heap2.c                          0x00000000   Number         0  fdtree.o ABSOLUTE
    ../clib/heapalloc.c                      0x00000000   Number         0  maybetermalloc1.o ABSOLUTE
    ../clib/heapalloc.c                      0x00000000   Number         0  hrguard.o ABSOLUTE
    ../clib/heapalloc.c                      0x00000000   Number         0  maybetermalloc2.o ABSOLUTE
    ../clib/heapalloc.c                      0x00000000   Number         0  term_alloc.o ABSOLUTE
    ../clib/heapalloc.c                      0x00000000   Number         0  free.o ABSOLUTE
    ../clib/heapalloc.c                      0x00000000   Number         0  hguard.o ABSOLUTE
    ../clib/heapalloc.c                      0x00000000   Number         0  init_alloc.o ABSOLUTE
    ../clib/heapalloc.c                      0x00000000   Number         0  malloc.o ABSOLUTE
    ../clib/heapalloc.c                      0x00000000   Number         0  heapstubs.o ABSOLUTE
    ../clib/heapalloc.c                      0x00000000   Number         0  maybetermalloc1.o ABSOLUTE
    ../clib/heapalloc.c                      0x00000000   Number         0  maybetermalloc2.o ABSOLUTE
    ../clib/heapaux.c                        0x00000000   Number         0  heapauxa.o ABSOLUTE
    ../clib/heapaux.c                        0x00000000   Number         0  heapauxi.o ABSOLUTE
    ../clib/libinit.s                        0x00000000   Number         0  libinit.o ABSOLUTE
    ../clib/libinit.s                        0x00000000   Number         0  libinit2.o ABSOLUTE
    ../clib/libinit.s                        0x00000000   Number         0  libshutdown.o ABSOLUTE
    ../clib/libinit.s                        0x00000000   Number         0  libshutdown2.o ABSOLUTE
    ../clib/memcpset.s                       0x00000000   Number         0  rt_memcpy_v6.o ABSOLUTE
    ../clib/memcpset.s                       0x00000000   Number         0  rt_memcpy_w.o ABSOLUTE
    ../clib/memcpset.s                       0x00000000   Number         0  aeabi_memset.o ABSOLUTE
    ../clib/memcpset.s                       0x00000000   Number         0  strcmpv7m.o ABSOLUTE
    ../clib/memcpset.s                       0x00000000   Number         0  rt_memclr_w.o ABSOLUTE
    ../clib/memcpset.s                       0x00000000   Number         0  rt_memclr.o ABSOLUTE
    ../clib/printf.c                         0x00000000   Number         0  _printf_char_common.o ABSOLUTE
    ../clib/printf.c                         0x00000000   Number         0  __printf_nopercent.o ABSOLUTE
    ../clib/printf.c                         0x00000000   Number         0  _printf_char_file_locked.o ABSOLUTE
    ../clib/printf.c                         0x00000000   Number         0  __2printf.o ABSOLUTE
    ../clib/printf.c                         0x00000000   Number         0  noretval__2printf.o ABSOLUTE
    ../clib/printf.c                         0x00000000   Number         0  _printf_char_file.o ABSOLUTE
    ../clib/signal.c                         0x00000000   Number         0  defsig_rtmem_outer.o ABSOLUTE
    ../clib/signal.c                         0x00000000   Number         0  defsig_general.o ABSOLUTE
    ../clib/signal.c                         0x00000000   Number         0  defsig_rtred_formal.o ABSOLUTE
    ../clib/signal.c                         0x00000000   Number         0  defsig_other.o ABSOLUTE
    ../clib/signal.c                         0x00000000   Number         0  defsig_abrt_inner.o ABSOLUTE
    ../clib/signal.c                         0x00000000   Number         0  defsig_exit.o ABSOLUTE
    ../clib/signal.c                         0x00000000   Number         0  __raise.o ABSOLUTE
    ../clib/signal.c                         0x00000000   Number         0  defsig_rtred_outer.o ABSOLUTE
    ../clib/signal.c                         0x00000000   Number         0  defsig_segv_inner.o ABSOLUTE
    ../clib/signal.c                         0x00000000   Number         0  defsig_cppl_inner.o ABSOLUTE
    ../clib/signal.c                         0x00000000   Number         0  defsig_pvfn_inner.o ABSOLUTE
    ../clib/signal.c                         0x00000000   Number         0  defsig_stak_inner.o ABSOLUTE
    ../clib/signal.c                         0x00000000   Number         0  defsig_rtmem_formal.o ABSOLUTE
    ../clib/signal.c                         0x00000000   Number         0  defsig_fpe_inner.o ABSOLUTE
    ../clib/signal.c                         0x00000000   Number         0  defsig_rtmem_inner.o ABSOLUTE
    ../clib/signal.c                         0x00000000   Number         0  defsig_rtred_inner.o ABSOLUTE
    ../clib/signal.s                         0x00000000   Number         0  defsig.o ABSOLUTE
    ../clib/stdio.c                          0x00000000   Number         0  fflush.o ABSOLUTE
    ../clib/stdio.c                          0x00000000   Number         0  fputs.o ABSOLUTE
    ../clib/stdio.c                          0x00000000   Number         0  ftell.o ABSOLUTE
    ../clib/stdio.c                          0x00000000   Number         0  fputs_locked.o ABSOLUTE
    ../clib/stdio.c                          0x00000000   Number         0  ferror_locked.o ABSOLUTE
    ../clib/stdio.c                          0x00000000   Number         0  stdio_streams.o ABSOLUTE
    ../clib/stdio.c                          0x00000000   Number         0  fputc.o ABSOLUTE
    ../clib/stdio.c                          0x00000000   Number         0  fflush_locked.o ABSOLUTE
    ../clib/stdio.c                          0x00000000   Number         0  fseek.o ABSOLUTE
    ../clib/stdio.c                          0x00000000   Number         0  ferror.o ABSOLUTE
    ../clib/stdio.c                          0x00000000   Number         0  fopen_locked.o ABSOLUTE
    ../clib/stdio.c                          0x00000000   Number         0  initio_locked.o ABSOLUTE
    ../clib/stdio.c                          0x00000000   Number         0  initio.o ABSOLUTE
    ../clib/stdio.c                          0x00000000   Number         0  fwritefast.o ABSOLUTE
    ../clib/stdio.c                          0x00000000   Number         0  stdio.o ABSOLUTE
    ../clib/stdio.c                          0x00000000   Number         0  setvbuf_locked.o ABSOLUTE
    ../clib/stdio.c                          0x00000000   Number         0  fclose.o ABSOLUTE
    ../clib/stdio.c                          0x00000000   Number         0  fopen.o ABSOLUTE
    ../clib/stdio.c                          0x00000000   Number         0  streamlock.o ABSOLUTE
    ../clib/stdio.c                          0x00000000   Number         0  setvbuf.o ABSOLUTE
    ../clib/stdio.c                          0x00000000   Number         0  fputc_locked.o ABSOLUTE
    ../clib/stdio.c                          0x00000000   Number         0  flsbuf.o ABSOLUTE
    ../clib/stdio.c                          0x00000000   Number         0  fwritefast_locked.o ABSOLUTE
    ../clib/stdlib.c                         0x00000000   Number         0  exit.o ABSOLUTE
    ../clib/wchar.c                          0x00000000   Number         0  flsbuf_fwide.o ABSOLUTE
    ../fplib/fpinit.s                        0x00000000   Number         0  fpinit.o ABSOLUTE
    C:/Users/ateli/AppData/Local/Arm/Packs/ARM/CMSIS-Compiler/2.0.0/source/armcc/retarget_io.c 0x00000000   Number         0  retarget_io.o ABSOLUTE
    C:/Users/ateli/AppData/Local/Arm/Packs/ARM/CMSIS-Compiler/2.0.0/source/stdin_itm.c 0x00000000   Number         0  stdin_itm.o ABSOLUTE
    C:/Users/ateli/AppData/Local/Arm/Packs/ARM/CMSIS-Compiler/2.0.0/source/stdout_itm.c 0x00000000   Number         0  stdout_itm.o ABSOLUTE
    C:\Users\ateli\AppData\Local\Arm\Packs\ARM\CMSIS-Compiler\2.0.0\source\stdin_itm.c 0x00000000   Number         0  stdin_itm.o ABSOLUTE
    C:\Users\ateli\AppData\Local\Arm\Packs\ARM\CMSIS-Compiler\2.0.0\source\stdout_itm.c 0x00000000   Number         0  stdout_itm.o ABSOLUTE
    FreeRTOS-Source\\portable\\RVDS\\ARM_CM3\\port.c 0x00000000   Number         0  port.o ABSOLUTE
    FreeRTOS-Source\croutine.c               0x00000000   Number         0  croutine.o ABSOLUTE
    FreeRTOS-Source\event_groups.c           0x00000000   Number         0  event_groups.o ABSOLUTE
    FreeRTOS-Source\list.c                   0x00000000   Number         0  list.o ABSOLUTE
    FreeRTOS-Source\portable\MemMang\heap_2.c 0x00000000   Number         0  heap_2.o ABSOLUTE
    FreeRTOS-Source\portable\RVDS\ARM_CM3\port.c 0x00000000   Number         0  port.o ABSOLUTE
    FreeRTOS-Source\queue.c                  0x00000000   Number         0  queue.o ABSOLUTE
    FreeRTOS-Source\tasks.c                  0x00000000   Number         0  tasks.o ABSOLUTE
    FreeRTOS-Source\timers.c                 0x00000000   Number         0  timers.o ABSOLUTE
    RTE/Device/STM32F103RB/startup_stm32f10x_md.s 0x00000000   Number         0  startup_stm32f10x_md.o ABSOLUTE
    RTE/Device/STM32F103RB/system_stm32f10x.c 0x00000000   Number         0  system_stm32f10x.o ABSOLUTE
    RTE\Device\STM32F103RB\system_stm32f10x.c 0x00000000   Number         0  system_stm32f10x.o ABSOLUTE
    dc.s                                     0x00000000   Number         0  dc.o ABSOLUTE
    main.c                                   0x00000000   Number         0  main.o ABSOLUTE
    main.c                                   0x00000000   Number         0  main.o ABSOLUTE
    RESET                                    0x08000000   Section      236  startup_stm32f10x_md.o(RESET)
    !!!main                                  0x080000ec   Section        8  __main.o(!!!main)
    !!!scatter                               0x080000f4   Section       52  __scatter.o(!!!scatter)
    !!handler_copy                           0x08000128   Section       26  __scatter_copy.o(!!handler_copy)
    !!handler_zi                             0x08000144   Section       28  __scatter_zi.o(!!handler_zi)
    .ARM.Collect$$libinit$$00000000          0x08000160   Section        2  libinit.o(.ARM.Collect$$libinit$$00000000)
    .ARM.Collect$$libinit$$00000002          0x08000162   Section        0  libinit2.o(.ARM.Collect$$libinit$$00000002)
    .ARM.Collect$$libinit$$00000003          0x08000162   Section        8  libinit2.o(.ARM.Collect$$libinit$$00000003)
    .ARM.Collect$$libinit$$00000008          0x0800016a   Section        0  libinit2.o(.ARM.Collect$$libinit$$00000008)
    .ARM.Collect$$libinit$$0000000A          0x0800016a   Section        0  libinit2.o(.ARM.Collect$$libinit$$0000000A)
    .ARM.Collect$$libinit$$0000000C          0x0800016a   Section        0  libinit2.o(.ARM.Collect$$libinit$$0000000C)
    .ARM.Collect$$libinit$$0000000F          0x0800016a   Section        0  libinit2.o(.ARM.Collect$$libinit$$0000000F)
    .ARM.Collect$$libinit$$00000011          0x0800016a   Section        0  libinit2.o(.ARM.Collect$$libinit$$00000011)
    .ARM.Collect$$libinit$$00000013          0x0800016a   Section        0  libinit2.o(.ARM.Collect$$libinit$$00000013)
    .ARM.Collect$$libinit$$00000015          0x0800016a   Section        0  libinit2.o(.ARM.Collect$$libinit$$00000015)
    .ARM.Collect$$libinit$$00000017          0x0800016a   Section        0  libinit2.o(.ARM.Collect$$libinit$$00000017)
    .ARM.Collect$$libinit$$00000019          0x0800016a   Section        0  libinit2.o(.ARM.Collect$$libinit$$00000019)
    .ARM.Collect$$libinit$$0000001B          0x0800016a   Section        0  libinit2.o(.ARM.Collect$$libinit$$0000001B)
    .ARM.Collect$$libinit$$0000001D          0x0800016a   Section        0  libinit2.o(.ARM.Collect$$libinit$$0000001D)
    .ARM.Collect$$libinit$$0000001F          0x0800016a   Section        0  libinit2.o(.ARM.Collect$$libinit$$0000001F)
    .ARM.Collect$$libinit$$00000021          0x0800016a   Section        0  libinit2.o(.ARM.Collect$$libinit$$00000021)
    .ARM.Collect$$libinit$$00000022          0x0800016a   Section        4  libinit2.o(.ARM.Collect$$libinit$$00000022)
    .ARM.Collect$$libinit$$00000023          0x0800016e   Section        0  libinit2.o(.ARM.Collect$$libinit$$00000023)
    .ARM.Collect$$libinit$$0000002A          0x0800016e   Section        0  libinit2.o(.ARM.Collect$$libinit$$0000002A)
    .ARM.Collect$$libinit$$0000002C          0x0800016e   Section        0  libinit2.o(.ARM.Collect$$libinit$$0000002C)
    .ARM.Collect$$libinit$$0000002E          0x0800016e   Section        0  libinit2.o(.ARM.Collect$$libinit$$0000002E)
    .ARM.Collect$$libinit$$00000030          0x0800016e   Section        0  libinit2.o(.ARM.Collect$$libinit$$00000030)
    .ARM.Collect$$libinit$$00000031          0x0800016e   Section        2  libinit2.o(.ARM.Collect$$libinit$$00000031)
    .ARM.Collect$$libshutdown$$00000000      0x08000170   Section        2  libshutdown.o(.ARM.Collect$$libshutdown$$00000000)
    .ARM.Collect$$libshutdown$$00000002      0x08000172   Section        4  libshutdown2.o(.ARM.Collect$$libshutdown$$00000002)
    .ARM.Collect$$libshutdown$$00000003      0x08000176   Section        0  libshutdown2.o(.ARM.Collect$$libshutdown$$00000003)
    .ARM.Collect$$libshutdown$$00000006      0x08000176   Section        0  libshutdown2.o(.ARM.Collect$$libshutdown$$00000006)
    .ARM.Collect$$libshutdown$$00000009      0x08000176   Section        0  libshutdown2.o(.ARM.Collect$$libshutdown$$00000009)
    .ARM.Collect$$libshutdown$$0000000B      0x08000176   Section        0  libshutdown2.o(.ARM.Collect$$libshutdown$$0000000B)
    .ARM.Collect$$libshutdown$$0000000E      0x08000176   Section        0  libshutdown2.o(.ARM.Collect$$libshutdown$$0000000E)
    .ARM.Collect$$libshutdown$$0000000F      0x08000176   Section        2  libshutdown2.o(.ARM.Collect$$libshutdown$$0000000F)
    .ARM.Collect$$rtentry$$00000000          0x08000178   Section        0  rtentry.o(.ARM.Collect$$rtentry$$00000000)
    .ARM.Collect$$rtentry$$00000002          0x08000178   Section        0  rtentry2.o(.ARM.Collect$$rtentry$$00000002)
    .ARM.Collect$$rtentry$$00000004          0x08000178   Section        6  rtentry4.o(.ARM.Collect$$rtentry$$00000004)
    .ARM.Collect$$rtentry$$00000009          0x0800017e   Section        0  rtentry2.o(.ARM.Collect$$rtentry$$00000009)
    .ARM.Collect$$rtentry$$0000000A          0x0800017e   Section        4  rtentry2.o(.ARM.Collect$$rtentry$$0000000A)
    .ARM.Collect$$rtentry$$0000000C          0x08000182   Section        0  rtentry2.o(.ARM.Collect$$rtentry$$0000000C)
    .ARM.Collect$$rtentry$$0000000D          0x08000182   Section        8  rtentry2.o(.ARM.Collect$$rtentry$$0000000D)
    .ARM.Collect$$rtexit$$00000000           0x0800018a   Section        2  rtexit.o(.ARM.Collect$$rtexit$$00000000)
    .ARM.Collect$$rtexit$$00000002           0x0800018c   Section        0  rtexit2.o(.ARM.Collect$$rtexit$$00000002)
    .ARM.Collect$$rtexit$$00000003           0x0800018c   Section        4  rtexit2.o(.ARM.Collect$$rtexit$$00000003)
    .ARM.Collect$$rtexit$$00000004           0x08000190   Section        6  rtexit2.o(.ARM.Collect$$rtexit$$00000004)
    .emb_text                                0x08000198   Section      150  port.o(.emb_text)
    .emb_text                                0x08000230   Section        0  maybetermalloc1.o(.emb_text)
    .text                                    0x08000230   Section       64  startup_stm32f10x_md.o(.text)
    .text                                    0x08000270   Section        0  noretval__2printf.o(.text)
    .text                                    0x08000288   Section       16  aeabi_memset.o(.text)
    .text                                    0x08000298   Section      128  strcmpv7m.o(.text)
    .text                                    0x08000318   Section        0  heapauxi.o(.text)
    .text                                    0x08000320   Section        0  _printf_char_file.o(.text)
    .text                                    0x08000344   Section       68  rt_memclr.o(.text)
    .text                                    0x08000388   Section        0  _printf_char_common.o(.text)
    _printf_input_char                       0x08000389   Thumb Code    10  _printf_char_common.o(.text)
    .text                                    0x080003b8   Section        0  ferror.o(.text)
    .text                                    0x080003c0   Section        0  initio.o(.text)
    .text                                    0x080004f8   Section       78  rt_memclr_w.o(.text)
    .text                                    0x08000546   Section       74  sys_stackheap_outer.o(.text)
    .text                                    0x08000590   Section        0  h1_free.o(.text)
    .text                                    0x080005de   Section        0  __printf_nopercent.o(.text)
    .text                                    0x08000604   Section        0  flsbuf.o(.text)
    .text                                    0x080007e2   Section        0  setvbuf.o(.text)
    .text                                    0x08000828   Section        0  fopen.o(.text)
    _freopen_locked                          0x08000829   Thumb Code     0  fopen.o(.text)
    .text                                    0x08000914   Section        0  fclose.o(.text)
    .text                                    0x08000960   Section        0  exit.o(.text)
    .text                                    0x0800096c   Section        0  defsig_rtred_outer.o(.text)
    .text                                    0x0800097c   Section        8  libspace.o(.text)
    .text                                    0x08000984   Section        8  rt_heap_descriptor_intlibspace.o(.text)
    .text                                    0x0800098c   Section        0  hguard.o(.text)
    .text                                    0x08000990   Section        0  init_alloc.o(.text)
    .text                                    0x08000a1a   Section        0  h1_alloc.o(.text)
    .text                                    0x08000a78   Section        0  fseek.o(.text)
    .text                                    0x08000b70   Section        0  stdio.o(.text)
    .text                                    0x08000c60   Section        0  defsig_exit.o(.text)
    .text                                    0x08000c6c   Section        0  defsig_rtred_inner.o(.text)
    .text                                    0x08000ca0   Section        0  sys_exit.o(.text)
    .text                                    0x08000cac   Section        0  h1_init.o(.text)
    .text                                    0x08000cba   Section        0  h1_extend.o(.text)
    .text                                    0x08000cee   Section        0  ftell.o(.text)
    .text                                    0x08000d34   Section        0  defsig_general.o(.text)
    .text                                    0x08000d66   Section        0  defsig_rtmem_outer.o(.text)
    .text                                    0x08000d74   Section        0  sys_wrch.o(.text)
    .text                                    0x08000d82   Section        2  use_no_semi.o(.text)
    .text                                    0x08000d84   Section        8  rt_errno_addr_intlibspace.o(.text)
    .text                                    0x08000d84   Section        0  indicate_semi.o(.text)
    .text                                    0x08000d8c   Section        0  defsig_rtmem_inner.o(.text)
    i.SetSysClock                            0x08000ddc   Section        0  system_stm32f10x.o(i.SetSysClock)
    SetSysClock                              0x08000ddd   Thumb Code     8  system_stm32f10x.o(i.SetSysClock)
    i.SetSysClockTo72                        0x08000de4   Section        0  system_stm32f10x.o(i.SetSysClockTo72)
    SetSysClockTo72                          0x08000de5   Thumb Code   212  system_stm32f10x.o(i.SetSysClockTo72)
    i.SysTick_Handler                        0x08000ec0   Section        0  port.o(i.SysTick_Handler)
    i.SystemInit                             0x08000ef4   Section        0  system_stm32f10x.o(i.SystemInit)
    i._sys_close                             0x08000f54   Section        0  retarget_io.o(i._sys_close)
    i._sys_flen                              0x08000f7a   Section        0  retarget_io.o(i._sys_flen)
    i._sys_istty                             0x08000fa0   Section        0  retarget_io.o(i._sys_istty)
    i._sys_open                              0x08000fc4   Section        0  retarget_io.o(i._sys_open)
    i._sys_seek                              0x0800102c   Section        0  retarget_io.o(i._sys_seek)
    i._sys_write                             0x08001058   Section        0  retarget_io.o(i._sys_write)
    i.fputc                                  0x0800109e   Section        0  fputc.o(i.fputc)
    i.main                                   0x080010b8   Section        0  main.o(i.main)
    i.prvAddNewTaskToReadyList               0x080010fc   Section        0  tasks.o(i.prvAddNewTaskToReadyList)
    prvAddNewTaskToReadyList                 0x080010fd   Thumb Code   156  tasks.o(i.prvAddNewTaskToReadyList)
    i.prvCheckTasksWaitingTermination        0x080011b4   Section        0  tasks.o(i.prvCheckTasksWaitingTermination)
    prvCheckTasksWaitingTermination          0x080011b5   Thumb Code    86  tasks.o(i.prvCheckTasksWaitingTermination)
    i.prvDeleteTCB                           0x08001218   Section        0  tasks.o(i.prvDeleteTCB)
    prvDeleteTCB                             0x08001219   Thumb Code    18  tasks.o(i.prvDeleteTCB)
    i.prvHeapInit                            0x0800122c   Section        0  heap_2.o(i.prvHeapInit)
    prvHeapInit                              0x0800122d   Thumb Code    42  heap_2.o(i.prvHeapInit)
    i.prvIdleTask                            0x08001264   Section        0  tasks.o(i.prvIdleTask)
    prvIdleTask                              0x08001265   Thumb Code     8  tasks.o(i.prvIdleTask)
    i.prvInitialiseNewTask                   0x0800126c   Section        0  tasks.o(i.prvInitialiseNewTask)
    prvInitialiseNewTask                     0x0800126d   Thumb Code   180  tasks.o(i.prvInitialiseNewTask)
    i.prvInitialiseTaskLists                 0x08001320   Section        0  tasks.o(i.prvInitialiseTaskLists)
    prvInitialiseTaskLists                   0x08001321   Thumb Code    70  tasks.o(i.prvInitialiseTaskLists)
    i.prvResetNextTaskUnblockTime            0x08001388   Section        0  tasks.o(i.prvResetNextTaskUnblockTime)
    prvResetNextTaskUnblockTime              0x08001389   Thumb Code    42  tasks.o(i.prvResetNextTaskUnblockTime)
    i.prvTaskExitError                       0x080013bc   Section        0  port.o(i.prvTaskExitError)
    prvTaskExitError                         0x080013bd   Thumb Code    60  port.o(i.prvTaskExitError)
    i.pvPortMalloc                           0x080013fc   Section        0  heap_2.o(i.pvPortMalloc)
    i.pxPortInitialiseStack                  0x080014b4   Section        0  port.o(i.pxPortInitialiseStack)
    i.stdout_putchar                         0x080014d8   Section        0  stdout_itm.o(i.stdout_putchar)
    i.uxListRemove                           0x08001510   Section        0  list.o(i.uxListRemove)
    i.vListInitialise                        0x08001538   Section        0  list.o(i.vListInitialise)
    i.vListInitialiseItem                    0x08001552   Section        0  list.o(i.vListInitialiseItem)
    i.vListInsertEnd                         0x08001558   Section        0  list.o(i.vListInsertEnd)
    i.vPortEnterCritical                     0x08001570   Section        0  port.o(i.vPortEnterCritical)
    i.vPortExitCritical                      0x080015c8   Section        0  port.o(i.vPortExitCritical)
    i.vPortFree                              0x08001604   Section        0  heap_2.o(i.vPortFree)
    i.vPortSetupTimerInterrupt               0x08001644   Section        0  port.o(i.vPortSetupTimerInterrupt)
    i.vTask1                                 0x08001664   Section        0  main.o(i.vTask1)
    i.vTask2                                 0x080016a0   Section        0  main.o(i.vTask2)
    i.vTaskStartScheduler                    0x080016dc   Section        0  tasks.o(i.vTaskStartScheduler)
    i.vTaskSuspendAll                        0x08001764   Section        0  tasks.o(i.vTaskSuspendAll)
    i.vTaskSwitchContext                     0x08001774   Section        0  tasks.o(i.vTaskSwitchContext)
    i.xPortStartScheduler                    0x08001800   Section        0  port.o(i.xPortStartScheduler)
    i.xTaskCreate                            0x080018a0   Section        0  tasks.o(i.xTaskCreate)
    i.xTaskIncrementTick                     0x08001900   Section        0  tasks.o(i.xTaskIncrementTick)
    i.xTaskResumeAll                         0x08001a48   Section        0  tasks.o(i.xTaskResumeAll)
    .constdata                               0x08001b4c   Section       23  retarget_io.o(.constdata)
    .data                                    0x20000000   Section       60  tasks.o(.data)
    uxDeletedTasksWaitingCleanUp             0x20000004   Data           4  tasks.o(.data)
    uxCurrentNumberOfTasks                   0x20000008   Data           4  tasks.o(.data)
    xTickCount                               0x2000000c   Data           4  tasks.o(.data)
    uxTopReadyPriority                       0x20000010   Data           4  tasks.o(.data)
    xSchedulerRunning                        0x20000014   Data           4  tasks.o(.data)
    uxPendedTicks                            0x20000018   Data           4  tasks.o(.data)
    xYieldPending                            0x2000001c   Data           4  tasks.o(.data)
    xNumOfOverflows                          0x20000020   Data           4  tasks.o(.data)
    uxTaskNumber                             0x20000024   Data           4  tasks.o(.data)
    xNextTaskUnblockTime                     0x20000028   Data           4  tasks.o(.data)
    xIdleTaskHandle                          0x2000002c   Data           4  tasks.o(.data)
    uxSchedulerSuspended                     0x20000030   Data           4  tasks.o(.data)
    pxDelayedTaskList                        0x20000034   Data           4  tasks.o(.data)
    pxOverflowDelayedTaskList                0x20000038   Data           4  tasks.o(.data)
    .data                                    0x2000003c   Section       12  port.o(.data)
    uxCriticalNesting                        0x2000003c   Data           4  port.o(.data)
    ucMaxSysCallPriority                     0x20000040   Data           1  port.o(.data)
    ulMaxPRIGROUPValue                       0x20000044   Data           4  port.o(.data)
    .data                                    0x20000048   Section       24  heap_2.o(.data)
    xFreeBytesRemaining                      0x20000048   Data           4  heap_2.o(.data)
    xHeapHasBeenInitialised                  0x2000004c   Data           4  heap_2.o(.data)
    xStart                                   0x20000050   Data           8  heap_2.o(.data)
    xEnd                                     0x20000058   Data           8  heap_2.o(.data)
    .data                                    0x20000060   Section       20  system_stm32f10x.o(.data)
    .data                                    0x20000074   Section        4  stdio_streams.o(.data)
    .data                                    0x20000078   Section        4  stdio_streams.o(.data)
    .data                                    0x2000007c   Section        4  stdio_streams.o(.data)
    .bss                                     0x20000080   Section      200  tasks.o(.bss)
    pxReadyTasksLists                        0x20000080   Data         100  tasks.o(.bss)
    xDelayedTaskList1                        0x200000e4   Data          20  tasks.o(.bss)
    xDelayedTaskList2                        0x200000f8   Data          20  tasks.o(.bss)
    xPendingReadyList                        0x2000010c   Data          20  tasks.o(.bss)
    xTasksWaitingTermination                 0x20000120   Data          20  tasks.o(.bss)
    xSuspendedTaskList                       0x20000134   Data          20  tasks.o(.bss)
    .bss                                     0x20000148   Section     3072  heap_2.o(.bss)
    ucHeap                                   0x20000148   Data        3072  heap_2.o(.bss)
    .bss                                     0x20000d48   Section       84  stdio_streams.o(.bss)
    .bss                                     0x20000d9c   Section       84  stdio_streams.o(.bss)
    .bss                                     0x20000df0   Section       84  stdio_streams.o(.bss)
    .bss                                     0x20000e44   Section       96  libspace.o(.bss)
    HEAP                                     0x20000ea8   Section      512  startup_stm32f10x_md.o(HEAP)
    Heap_Mem                                 0x20000ea8   Data         512  startup_stm32f10x_md.o(HEAP)
    STACK                                    0x200010a8   Section     1024  startup_stm32f10x_md.o(STACK)
    Stack_Mem                                0x200010a8   Data        1024  startup_stm32f10x_md.o(STACK)
    __initial_sp                             0x200014a8   Data           0  startup_stm32f10x_md.o(STACK)

    Global Symbols

    Symbol Name                              Value     Ov Type        Size  Object(Section)

    BuildAttributes$$THM_ISAv4$P$D$K$B$S$PE$A:L22UL41UL21$X:L11$S22US41US21$IEEE1$IW$USESV6$~STKCKD$USESV7$~SHL$OTIME$ROPI$EBA8$UX$STANDARDLIB$REQ8$PRES8$EABIv2 0x00000000   Number         0  anon$$obj.o ABSOLUTE
    __ARM_use_no_argv                        0x00000000   Number         0  main.o ABSOLUTE
    __ARM_exceptions_init                     - Undefined Weak Reference
    __alloca_initialize                       - Undefined Weak Reference
    __cpp_initialize__aeabi_                  - Undefined Weak Reference
    __cxa_finalize                            - Undefined Weak Reference
    __rt_locale                               - Undefined Weak Reference
    __sigvec_lookup                           - Undefined Weak Reference
    __user_heap_extent                        - Undefined Weak Reference
    _atexit_init                              - Undefined Weak Reference
    _call_atexit_fns                          - Undefined Weak Reference
    _clock_init                               - Undefined Weak Reference
    _fp_trap_init                             - Undefined Weak Reference
    _fp_trap_shutdown                         - Undefined Weak Reference
    _get_lc_collate                           - Undefined Weak Reference
    _get_lc_ctype                             - Undefined Weak Reference
    _get_lc_monetary                          - Undefined Weak Reference
    _get_lc_numeric                           - Undefined Weak Reference
    _get_lc_time                              - Undefined Weak Reference
    _getenv_init                              - Undefined Weak Reference
    _handle_redirection                       - Undefined Weak Reference
    _mutex_acquire                            - Undefined Weak Reference
    _mutex_free                               - Undefined Weak Reference
    _mutex_release                            - Undefined Weak Reference
    _rand_init                                - Undefined Weak Reference
    _signal_finish                            - Undefined Weak Reference
    _signal_init                              - Undefined Weak Reference
    __Vectors_Size                           0x000000ec   Number         0  startup_stm32f10x_md.o ABSOLUTE
    __Vectors                                0x08000000   Data           4  startup_stm32f10x_md.o(RESET)
    __Vectors_End                            0x080000ec   Data           0  startup_stm32f10x_md.o(RESET)
    __main                                   0x080000ed   Thumb Code     8  __main.o(!!!main)
    __scatterload                            0x080000f5   Thumb Code     0  __scatter.o(!!!scatter)
    __scatterload_rt2                        0x080000f5   Thumb Code    44  __scatter.o(!!!scatter)
    __scatterload_rt2_thumb_only             0x080000f5   Thumb Code     0  __scatter.o(!!!scatter)
    __scatterload_null                       0x08000103   Thumb Code     0  __scatter.o(!!!scatter)
    __scatterload_copy                       0x08000129   Thumb Code    26  __scatter_copy.o(!!handler_copy)
    __scatterload_zeroinit                   0x08000145   Thumb Code    28  __scatter_zi.o(!!handler_zi)
    __rt_lib_init                            0x08000161   Thumb Code     0  libinit.o(.ARM.Collect$$libinit$$00000000)
    __rt_lib_init_fp_1                       0x08000163   Thumb Code     0  libinit2.o(.ARM.Collect$$libinit$$00000002)
    __rt_lib_init_heap_2                     0x08000163   Thumb Code     0  libinit2.o(.ARM.Collect$$libinit$$00000003)
    __rt_lib_init_atexit_1                   0x0800016b   Thumb Code     0  libinit2.o(.ARM.Collect$$libinit$$00000019)
    __rt_lib_init_clock_1                    0x0800016b   Thumb Code     0  libinit2.o(.ARM.Collect$$libinit$$0000001F)
    __rt_lib_init_fp_trap_1                  0x0800016b   Thumb Code     0  libinit2.o(.ARM.Collect$$libinit$$0000001D)
    __rt_lib_init_getenv_1                   0x0800016b   Thumb Code     0  libinit2.o(.ARM.Collect$$libinit$$00000021)
    __rt_lib_init_heap_1                     0x0800016b   Thumb Code     0  libinit2.o(.ARM.Collect$$libinit$$00000008)
    __rt_lib_init_lc_collate_1               0x0800016b   Thumb Code     0  libinit2.o(.ARM.Collect$$libinit$$0000000F)
    __rt_lib_init_lc_ctype_1                 0x0800016b   Thumb Code     0  libinit2.o(.ARM.Collect$$libinit$$00000011)
    __rt_lib_init_lc_monetary_1              0x0800016b   Thumb Code     0  libinit2.o(.ARM.Collect$$libinit$$00000013)
    __rt_lib_init_lc_numeric_1               0x0800016b   Thumb Code     0  libinit2.o(.ARM.Collect$$libinit$$00000015)
    __rt_lib_init_lc_time_1                  0x0800016b   Thumb Code     0  libinit2.o(.ARM.Collect$$libinit$$00000017)
    __rt_lib_init_rand_1                     0x0800016b   Thumb Code     0  libinit2.o(.ARM.Collect$$libinit$$0000000C)
    __rt_lib_init_signal_1                   0x0800016b   Thumb Code     0  libinit2.o(.ARM.Collect$$libinit$$0000001B)
    __rt_lib_init_stdio_2                    0x0800016b   Thumb Code     0  libinit2.o(.ARM.Collect$$libinit$$00000022)
    __rt_lib_init_user_alloc_1               0x0800016b   Thumb Code     0  libinit2.o(.ARM.Collect$$libinit$$0000000A)
    __rt_lib_init_alloca_1                   0x0800016f   Thumb Code     0  libinit2.o(.ARM.Collect$$libinit$$0000002C)
    __rt_lib_init_argv_1                     0x0800016f   Thumb Code     0  libinit2.o(.ARM.Collect$$libinit$$0000002A)
    __rt_lib_init_cpp_1                      0x0800016f   Thumb Code     0  libinit2.o(.ARM.Collect$$libinit$$00000030)
    __rt_lib_init_exceptions_1               0x0800016f   Thumb Code     0  libinit2.o(.ARM.Collect$$libinit$$0000002E)
    __rt_lib_init_return                     0x0800016f   Thumb Code     0  libinit2.o(.ARM.Collect$$libinit$$00000031)
    __rt_lib_init_stdio_1                    0x0800016f   Thumb Code     0  libinit2.o(.ARM.Collect$$libinit$$00000023)
    __rt_lib_shutdown                        0x08000171   Thumb Code     0  libshutdown.o(.ARM.Collect$$libshutdown$$00000000)
    __rt_lib_shutdown_stdio_2                0x08000173   Thumb Code     0  libshutdown2.o(.ARM.Collect$$libshutdown$$00000002)
    __rt_lib_shutdown_fp_trap_1              0x08000177   Thumb Code     0  libshutdown2.o(.ARM.Collect$$libshutdown$$00000006)
    __rt_lib_shutdown_heap_1                 0x08000177   Thumb Code     0  libshutdown2.o(.ARM.Collect$$libshutdown$$0000000E)
    __rt_lib_shutdown_return                 0x08000177   Thumb Code     0  libshutdown2.o(.ARM.Collect$$libshutdown$$0000000F)
    __rt_lib_shutdown_signal_1               0x08000177   Thumb Code     0  libshutdown2.o(.ARM.Collect$$libshutdown$$00000009)
    __rt_lib_shutdown_stdio_1                0x08000177   Thumb Code     0  libshutdown2.o(.ARM.Collect$$libshutdown$$00000003)
    __rt_lib_shutdown_user_alloc_1           0x08000177   Thumb Code     0  libshutdown2.o(.ARM.Collect$$libshutdown$$0000000B)
    __rt_entry                               0x08000179   Thumb Code     0  rtentry.o(.ARM.Collect$$rtentry$$00000000)
    __rt_entry_presh_1                       0x08000179   Thumb Code     0  rtentry2.o(.ARM.Collect$$rtentry$$00000002)
    __rt_entry_sh                            0x08000179   Thumb Code     0  rtentry4.o(.ARM.Collect$$rtentry$$00000004)
    __rt_entry_li                            0x0800017f   Thumb Code     0  rtentry2.o(.ARM.Collect$$rtentry$$0000000A)
    __rt_entry_postsh_1                      0x0800017f   Thumb Code     0  rtentry2.o(.ARM.Collect$$rtentry$$00000009)
    __rt_entry_main                          0x08000183   Thumb Code     0  rtentry2.o(.ARM.Collect$$rtentry$$0000000D)
    __rt_entry_postli_1                      0x08000183   Thumb Code     0  rtentry2.o(.ARM.Collect$$rtentry$$0000000C)
    __rt_exit                                0x0800018b   Thumb Code     0  rtexit.o(.ARM.Collect$$rtexit$$00000000)
    __rt_exit_ls                             0x0800018d   Thumb Code     0  rtexit2.o(.ARM.Collect$$rtexit$$00000003)
    __rt_exit_prels_1                        0x0800018d   Thumb Code     0  rtexit2.o(.ARM.Collect$$rtexit$$00000002)
    __rt_exit_exit                           0x08000191   Thumb Code     0  rtexit2.o(.ARM.Collect$$rtexit$$00000004)
    SVC_Handler                              0x08000199   Thumb Code    32  port.o(.emb_text)
    __asm___6_port_c_39a90d8d__prvStartFirstTask 0x080001bd   Thumb Code    28  port.o(.emb_text)
    PendSV_Handler                           0x080001dd   Thumb Code    72  port.o(.emb_text)
    vPortGetIPSR                             0x08000229   Thumb Code     6  port.o(.emb_text)
    Reset_Handler                            0x08000231   Thumb Code     8  startup_stm32f10x_md.o(.text)
    _maybe_terminate_alloc                   0x08000231   Thumb Code     0  maybetermalloc1.o(.emb_text)
    NMI_Handler                              0x08000239   Thumb Code     2  startup_stm32f10x_md.o(.text)
    HardFault_Handler                        0x0800023b   Thumb Code     2  startup_stm32f10x_md.o(.text)
    MemManage_Handler                        0x0800023d   Thumb Code     2  startup_stm32f10x_md.o(.text)
    BusFault_Handler                         0x0800023f   Thumb Code     2  startup_stm32f10x_md.o(.text)
    UsageFault_Handler                       0x08000241   Thumb Code     2  startup_stm32f10x_md.o(.text)
    DebugMon_Handler                         0x08000245   Thumb Code     2  startup_stm32f10x_md.o(.text)
    ADC1_2_IRQHandler                        0x0800024b   Thumb Code     0  startup_stm32f10x_md.o(.text)
    CAN1_RX1_IRQHandler                      0x0800024b   Thumb Code     0  startup_stm32f10x_md.o(.text)
    CAN1_SCE_IRQHandler                      0x0800024b   Thumb Code     0  startup_stm32f10x_md.o(.text)
    DMA1_Channel1_IRQHandler                 0x0800024b   Thumb Code     0  startup_stm32f10x_md.o(.text)
    DMA1_Channel2_IRQHandler                 0x0800024b   Thumb Code     0  startup_stm32f10x_md.o(.text)
    DMA1_Channel3_IRQHandler                 0x0800024b   Thumb Code     0  startup_stm32f10x_md.o(.text)
    DMA1_Channel4_IRQHandler                 0x0800024b   Thumb Code     0  startup_stm32f10x_md.o(.text)
    DMA1_Channel5_IRQHandler                 0x0800024b   Thumb Code     0  startup_stm32f10x_md.o(.text)
    DMA1_Channel6_IRQHandler                 0x0800024b   Thumb Code     0  startup_stm32f10x_md.o(.text)
    DMA1_Channel7_IRQHandler                 0x0800024b   Thumb Code     0  startup_stm32f10x_md.o(.text)
    EXTI0_IRQHandler                         0x0800024b   Thumb Code     0  startup_stm32f10x_md.o(.text)
    EXTI15_10_IRQHandler                     0x0800024b   Thumb Code     0  startup_stm32f10x_md.o(.text)
    EXTI1_IRQHandler                         0x0800024b   Thumb Code     0  startup_stm32f10x_md.o(.text)
    EXTI2_IRQHandler                         0x0800024b   Thumb Code     0  startup_stm32f10x_md.o(.text)
    EXTI3_IRQHandler                         0x0800024b   Thumb Code     0  startup_stm32f10x_md.o(.text)
    EXTI4_IRQHandler                         0x0800024b   Thumb Code     0  startup_stm32f10x_md.o(.text)
    EXTI9_5_IRQHandler                       0x0800024b   Thumb Code     0  startup_stm32f10x_md.o(.text)
    FLASH_IRQHandler                         0x0800024b   Thumb Code     0  startup_stm32f10x_md.o(.text)
    I2C1_ER_IRQHandler                       0x0800024b   Thumb Code     0  startup_stm32f10x_md.o(.text)
    I2C1_EV_IRQHandler                       0x0800024b   Thumb Code     0  startup_stm32f10x_md.o(.text)
    I2C2_ER_IRQHandler                       0x0800024b   Thumb Code     0  startup_stm32f10x_md.o(.text)
    I2C2_EV_IRQHandler                       0x0800024b   Thumb Code     0  startup_stm32f10x_md.o(.text)
    PVD_IRQHandler                           0x0800024b   Thumb Code     0  startup_stm32f10x_md.o(.text)
    RCC_IRQHandler                           0x0800024b   Thumb Code     0  startup_stm32f10x_md.o(.text)
    RTCAlarm_IRQHandler                      0x0800024b   Thumb Code     0  startup_stm32f10x_md.o(.text)
    RTC_IRQHandler                           0x0800024b   Thumb Code     0  startup_stm32f10x_md.o(.text)
    SPI1_IRQHandler                          0x0800024b   Thumb Code     0  startup_stm32f10x_md.o(.text)
    SPI2_IRQHandler                          0x0800024b   Thumb Code     0  startup_stm32f10x_md.o(.text)
    TAMPER_IRQHandler                        0x0800024b   Thumb Code     0  startup_stm32f10x_md.o(.text)
    TIM1_BRK_IRQHandler                      0x0800024b   Thumb Code     0  startup_stm32f10x_md.o(.text)
    TIM1_CC_IRQHandler                       0x0800024b   Thumb Code     0  startup_stm32f10x_md.o(.text)
    TIM1_TRG_COM_IRQHandler                  0x0800024b   Thumb Code     0  startup_stm32f10x_md.o(.text)
    TIM1_UP_IRQHandler                       0x0800024b   Thumb Code     0  startup_stm32f10x_md.o(.text)
    TIM2_IRQHandler                          0x0800024b   Thumb Code     0  startup_stm32f10x_md.o(.text)
    TIM3_IRQHandler                          0x0800024b   Thumb Code     0  startup_stm32f10x_md.o(.text)
    TIM4_IRQHandler                          0x0800024b   Thumb Code     0  startup_stm32f10x_md.o(.text)
    USART1_IRQHandler                        0x0800024b   Thumb Code     0  startup_stm32f10x_md.o(.text)
    USART2_IRQHandler                        0x0800024b   Thumb Code     0  startup_stm32f10x_md.o(.text)
    USART3_IRQHandler                        0x0800024b   Thumb Code     0  startup_stm32f10x_md.o(.text)
    USBWakeUp_IRQHandler                     0x0800024b   Thumb Code     0  startup_stm32f10x_md.o(.text)
    USB_HP_CAN1_TX_IRQHandler                0x0800024b   Thumb Code     0  startup_stm32f10x_md.o(.text)
    USB_LP_CAN1_RX0_IRQHandler               0x0800024b   Thumb Code     0  startup_stm32f10x_md.o(.text)
    WWDG_IRQHandler                          0x0800024b   Thumb Code     0  startup_stm32f10x_md.o(.text)
    __user_initial_stackheap                 0x0800024d   Thumb Code     0  startup_stm32f10x_md.o(.text)
    __2printf                                0x08000271   Thumb Code    20  noretval__2printf.o(.text)
    __aeabi_memset                           0x08000289   Thumb Code    16  aeabi_memset.o(.text)
    strcmp                                   0x08000299   Thumb Code   128  strcmpv7m.o(.text)
    __use_two_region_memory                  0x08000319   Thumb Code     2  heapauxi.o(.text)
    __rt_heap_escrow                         0x0800031b   Thumb Code     2  heapauxi.o(.text)
    __rt_heap_expand                         0x0800031d   Thumb Code     2  heapauxi.o(.text)
    _printf_char_file                        0x08000321   Thumb Code    32  _printf_char_file.o(.text)
    __aeabi_memclr                           0x08000345   Thumb Code     0  rt_memclr.o(.text)
    __rt_memclr                              0x08000345   Thumb Code    68  rt_memclr.o(.text)
    _memset                                  0x08000349   Thumb Code     0  rt_memclr.o(.text)
    _printf_char_common                      0x08000393   Thumb Code    32  _printf_char_common.o(.text)
    ferror                                   0x080003b9   Thumb Code     8  ferror.o(.text)
    _initio                                  0x080003c1   Thumb Code   210  initio.o(.text)
    _terminateio                             0x08000493   Thumb Code    56  initio.o(.text)
    __aeabi_memclr4                          0x080004f9   Thumb Code     0  rt_memclr_w.o(.text)
    __aeabi_memclr8                          0x080004f9   Thumb Code     0  rt_memclr_w.o(.text)
    __rt_memclr_w                            0x080004f9   Thumb Code    78  rt_memclr_w.o(.text)
    _memset_w                                0x080004fd   Thumb Code     0  rt_memclr_w.o(.text)
    __user_setup_stackheap                   0x08000547   Thumb Code    74  sys_stackheap_outer.o(.text)
    free                                     0x08000591   Thumb Code    78  h1_free.o(.text)
    __printf                                 0x080005df   Thumb Code    38  __printf_nopercent.o(.text)
    __flsbuf                                 0x08000605   Thumb Code   478  flsbuf.o(.text)
    __flsbuf_byte                            0x08000605   Thumb Code     0  flsbuf.o(.text)
    __flsbuf_wide                            0x08000605   Thumb Code     0  flsbuf.o(.text)
    setvbuf                                  0x080007e3   Thumb Code    70  setvbuf.o(.text)
    freopen                                  0x08000829   Thumb Code   158  fopen.o(.text)
    fopen                                    0x080008c7   Thumb Code    74  fopen.o(.text)
    _fclose_internal                         0x08000915   Thumb Code    76  fclose.o(.text)
    fclose                                   0x08000915   Thumb Code     0  fclose.o(.text)
    exit                                     0x08000961   Thumb Code    12  exit.o(.text)
    __rt_SIGRTRED                            0x0800096d   Thumb Code    14  defsig_rtred_outer.o(.text)
    __user_libspace                          0x0800097d   Thumb Code     8  libspace.o(.text)
    __user_perproc_libspace                  0x0800097d   Thumb Code     0  libspace.o(.text)
    __user_perthread_libspace                0x0800097d   Thumb Code     0  libspace.o(.text)
    __rt_heap_descriptor                     0x08000985   Thumb Code     8  rt_heap_descriptor_intlibspace.o(.text)
    __use_no_heap                            0x0800098d   Thumb Code     2  hguard.o(.text)
    __heap$guard                             0x0800098f   Thumb Code     2  hguard.o(.text)
    _terminate_user_alloc                    0x08000991   Thumb Code     2  init_alloc.o(.text)
    _init_user_alloc                         0x08000993   Thumb Code     2  init_alloc.o(.text)
    __Heap_Full                              0x08000995   Thumb Code    34  init_alloc.o(.text)
    __Heap_Broken                            0x080009b7   Thumb Code     6  init_alloc.o(.text)
    _init_alloc                              0x080009bd   Thumb Code    94  init_alloc.o(.text)
    malloc                                   0x08000a1b   Thumb Code    94  h1_alloc.o(.text)
    _fseek                                   0x08000a79   Thumb Code   242  fseek.o(.text)
    fseek                                    0x08000a79   Thumb Code     0  fseek.o(.text)
    _seterr                                  0x08000b71   Thumb Code    20  stdio.o(.text)
    _writebuf                                0x08000b85   Thumb Code    84  stdio.o(.text)
    _fflush                                  0x08000bd9   Thumb Code    70  stdio.o(.text)
    _deferredlazyseek                        0x08000c1f   Thumb Code    60  stdio.o(.text)
    __sig_exit                               0x08000c61   Thumb Code    10  defsig_exit.o(.text)
    __rt_SIGRTRED_inner                      0x08000c6d   Thumb Code    14  defsig_rtred_inner.o(.text)
    _sys_exit                                0x08000ca1   Thumb Code     8  sys_exit.o(.text)
    __Heap_Initialize                        0x08000cad   Thumb Code    10  h1_init.o(.text)
    __Heap_DescSize                          0x08000cb7   Thumb Code     4  h1_init.o(.text)
    __Heap_ProvideMemory                     0x08000cbb   Thumb Code    52  h1_extend.o(.text)
    _ftell_internal                          0x08000cef   Thumb Code    70  ftell.o(.text)
    ftell                                    0x08000cef   Thumb Code     0  ftell.o(.text)
    __default_signal_display                 0x08000d35   Thumb Code    50  defsig_general.o(.text)
    __rt_SIGRTMEM                            0x08000d67   Thumb Code    14  defsig_rtmem_outer.o(.text)
    _ttywrch                                 0x08000d75   Thumb Code    14  sys_wrch.o(.text)
    __I$use$semihosting                      0x08000d83   Thumb Code     0  use_no_semi.o(.text)
    __use_no_semihosting_swi                 0x08000d83   Thumb Code     2  use_no_semi.o(.text)
    __aeabi_errno_addr                       0x08000d85   Thumb Code     8  rt_errno_addr_intlibspace.o(.text)
    __errno$intlibspace                      0x08000d85   Thumb Code     0  rt_errno_addr_intlibspace.o(.text)
    __rt_errno_addr$intlibspace              0x08000d85   Thumb Code     0  rt_errno_addr_intlibspace.o(.text)
    __semihosting_library_function           0x08000d85   Thumb Code     0  indicate_semi.o(.text)
    __rt_SIGRTMEM_inner                      0x08000d8d   Thumb Code    22  defsig_rtmem_inner.o(.text)
    SysTick_Handler                          0x08000ec1   Thumb Code    46  port.o(i.SysTick_Handler)
    SystemInit                               0x08000ef5   Thumb Code    78  system_stm32f10x.o(i.SystemInit)
    _sys_close                               0x08000f55   Thumb Code    38  retarget_io.o(i._sys_close)
    _sys_flen                                0x08000f7b   Thumb Code    38  retarget_io.o(i._sys_flen)
    _sys_istty                               0x08000fa1   Thumb Code    36  retarget_io.o(i._sys_istty)
    _sys_open                                0x08000fc5   Thumb Code    80  retarget_io.o(i._sys_open)
    _sys_seek                                0x0800102d   Thumb Code    44  retarget_io.o(i._sys_seek)
    _sys_write                               0x08001059   Thumb Code    70  retarget_io.o(i._sys_write)
    fputc                                    0x0800109f   Thumb Code    26  fputc.o(i.fputc)
    main                                     0x080010b9   Thumb Code    50  main.o(i.main)
    pvPortMalloc                             0x080013fd   Thumb Code   166  heap_2.o(i.pvPortMalloc)
    pxPortInitialiseStack                    0x080014b5   Thumb Code    30  port.o(i.pxPortInitialiseStack)
    stdout_putchar                           0x080014d9   Thumb Code    50  stdout_itm.o(i.stdout_putchar)
    uxListRemove                             0x08001511   Thumb Code    40  list.o(i.uxListRemove)
    vListInitialise                          0x08001539   Thumb Code    26  list.o(i.vListInitialise)
    vListInitialiseItem                      0x08001553   Thumb Code     6  list.o(i.vListInitialiseItem)
    vListInsertEnd                           0x08001559   Thumb Code    24  list.o(i.vListInsertEnd)
    vPortEnterCritical                       0x08001571   Thumb Code    78  port.o(i.vPortEnterCritical)
    vPortExitCritical                        0x080015c9   Thumb Code    56  port.o(i.vPortExitCritical)
    vPortFree                                0x08001605   Thumb Code    56  heap_2.o(i.vPortFree)
    vPortSetupTimerInterrupt                 0x08001645   Thumb Code    26  port.o(i.vPortSetupTimerInterrupt)
    vTask1                                   0x08001665   Thumb Code    36  main.o(i.vTask1)
    vTask2                                   0x080016a1   Thumb Code    36  main.o(i.vTask2)
    vTaskStartScheduler                      0x080016dd   Thumb Code   108  tasks.o(i.vTaskStartScheduler)
    vTaskSuspendAll                          0x08001765   Thumb Code    12  tasks.o(i.vTaskSuspendAll)
    vTaskSwitchContext                       0x08001775   Thumb Code   118  tasks.o(i.vTaskSwitchContext)
    xPortStartScheduler                      0x08001801   Thumb Code   140  port.o(i.xPortStartScheduler)
    xTaskCreate                              0x080018a1   Thumb Code    96  tasks.o(i.xTaskCreate)
    xTaskIncrementTick                       0x08001901   Thumb Code   282  tasks.o(i.xTaskIncrementTick)
    xTaskResumeAll                           0x08001a49   Thumb Code   224  tasks.o(i.xTaskResumeAll)
    __stdin_name                             0x08001b4c   Data           7  retarget_io.o(.constdata)
    __stdout_name                            0x08001b53   Data           8  retarget_io.o(.constdata)
    __stderr_name                            0x08001b5b   Data           8  retarget_io.o(.constdata)
    Region$$Table$$Base                      0x08001b64   Number         0  anon$$obj.o(Region$$Table)
    Region$$Table$$Limit                     0x08001b84   Number         0  anon$$obj.o(Region$$Table)
    pxCurrentTCB                             0x20000000   Data           4  tasks.o(.data)
    SystemCoreClock                          0x20000060   Data           4  system_stm32f10x.o(.data)
    AHBPrescTable                            0x20000064   Data          16  system_stm32f10x.o(.data)
    __aeabi_stdin                            0x20000074   Data           4  stdio_streams.o(.data)
    __aeabi_stdout                           0x20000078   Data           4  stdio_streams.o(.data)
    __aeabi_stderr                           0x2000007c   Data           4  stdio_streams.o(.data)
    __stdin                                  0x20000d48   Data          84  stdio_streams.o(.bss)
    __stdout                                 0x20000d9c   Data          84  stdio_streams.o(.bss)
    __stderr                                 0x20000df0   Data          84  stdio_streams.o(.bss)
    __libspace_start                         0x20000e44   Data          96  libspace.o(.bss)
    __temporary_stack_top$libspace           0x20000ea4   Data           0  libspace.o(.bss)



==============================================================================

Memory Map of the image

  Image Entry point : 0x080000ed

  Load Region LR_IROM1 (Base: 0x08000000, Size: 0x00001c04, Max: 0x00010000, ABSOLUTE)

    Execution Region ER_IROM1 (Exec base: 0x08000000, Load base: 0x08000000, Size: 0x00001b84, Max: 0x00010000, ABSOLUTE)

    Exec Addr    Load Addr    Size         Type   Attr      Idx    E Section Name        Object

    0x08000000   0x08000000   0x000000ec   Data   RO         1033    RESET               startup_stm32f10x_md.o
    0x080000ec   0x080000ec   0x00000008   Code   RO         1095  * !!!main             c_w.l(__main.o)
    0x080000f4   0x080000f4   0x00000034   Code   RO         1433    !!!scatter          c_w.l(__scatter.o)
    0x08000128   0x08000128   0x0000001a   Code   RO         1435    !!handler_copy      c_w.l(__scatter_copy.o)
    0x08000142   0x08000142   0x00000002   PAD
    0x08000144   0x08000144   0x0000001c   Code   RO         1437    !!handler_zi        c_w.l(__scatter_zi.o)
    0x08000160   0x08000160   0x00000002   Code   RO         1229    .ARM.Collect$$libinit$$00000000  c_w.l(libinit.o)
    0x08000162   0x08000162   0x00000000   Code   RO         1231    .ARM.Collect$$libinit$$00000002  c_w.l(libinit2.o)
    0x08000162   0x08000162   0x00000008   Code   RO         1232    .ARM.Collect$$libinit$$00000003  c_w.l(libinit2.o)
    0x0800016a   0x0800016a   0x00000000   Code   RO         1234    .ARM.Collect$$libinit$$00000008  c_w.l(libinit2.o)
    0x0800016a   0x0800016a   0x00000000   Code   RO         1236    .ARM.Collect$$libinit$$0000000A  c_w.l(libinit2.o)
    0x0800016a   0x0800016a   0x00000000   Code   RO         1238    .ARM.Collect$$libinit$$0000000C  c_w.l(libinit2.o)
    0x0800016a   0x0800016a   0x00000000   Code   RO         1241    .ARM.Collect$$libinit$$0000000F  c_w.l(libinit2.o)
    0x0800016a   0x0800016a   0x00000000   Code   RO         1243    .ARM.Collect$$libinit$$00000011  c_w.l(libinit2.o)
    0x0800016a   0x0800016a   0x00000000   Code   RO         1245    .ARM.Collect$$libinit$$00000013  c_w.l(libinit2.o)
    0x0800016a   0x0800016a   0x00000000   Code   RO         1247    .ARM.Collect$$libinit$$00000015  c_w.l(libinit2.o)
    0x0800016a   0x0800016a   0x00000000   Code   RO         1249    .ARM.Collect$$libinit$$00000017  c_w.l(libinit2.o)
    0x0800016a   0x0800016a   0x00000000   Code   RO         1251    .ARM.Collect$$libinit$$00000019  c_w.l(libinit2.o)
    0x0800016a   0x0800016a   0x00000000   Code   RO         1253    .ARM.Collect$$libinit$$0000001B  c_w.l(libinit2.o)
    0x0800016a   0x0800016a   0x00000000   Code   RO         1255    .ARM.Collect$$libinit$$0000001D  c_w.l(libinit2.o)
    0x0800016a   0x0800016a   0x00000000   Code   RO         1257    .ARM.Collect$$libinit$$0000001F  c_w.l(libinit2.o)
    0x0800016a   0x0800016a   0x00000000   Code   RO         1259    .ARM.Collect$$libinit$$00000021  c_w.l(libinit2.o)
    0x0800016a   0x0800016a   0x00000004   Code   RO         1260    .ARM.Collect$$libinit$$00000022  c_w.l(libinit2.o)
    0x0800016e   0x0800016e   0x00000000   Code   RO         1261    .ARM.Collect$$libinit$$00000023  c_w.l(libinit2.o)
    0x0800016e   0x0800016e   0x00000000   Code   RO         1265    .ARM.Collect$$libinit$$0000002A  c_w.l(libinit2.o)
    0x0800016e   0x0800016e   0x00000000   Code   RO         1267    .ARM.Collect$$libinit$$0000002C  c_w.l(libinit2.o)
    0x0800016e   0x0800016e   0x00000000   Code   RO         1269    .ARM.Collect$$libinit$$0000002E  c_w.l(libinit2.o)
    0x0800016e   0x0800016e   0x00000000   Code   RO         1271    .ARM.Collect$$libinit$$00000030  c_w.l(libinit2.o)
    0x0800016e   0x0800016e   0x00000002   Code   RO         1272    .ARM.Collect$$libinit$$00000031  c_w.l(libinit2.o)
    0x08000170   0x08000170   0x00000002   Code   RO         1412    .ARM.Collect$$libshutdown$$00000000  c_w.l(libshutdown.o)
    0x08000172   0x08000172   0x00000004   Code   RO         1274    .ARM.Collect$$libshutdown$$00000002  c_w.l(libshutdown2.o)
    0x08000176   0x08000176   0x00000000   Code   RO         1275    .ARM.Collect$$libshutdown$$00000003  c_w.l(libshutdown2.o)
    0x08000176   0x08000176   0x00000000   Code   RO         1278    .ARM.Collect$$libshutdown$$00000006  c_w.l(libshutdown2.o)
    0x08000176   0x08000176   0x00000000   Code   RO         1281    .ARM.Collect$$libshutdown$$00000009  c_w.l(libshutdown2.o)
    0x08000176   0x08000176   0x00000000   Code   RO         1283    .ARM.Collect$$libshutdown$$0000000B  c_w.l(libshutdown2.o)
    0x08000176   0x08000176   0x00000000   Code   RO         1286    .ARM.Collect$$libshutdown$$0000000E  c_w.l(libshutdown2.o)
    0x08000176   0x08000176   0x00000002   Code   RO         1287    .ARM.Collect$$libshutdown$$0000000F  c_w.l(libshutdown2.o)
    0x08000178   0x08000178   0x00000000   Code   RO         1097    .ARM.Collect$$rtentry$$00000000  c_w.l(rtentry.o)
    0x08000178   0x08000178   0x00000000   Code   RO         1111    .ARM.Collect$$rtentry$$00000002  c_w.l(rtentry2.o)
    0x08000178   0x08000178   0x00000006   Code   RO         1123    .ARM.Collect$$rtentry$$00000004  c_w.l(rtentry4.o)
    0x0800017e   0x0800017e   0x00000000   Code   RO         1113    .ARM.Collect$$rtentry$$00000009  c_w.l(rtentry2.o)
    0x0800017e   0x0800017e   0x00000004   Code   RO         1114    .ARM.Collect$$rtentry$$0000000A  c_w.l(rtentry2.o)
    0x08000182   0x08000182   0x00000000   Code   RO         1116    .ARM.Collect$$rtentry$$0000000C  c_w.l(rtentry2.o)
    0x08000182   0x08000182   0x00000008   Code   RO         1117    .ARM.Collect$$rtentry$$0000000D  c_w.l(rtentry2.o)
    0x0800018a   0x0800018a   0x00000002   Code   RO         1293    .ARM.Collect$$rtexit$$00000000  c_w.l(rtexit.o)
    0x0800018c   0x0800018c   0x00000000   Code   RO         1347    .ARM.Collect$$rtexit$$00000002  c_w.l(rtexit2.o)
    0x0800018c   0x0800018c   0x00000004   Code   RO         1348    .ARM.Collect$$rtexit$$00000003  c_w.l(rtexit2.o)
    0x08000190   0x08000190   0x00000006   Code   RO         1349    .ARM.Collect$$rtexit$$00000004  c_w.l(rtexit2.o)
    0x08000196   0x08000196   0x00000002   PAD
    0x08000198   0x08000198   0x00000096   Code   RO          781    .emb_text           port.o
    0x0800022e   0x0800022e   0x00000002   PAD
    0x08000230   0x08000230   0x00000000   Code   RO         1353    .emb_text           c_w.l(maybetermalloc1.o)
    0x08000230   0x08000230   0x00000040   Code   RO         1034    .text               startup_stm32f10x_md.o
    0x08000270   0x08000270   0x00000018   Code   RO         1085    .text               c_w.l(noretval__2printf.o)
    0x08000288   0x08000288   0x00000010   Code   RO         1089    .text               c_w.l(aeabi_memset.o)
    0x08000298   0x08000298   0x00000080   Code   RO         1091    .text               c_w.l(strcmpv7m.o)
    0x08000318   0x08000318   0x00000006   Code   RO         1093    .text               c_w.l(heapauxi.o)
    0x0800031e   0x0800031e   0x00000002   PAD
    0x08000320   0x08000320   0x00000024   Code   RO         1098    .text               c_w.l(_printf_char_file.o)
    0x08000344   0x08000344   0x00000044   Code   RO         1108    .text               c_w.l(rt_memclr.o)
    0x08000388   0x08000388   0x00000030   Code   RO         1125    .text               c_w.l(_printf_char_common.o)
    0x080003b8   0x080003b8   0x00000008   Code   RO         1127    .text               c_w.l(ferror.o)
    0x080003c0   0x080003c0   0x00000138   Code   RO         1133    .text               c_w.l(initio.o)
    0x080004f8   0x080004f8   0x0000004e   Code   RO         1141    .text               c_w.l(rt_memclr_w.o)
    0x08000546   0x08000546   0x0000004a   Code   RO         1145    .text               c_w.l(sys_stackheap_outer.o)
    0x08000590   0x08000590   0x0000004e   Code   RO         1149    .text               c_w.l(h1_free.o)
    0x080005de   0x080005de   0x00000026   Code   RO         1203    .text               c_w.l(__printf_nopercent.o)
    0x08000604   0x08000604   0x000001de   Code   RO         1205    .text               c_w.l(flsbuf.o)
    0x080007e2   0x080007e2   0x00000046   Code   RO         1207    .text               c_w.l(setvbuf.o)
    0x08000828   0x08000828   0x000000ec   Code   RO         1210    .text               c_w.l(fopen.o)
    0x08000914   0x08000914   0x0000004c   Code   RO         1212    .text               c_w.l(fclose.o)
    0x08000960   0x08000960   0x0000000c   Code   RO         1218    .text               c_w.l(exit.o)
    0x0800096c   0x0800096c   0x0000000e   Code   RO         1220    .text               c_w.l(defsig_rtred_outer.o)
    0x0800097a   0x0800097a   0x00000002   PAD
    0x0800097c   0x0800097c   0x00000008   Code   RO         1290    .text               c_w.l(libspace.o)
    0x08000984   0x08000984   0x00000008   Code   RO         1300    .text               c_w.l(rt_heap_descriptor_intlibspace.o)
    0x0800098c   0x0800098c   0x00000004   Code   RO         1302    .text               c_w.l(hguard.o)
    0x08000990   0x08000990   0x0000008a   Code   RO         1304    .text               c_w.l(init_alloc.o)
    0x08000a1a   0x08000a1a   0x0000005e   Code   RO         1310    .text               c_w.l(h1_alloc.o)
    0x08000a78   0x08000a78   0x000000f8   Code   RO         1326    .text               c_w.l(fseek.o)
    0x08000b70   0x08000b70   0x000000f0   Code   RO         1328    .text               c_w.l(stdio.o)
    0x08000c60   0x08000c60   0x0000000a   Code   RO         1334    .text               c_w.l(defsig_exit.o)
    0x08000c6a   0x08000c6a   0x00000002   PAD
    0x08000c6c   0x08000c6c   0x00000034   Code   RO         1336    .text               c_w.l(defsig_rtred_inner.o)
    0x08000ca0   0x08000ca0   0x0000000c   Code   RO         1344    .text               c_w.l(sys_exit.o)
    0x08000cac   0x08000cac   0x0000000e   Code   RO         1355    .text               c_w.l(h1_init.o)
    0x08000cba   0x08000cba   0x00000034   Code   RO         1357    .text               c_w.l(h1_extend.o)
    0x08000cee   0x08000cee   0x00000046   Code   RO         1367    .text               c_w.l(ftell.o)
    0x08000d34   0x08000d34   0x00000032   Code   RO         1375    .text               c_w.l(defsig_general.o)
    0x08000d66   0x08000d66   0x0000000e   Code   RO         1377    .text               c_w.l(defsig_rtmem_outer.o)
    0x08000d74   0x08000d74   0x0000000e   Code   RO         1390    .text               c_w.l(sys_wrch.o)
    0x08000d82   0x08000d82   0x00000002   Code   RO         1394    .text               c_w.l(use_no_semi.o)
    0x08000d84   0x08000d84   0x00000000   Code   RO         1396    .text               c_w.l(indicate_semi.o)
    0x08000d84   0x08000d84   0x00000008   Code   RO         1400    .text               c_w.l(rt_errno_addr_intlibspace.o)
    0x08000d8c   0x08000d8c   0x00000050   Code   RO         1406    .text               c_w.l(defsig_rtmem_inner.o)
    0x08000ddc   0x08000ddc   0x00000008   Code   RO         1041    i.SetSysClock       system_stm32f10x.o
    0x08000de4   0x08000de4   0x000000dc   Code   RO         1042    i.SetSysClockTo72   system_stm32f10x.o
    0x08000ec0   0x08000ec0   0x00000034   Code   RO          782    i.SysTick_Handler   port.o
    0x08000ef4   0x08000ef4   0x00000060   Code   RO         1044    i.SystemInit        system_stm32f10x.o
    0x08000f54   0x08000f54   0x00000026   Code   RO          896    i._sys_close        retarget_io.o
    0x08000f7a   0x08000f7a   0x00000026   Code   RO          897    i._sys_flen         retarget_io.o
    0x08000fa0   0x08000fa0   0x00000024   Code   RO          898    i._sys_istty        retarget_io.o
    0x08000fc4   0x08000fc4   0x00000068   Code   RO          899    i._sys_open         retarget_io.o
    0x0800102c   0x0800102c   0x0000002c   Code   RO          901    i._sys_seek         retarget_io.o
    0x08001058   0x08001058   0x00000046   Code   RO          902    i._sys_write        retarget_io.o
    0x0800109e   0x0800109e   0x0000001a   Code   RO         1130    i.fputc             c_w.l(fputc.o)
    0x080010b8   0x080010b8   0x00000044   Code   RO            4    i.main              main.o
    0x080010fc   0x080010fc   0x000000b8   Code   RO          327    i.prvAddNewTaskToReadyList  tasks.o
    0x080011b4   0x080011b4   0x00000064   Code   RO          328    i.prvCheckTasksWaitingTermination  tasks.o
    0x08001218   0x08001218   0x00000012   Code   RO          329    i.prvDeleteTCB      tasks.o
    0x0800122a   0x0800122a   0x00000002   PAD
    0x0800122c   0x0800122c   0x00000038   Code   RO          858    i.prvHeapInit       heap_2.o
    0x08001264   0x08001264   0x00000008   Code   RO          330    i.prvIdleTask       tasks.o
    0x0800126c   0x0800126c   0x000000b4   Code   RO          331    i.prvInitialiseNewTask  tasks.o
    0x08001320   0x08001320   0x00000068   Code   RO          332    i.prvInitialiseTaskLists  tasks.o
    0x08001388   0x08001388   0x00000034   Code   RO          334    i.prvResetNextTaskUnblockTime  tasks.o
    0x080013bc   0x080013bc   0x00000040   Code   RO          783    i.prvTaskExitError  port.o
    0x080013fc   0x080013fc   0x000000b8   Code   RO          859    i.pvPortMalloc      heap_2.o
    0x080014b4   0x080014b4   0x00000024   Code   RO          784    i.pxPortInitialiseStack  port.o
    0x080014d8   0x080014d8   0x00000038   Code   RO         1006    i.stdout_putchar    stdout_itm.o
    0x08001510   0x08001510   0x00000028   Code   RO          656    i.uxListRemove      list.o
    0x08001538   0x08001538   0x0000001a   Code   RO          657    i.vListInitialise   list.o
    0x08001552   0x08001552   0x00000006   Code   RO          658    i.vListInitialiseItem  list.o
    0x08001558   0x08001558   0x00000018   Code   RO          660    i.vListInsertEnd    list.o
    0x08001570   0x08001570   0x00000058   Code   RO          786    i.vPortEnterCritical  port.o
    0x080015c8   0x080015c8   0x0000003c   Code   RO          787    i.vPortExitCritical  port.o
    0x08001604   0x08001604   0x00000040   Code   RO          860    i.vPortFree         heap_2.o
    0x08001644   0x08001644   0x00000020   Code   RO          788    i.vPortSetupTimerInterrupt  port.o
    0x08001664   0x08001664   0x0000003c   Code   RO            5    i.vTask1            main.o
    0x080016a0   0x080016a0   0x0000003c   Code   RO            6    i.vTask2            main.o
    0x080016dc   0x080016dc   0x00000088   Code   RO          359    i.vTaskStartScheduler  tasks.o
    0x08001764   0x08001764   0x00000010   Code   RO          361    i.vTaskSuspendAll   tasks.o
    0x08001774   0x08001774   0x0000008c   Code   RO          362    i.vTaskSwitchContext  tasks.o
    0x08001800   0x08001800   0x000000a0   Code   RO          790    i.xPortStartScheduler  port.o
    0x080018a0   0x080018a0   0x00000060   Code   RO          364    i.xTaskCreate       tasks.o
    0x08001900   0x08001900   0x00000148   Code   RO          371    i.xTaskIncrementTick  tasks.o
    0x08001a48   0x08001a48   0x00000104   Code   RO          377    i.xTaskResumeAll    tasks.o
    0x08001b4c   0x08001b4c   0x00000017   Data   RO          903    .constdata          retarget_io.o
    0x08001b63   0x08001b63   0x00000001   PAD
    0x08001b64   0x08001b64   0x00000020   Data   RO         1431    Region$$Table       anon$$obj.o


    Execution Region RW_IRAM1 (Exec base: 0x20000000, Load base: 0x08001b84, Size: 0x000014a8, Max: 0x00005000, ABSOLUTE)

    Exec Addr    Load Addr    Size         Type   Attr      Idx    E Section Name        Object

    0x20000000   0x08001b84   0x0000003c   Data   RW          380    .data               tasks.o
    0x2000003c   0x08001bc0   0x0000000c   Data   RW          791    .data               port.o
    0x20000048   0x08001bcc   0x00000018   Data   RW          864    .data               heap_2.o
    0x20000060   0x08001be4   0x00000014   Data   RW         1045    .data               system_stm32f10x.o
    0x20000074   0x08001bf8   0x00000004   Data   RW         1103    .data               c_w.l(stdio_streams.o)
    0x20000078   0x08001bfc   0x00000004   Data   RW         1104    .data               c_w.l(stdio_streams.o)
    0x2000007c   0x08001c00   0x00000004   Data   RW         1105    .data               c_w.l(stdio_streams.o)
    0x20000080        -       0x000000c8   Zero   RW          379    .bss                tasks.o
    0x20000148        -       0x00000c00   Zero   RW          863    .bss                heap_2.o
    0x20000d48        -       0x00000054   Zero   RW         1100    .bss                c_w.l(stdio_streams.o)
    0x20000d9c        -       0x00000054   Zero   RW         1101    .bss                c_w.l(stdio_streams.o)
    0x20000df0        -       0x00000054   Zero   RW         1102    .bss                c_w.l(stdio_streams.o)
    0x20000e44        -       0x00000060   Zero   RW         1291    .bss                c_w.l(libspace.o)
    0x20000ea4   0x08001c04   0x00000004   PAD
    0x20000ea8        -       0x00000200   Zero   RW         1032    HEAP                startup_stm32f10x_md.o
    0x200010a8        -       0x00000400   Zero   RW         1031    STACK               startup_stm32f10x_md.o


==============================================================================

Image component sizes


      Code (inc. data)   RO Data    RW Data    ZI Data      Debug   Object Name

       304         40          0         24       3072       3411   heap_2.o
        96          0          0          0          0       2292   list.o
       188         66          0          0          0     216025   main.o
       642         68          0         12          0       9388   port.o
         0          0          0          0          0       7844   queue.o
       330         24         23          0          0       5230   retarget_io.o
        64         26        236          0       1536        772   startup_stm32f10x_md.o
        56          6          0          0          0      25936   stdout_itm.o
       324         26          0         20          0       2221   system_stm32f10x.o
      1622        222          0         60        200      12108   tasks.o
         0          0          0          0          0       1328   timers.o

    ----------------------------------------------------------------------
      3630        478        292        116       4808     286555   Object Totals
         0          0         32          0          0          0   (incl. Generated)
         4          0          1          0          0          0   (incl. Padding)

    ----------------------------------------------------------------------

      Code (inc. data)   RO Data    RW Data    ZI Data      Debug   Library Member Name

         8          0          0          0          0         68   __main.o
        38          0          0          0          0         84   __printf_nopercent.o
        52          8          0          0          0          0   __scatter.o
        26          0          0          0          0          0   __scatter_copy.o
        28          0          0          0          0          0   __scatter_zi.o
        48          6          0          0          0         96   _printf_char_common.o
        36          4          0          0          0         80   _printf_char_file.o
        16          0          0          0          0         68   aeabi_memset.o
        10          0          0          0          0         68   defsig_exit.o
        50          0          0          0          0         88   defsig_general.o
        80         58          0          0          0         76   defsig_rtmem_inner.o
        14          0          0          0          0         80   defsig_rtmem_outer.o
        52         38          0          0          0         76   defsig_rtred_inner.o
        14          0          0          0          0         80   defsig_rtred_outer.o
        12          0          0          0          0         72   exit.o
        76          0          0          0          0         88   fclose.o
         8          0          0          0          0         68   ferror.o
       478          0          0          0          0         88   flsbuf.o
       236          4          0          0          0        128   fopen.o
        26          0          0          0          0         68   fputc.o
       248          6          0          0          0         84   fseek.o
        70          0          0          0          0         76   ftell.o
        94          0          0          0          0         80   h1_alloc.o
        52          0          0          0          0         68   h1_extend.o
        78          0          0          0          0         80   h1_free.o
        14          0          0          0          0         84   h1_init.o
         6          0          0          0          0        152   heapauxi.o
         4          0          0          0          0        136   hguard.o
         0          0          0          0          0          0   indicate_semi.o
       138          0          0          0          0        168   init_alloc.o
       312         46          0          0          0        112   initio.o
         2          0          0          0          0          0   libinit.o
        14          0          0          0          0          0   libinit2.o
         2          0          0          0          0          0   libshutdown.o
         6          0          0          0          0          0   libshutdown2.o
         8          4          0          0         96         68   libspace.o
         0          0          0          0          0          0   maybetermalloc1.o
        24          4          0          0          0         84   noretval__2printf.o
         8          4          0          0          0         68   rt_errno_addr_intlibspace.o
         8          4          0          0          0         68   rt_heap_descriptor_intlibspace.o
        68          0          0          0          0         68   rt_memclr.o
        78          0          0          0          0         80   rt_memclr_w.o
         0          0          0          0          0          0   rtentry.o
        12          0          0          0          0          0   rtentry2.o
         6          0          0          0          0          0   rtentry4.o
         2          0          0          0          0          0   rtexit.o
        10          0          0          0          0          0   rtexit2.o
        70          0          0          0          0         80   setvbuf.o
       240          6          0          0          0        156   stdio.o
         0          0          0         12        252          0   stdio_streams.o
       128          0          0          0          0         68   strcmpv7m.o
        12          4          0          0          0         68   sys_exit.o
        74          0          0          0          0         80   sys_stackheap_outer.o
        14          0          0          0          0         76   sys_wrch.o
         2          0          0          0          0         68   use_no_semi.o

    ----------------------------------------------------------------------
      3122        196          0         12        352       3448   Library Totals
        10          0          0          0          4          0   (incl. Padding)

    ----------------------------------------------------------------------

      Code (inc. data)   RO Data    RW Data    ZI Data      Debug   Library Name

      3112        196          0         12        348       3448   c_w.l

    ----------------------------------------------------------------------
      3122        196          0         12        352       3448   Library Totals

    ----------------------------------------------------------------------

==============================================================================


      Code (inc. data)   RO Data    RW Data    ZI Data      Debug   

      6752        674        292        128       5160     285895   Grand Totals
      6752        674        292        128       5160     285895   ELF Image Totals
      6752        674        292        128          0          0   ROM Totals

==============================================================================

    Total RO  Size (Code + RO Data)                 7044 (   6.88kB)
    Total RW  Size (RW Data + ZI Data)              5288 (   5.16kB)
    Total ROM Size (Code + RO Data + RW Data)       7172 (   7.00kB)

==============================================================================

