ARM Linker, 5.03 [Build 76] [MDK-ARM Lite]

==============================================================================

Section Cross References

    main.o(i.SystemClock_Config) refers to rt_memclr_w.o(.text) for __aeabi_memclr4
    main.o(i.SystemClock_Config) refers to stm32f4xx_hal_rcc.o(i.HAL_RCC_OscConfig) for HAL_RCC_OscConfig
    main.o(i.SystemClock_Config) refers to stm32f4xx_hal_rcc.o(i.HAL_RCC_ClockConfig) for HAL_RCC_ClockConfig
    main.o(i.UART_Init) refers to rt_memclr_w.o(.text) for __aeabi_memclr4
    main.o(i.UART_Init) refers to stm32f4xx_hal_gpio.o(i.HAL_GPIO_Init) for HAL_GPIO_Init
    main.o(i.UART_Init) refers to stm32f4xx_hal_uart.o(i.HAL_UART_Init) for HAL_UART_Init
    main.o(i.UART_Init) refers to main.o(.bss) for .bss
    main.o(i.main) refers to stm32f4xx_hal.o(i.HAL_Init) for HAL_Init
    main.o(i.main) refers to main.o(i.SystemClock_Config) for SystemClock_Config
    main.o(i.main) refers to main.o(i.UART_Init) for UART_Init
    main.o(i.main) refers to rt_memclr_w.o(.text) for __aeabi_memclr4
    main.o(i.main) refers to stm32f4xx_hal_gpio.o(i.HAL_GPIO_Init) for HAL_GPIO_Init
    main.o(i.main) refers to tasks.o(i.xTaskCreate) for xTaskCreate
    main.o(i.main) refers to tasks.o(i.vTaskStartScheduler) for vTaskStartScheduler
    main.o(i.main) refers to main.o(i.vTask1) for vTask1
    main.o(i.main) refers to main.o(i.vTask2) for vTask2
    main.o(i.vTask1) refers to strlen.o(.text) for strlen
    main.o(i.vTask1) refers to stm32f4xx_hal_uart.o(i.HAL_UART_Transmit) for HAL_UART_Transmit
    main.o(i.vTask1) refers to stm32f4xx_hal_gpio.o(i.HAL_GPIO_WritePin) for HAL_GPIO_WritePin
    main.o(i.vTask1) refers to main.o(.bss) for .bss
    main.o(i.vTask2) refers to strlen.o(.text) for strlen
    main.o(i.vTask2) refers to stm32f4xx_hal_uart.o(i.HAL_UART_Transmit) for HAL_UART_Transmit
    main.o(i.vTask2) refers to stm32f4xx_hal_gpio.o(i.HAL_GPIO_WritePin) for HAL_GPIO_WritePin
    main.o(i.vTask2) refers to main.o(.bss) for .bss
    queue.o(i.pcQueueGetName) refers to queue.o(.bss) for .bss
    queue.o(i.prvCopyDataFromQueue) refers to rt_memcpy_v6.o(.text) for __aeabi_memcpy
    queue.o(i.prvCopyDataToQueue) refers to rt_memcpy_v6.o(.text) for __aeabi_memcpy
    queue.o(i.prvCopyDataToQueue) refers to tasks.o(i.xTaskPriorityDisinherit) for xTaskPriorityDisinherit
    queue.o(i.prvInitialiseMutex) refers to queue.o(i.xQueueGenericSend) for xQueueGenericSend
    queue.o(i.prvInitialiseNewQueue) refers to queue.o(i.xQueueGenericReset) for xQueueGenericReset
    queue.o(i.prvIsQueueEmpty) refers to port.o(i.vPortEnterCritical) for vPortEnterCritical
    queue.o(i.prvIsQueueEmpty) refers to port.o(i.vPortExitCritical) for vPortExitCritical
    queue.o(i.prvIsQueueFull) refers to port.o(i.vPortEnterCritical) for vPortEnterCritical
    queue.o(i.prvIsQueueFull) refers to port.o(i.vPortExitCritical) for vPortExitCritical
    queue.o(i.prvUnlockQueue) refers to port.o(i.vPortEnterCritical) for vPortEnterCritical
    queue.o(i.prvUnlockQueue) refers to tasks.o(i.xTaskRemoveFromEventList) for xTaskRemoveFromEventList
    queue.o(i.prvUnlockQueue) refers to tasks.o(i.vTaskMissedYield) for vTaskMissedYield
    queue.o(i.prvUnlockQueue) refers to port.o(i.vPortExitCritical) for vPortExitCritical
    queue.o(i.uxQueueMessagesWaiting) refers to port.o(i.vPortEnterCritical) for vPortEnterCritical
    queue.o(i.uxQueueMessagesWaiting) refers to port.o(i.vPortExitCritical) for vPortExitCritical
    queue.o(i.uxQueueSpacesAvailable) refers to port.o(i.vPortEnterCritical) for vPortEnterCritical
    queue.o(i.uxQueueSpacesAvailable) refers to port.o(i.vPortExitCritical) for vPortExitCritical
    queue.o(i.vQueueAddToRegistry) refers to queue.o(.bss) for .bss
    queue.o(i.vQueueDelete) refers to queue.o(i.vQueueUnregisterQueue) for vQueueUnregisterQueue
    queue.o(i.vQueueDelete) refers to heap_2.o(i.vPortFree) for vPortFree
    queue.o(i.vQueueUnregisterQueue) refers to queue.o(.bss) for .bss
    queue.o(i.xQueueCreateCountingSemaphore) refers to queue.o(i.xQueueGenericCreate) for xQueueGenericCreate
    queue.o(i.xQueueCreateMutex) refers to queue.o(i.xQueueGenericCreate) for xQueueGenericCreate
    queue.o(i.xQueueCreateMutex) refers to queue.o(i.prvInitialiseMutex) for prvInitialiseMutex
    queue.o(i.xQueueGenericCreate) refers to heap_2.o(i.pvPortMalloc) for pvPortMalloc
    queue.o(i.xQueueGenericCreate) refers to queue.o(i.prvInitialiseNewQueue) for prvInitialiseNewQueue
    queue.o(i.xQueueGenericReceive) refers to tasks.o(i.xTaskGetSchedulerState) for xTaskGetSchedulerState
    queue.o(i.xQueueGenericReceive) refers to port.o(i.vPortEnterCritical) for vPortEnterCritical
    queue.o(i.xQueueGenericReceive) refers to queue.o(i.prvCopyDataFromQueue) for prvCopyDataFromQueue
    queue.o(i.xQueueGenericReceive) refers to tasks.o(i.xTaskRemoveFromEventList) for xTaskRemoveFromEventList
    queue.o(i.xQueueGenericReceive) refers to port.o(i.vPortExitCritical) for vPortExitCritical
[...]
    Removing queue.o(i.xQueueGenericReceive), (392 bytes).
    Removing queue.o(i.xQueueGenericReset), (140 bytes).
    Removing queue.o(i.xQueueGenericSend), (356 bytes).
    Removing queue.o(i.xQueueGenericSendFromISR), (190 bytes).
    Removing queue.o(i.xQueueGiveFromISR), (158 bytes).
    Removing queue.o(i.xQueueGiveMutexRecursive), (64 bytes).
    Removing queue.o(i.xQueueIsQueueEmptyFromISR), (32 bytes).
    Removing queue.o(i.xQueueIsQueueFullFromISR), (36 bytes).
    Removing queue.o(i.xQueuePeekFromISR), (124 bytes).
    Removing queue.o(i.xQueueReceiveFromISR), (156 bytes).
    Removing queue.o(i.xQueueTakeMutexRecursive), (70 bytes).
    Removing queue.o(.bss), (64 bytes).
    Removing tasks.o(i.eTaskGetState), (108 bytes).
    Removing tasks.o(i.pcTaskGetName), (36 bytes).
    Removing tasks.o(i.prvAddCurrentTaskToDelayedList), (112 bytes).
    Removing tasks.o(i.prvListTasksWithinSingleList), (92 bytes).
    Removing tasks.o(i.prvTaskCheckFreeStackSpace), (20 bytes).
    Removing tasks.o(i.prvTaskIsTaskSuspended), (56 bytes).
    Removing tasks.o(i.pvTaskIncrementMutexHeldCount), (24 bytes).
    Removing tasks.o(i.ulTaskNotifyTake), (104 bytes).
    Removing tasks.o(i.uxTaskGetNumberOfTasks), (12 bytes).
    Removing tasks.o(i.uxTaskGetSystemState), (168 bytes).
    Removing tasks.o(i.uxTaskGetTaskNumber), (12 bytes).
    Removing tasks.o(i.uxTaskPriorityGet), (28 bytes).
    Removing tasks.o(i.uxTaskPriorityGetFromISR), (44 bytes).
    Removing tasks.o(i.uxTaskResetEventItemValue), (24 bytes).
    Removing tasks.o(i.vTaskDelay), (80 bytes).
    Removing tasks.o(i.vTaskDelayUntil), (152 bytes).
    Removing tasks.o(i.vTaskDelete), (172 bytes).
    Removing tasks.o(i.vTaskEndScheduler), (28 bytes).
    Removing tasks.o(i.vTaskGetInfo), (124 bytes).
    Removing tasks.o(i.vTaskMissedYield), (12 bytes).
    Removing tasks.o(i.vTaskNotifyGiveFromISR), (188 bytes).
    Removing tasks.o(i.vTaskPlaceOnEventList), (52 bytes).
    Removing tasks.o(i.vTaskPlaceOnUnorderedEventList), (80 bytes).
    Removing tasks.o(i.vTaskPriorityInherit), (136 bytes).
    Removing tasks.o(i.vTaskPrioritySet), (200 bytes).
    Removing tasks.o(i.vTaskResume), (128 bytes).
    Removing tasks.o(i.vTaskSetTaskNumber), (8 bytes).
    Removing tasks.o(i.vTaskSetTimeOutState), (36 bytes).
    Removing tasks.o(i.vTaskSuspend), (176 bytes).
    Removing tasks.o(i.xTaskCheckForTimeOut), (116 bytes).
    Removing tasks.o(i.xTaskGenericNotify), (208 bytes).
    Removing tasks.o(i.xTaskGenericNotifyFromISR), (256 bytes).
    Removing tasks.o(i.xTaskGetCurrentTaskHandle), (12 bytes).
    Removing tasks.o(i.xTaskGetSchedulerState), (28 bytes).
    Removing tasks.o(i.xTaskGetTickCount), (12 bytes).
    Removing tasks.o(i.xTaskGetTickCountFromISR), (16 bytes).
    Removing tasks.o(i.xTaskNotifyStateClear), (52 bytes).
    Removing tasks.o(i.xTaskNotifyWait), (144 bytes).
    Removing tasks.o(i.xTaskPriorityDisinherit), (152 bytes).
    Removing tasks.o(i.xTaskRemoveFromEventList), (124 bytes).
    Removing tasks.o(i.xTaskRemoveFromUnorderedEventList), (120 bytes).
    Removing tasks.o(i.xTaskResumeFromISR), (144 bytes).
    Removing heap_2.o(i.vPortInitialiseBlocks), (2 bytes).
    Removing heap_2.o(i.xPortGetFreeHeapSize), (12 bytes).
    Removing port.o(i.vPortEndScheduler), (32 bytes).
    Removing port.o(i.vPortValidateInterruptPriority), (84 bytes).
    Removing retarget_io_1.o(i.ITM_ReceiveChar), (28 bytes).
    Removing retarget_io_1.o(i.ITM_SendChar), (36 bytes).
    Removing retarget_io_1.o(i._sys_close), (32 bytes).
    Removing retarget_io_1.o(i._sys_flen), (32 bytes).
    Removing retarget_io_1.o(i._sys_istty), (32 bytes).
    Removing retarget_io_1.o(i._sys_open), (104 bytes).
    Removing retarget_io_1.o(i._sys_read), (20 bytes).
    Removing retarget_io_1.o(i._sys_seek), (12 bytes).
    Removing retarget_io_1.o(i._sys_write), (50 bytes).
    Removing retarget_io_1.o(i.stdout_putchar), (4 bytes).
    Removing retarget_io_1.o(.constdata), (7 bytes).
    Removing retarget_io_1.o(.constdata), (8 bytes).
    Removing retarget_io_1.o(.constdata), (8 bytes).
    Removing retarget_io_1.o(.data), (4 bytes).
    Removing stm32f4xx_hal.o(.rev16_text), (4 bytes).
    Removing stm32f4xx_hal.o(.revsh_text), (4 bytes).
    Removing stm32f4xx_hal.o(.rrx_text), (6 bytes).
    Removing stm32f4xx_hal.o(i.HAL_DBGMCU_DisableDBGSleepMode), (16 bytes).
    Removing stm32f4xx_hal.o(i.HAL_DBGMCU_DisableDBGStandbyMode), (16 bytes).
    Removing stm32f4xx_hal.o(i.HAL_DBGMCU_DisableDBGStopMode), (16 bytes).
    Removing stm32f4xx_hal.o(i.HAL_DBGMCU_EnableDBGSleepMode), (16 bytes).
    Removing stm32f4xx_hal.o(i.HAL_DBGMCU_EnableDBGStandbyMode), (16 bytes).
    Removing stm32f4xx_hal.o(i.HAL_DBGMCU_EnableDBGStopMode), (16 bytes).
    Removing stm32f4xx_hal.o(i.HAL_DeInit), (52 bytes).
    Removing stm32f4xx_hal.o(i.HAL_Delay), (36 bytes).
    Removing stm32f4xx_hal.o(i.HAL_DisableCompensationCell), (12 bytes).
    Removing stm32f4xx_hal.o(i.HAL_EnableCompensationCell), (12 bytes).
    Removing stm32f4xx_hal.o(i.HAL_GetDEVID), (16 bytes).
    Removing stm32f4xx_hal.o(i.HAL_GetHalVersion), (8 bytes).
    Removing stm32f4xx_hal.o(i.HAL_GetREVID), (12 bytes).
    Removing stm32f4xx_hal.o(i.HAL_GetTickFreq), (12 bytes).
    Removing stm32f4xx_hal.o(i.HAL_GetTickPrio), (12 bytes).
    Removing stm32f4xx_hal.o(i.HAL_GetUIDw0), (12 bytes).
    Removing stm32f4xx_hal.o(i.HAL_GetUIDw1), (12 bytes).
    Removing stm32f4xx_hal.o(i.HAL_GetUIDw2), (12 bytes).
    Removing stm32f4xx_hal.o(i.HAL_IncTick), (16 bytes).
    Removing stm32f4xx_hal.o(i.HAL_MspDeInit), (2 bytes).
    Removing stm32f4xx_hal.o(i.HAL_ResumeTick), (14 bytes).
    Removing stm32f4xx_hal.o(i.HAL_SetTickFreq), (28 bytes).
    Removing stm32f4xx_hal.o(i.HAL_SuspendTick), (14 bytes).
    Removing stm32f4xx_hal_cortex.o(.rev16_text), (4 bytes).
    Removing stm32f4xx_hal_cortex.o(.revsh_text), (4 bytes).
    Removing stm32f4xx_hal_cortex.o(.rrx_text), (6 bytes).
    Removing stm32f4xx_hal_cortex.o(i.HAL_MPU_ConfigRegion), (88 bytes).
    Removing stm32f4xx_hal_cortex.o(i.HAL_MPU_Disable), (28 bytes).
    Removing stm32f4xx_hal_cortex.o(i.HAL_MPU_Enable), (36 bytes).
    Removing stm32f4xx_hal_cortex.o(i.HAL_NVIC_ClearPendingIRQ), (28 bytes).
    Removing stm32f4xx_hal_cortex.o(i.HAL_NVIC_DisableIRQ), (36 bytes).
    Removing stm32f4xx_hal_cortex.o(i.HAL_NVIC_EnableIRQ), (28 bytes).
    Removing stm32f4xx_hal_cortex.o(i.HAL_NVIC_GetActive), (42 bytes).
    Removing stm32f4xx_hal_cortex.o(i.HAL_NVIC_GetPendingIRQ), (42 bytes).
    Removing stm32f4xx_hal_cortex.o(i.HAL_NVIC_GetPriority), (88 bytes).
    Removing stm32f4xx_hal_cortex.o(i.HAL_NVIC_GetPriorityGrouping), (16 bytes).
    Removing stm32f4xx_hal_cortex.o(i.HAL_NVIC_SetPendingIRQ), (28 bytes).
    Removing stm32f4xx_hal_cortex.o(i.HAL_NVIC_SystemReset), (36 bytes).
    Removing stm32f4xx_hal_cortex.o(i.HAL_SYSTICK_CLKSourceConfig), (28 bytes).
    Removing stm32f4xx_hal_cortex.o(i.HAL_SYSTICK_Callback), (2 bytes).
    Removing stm32f4xx_hal_cortex.o(i.HAL_SYSTICK_IRQHandler), (8 bytes).
    Removing stm32f4xx_hal_dma.o(.rev16_text), (4 bytes).
    Removing stm32f4xx_hal_dma.o(.revsh_text), (4 bytes).
    Removing stm32f4xx_hal_dma.o(.rrx_text), (6 bytes).
    Removing stm32f4xx_hal_dma.o(i.DMA_CalcBaseAndBitshift), (44 bytes).
    Removing stm32f4xx_hal_dma.o(i.DMA_CheckFifoParam), (120 bytes).
    Removing stm32f4xx_hal_dma.o(i.DMA_SetConfig), (42 bytes).
    Removing stm32f4xx_hal_dma.o(i.HAL_DMA_Abort), (142 bytes).
    Removing stm32f4xx_hal_dma.o(i.HAL_DMA_Abort_IT), (36 bytes).
    Removing stm32f4xx_hal_dma.o(i.HAL_DMA_DeInit), (102 bytes).
    Removing stm32f4xx_hal_dma.o(i.HAL_DMA_GetError), (4 bytes).
    Removing stm32f4xx_hal_dma.o(i.HAL_DMA_GetState), (6 bytes).
    Removing stm32f4xx_hal_dma.o(i.HAL_DMA_IRQHandler), (464 bytes).
    Removing stm32f4xx_hal_dma.o(i.HAL_DMA_Init), (212 bytes).
    Removing stm32f4xx_hal_dma.o(i.HAL_DMA_PollForTransfer), (286 bytes).
    Removing stm32f4xx_hal_dma.o(i.HAL_DMA_RegisterCallback), (80 bytes).
    Removing stm32f4xx_hal_dma.o(i.HAL_DMA_Start), (70 bytes).
    Removing stm32f4xx_hal_dma.o(i.HAL_DMA_Start_IT), (120 bytes).
    Removing stm32f4xx_hal_dma.o(i.HAL_DMA_UnRegisterCallback), (100 bytes).
    Removing stm32f4xx_hal_dma.o(.constdata), (8 bytes).
    Removing stm32f4xx_hal_dma_ex.o(.rev16_text), (4 bytes).
    Removing stm32f4xx_hal_dma_ex.o(.revsh_text), (4 bytes).
    Removing stm32f4xx_hal_dma_ex.o(.rrx_text), (6 bytes).
    Removing stm32f4xx_hal_dma_ex.o(i.DMA_MultiBufferSetConfig), (32 bytes).
    Removing stm32f4xx_hal_dma_ex.o(i.HAL_DMAEx_ChangeMemory), (16 bytes).
    Removing stm32f4xx_hal_dma_ex.o(i.HAL_DMAEx_MultiBufferStart), (100 bytes).
    Removing stm32f4xx_hal_dma_ex.o(i.HAL_DMAEx_MultiBufferStart_IT), (2824 bytes).
    Removing stm32f4xx_hal_gpio.o(.rev16_text), (4 bytes).
    Removing stm32f4xx_hal_gpio.o(.revsh_text), (4 bytes).
    Removing stm32f4xx_hal_gpio.o(.rrx_text), (6 bytes).
    Removing stm32f4xx_hal_gpio.o(i.HAL_GPIO_DeInit), (244 bytes).
    Removing stm32f4xx_hal_gpio.o(i.HAL_GPIO_EXTI_Callback), (2 bytes).
    Removing stm32f4xx_hal_gpio.o(i.HAL_GPIO_EXTI_IRQHandler), (24 bytes).
    Removing stm32f4xx_hal_gpio.o(i.HAL_GPIO_LockPin), (38 bytes).
    Removing stm32f4xx_hal_gpio.o(i.HAL_GPIO_ReadPin), (14 bytes).
    Removing stm32f4xx_hal_gpio.o(i.HAL_GPIO_TogglePin), (18 bytes).
    Removing stm32f4xx_hal_pwr.o(.rev16_text), (4 bytes).
    Removing stm32f4xx_hal_pwr.o(.revsh_text), (4 bytes).
    Removing stm32f4xx_hal_pwr.o(.rrx_text), (6 bytes).
    Removing stm32f4xx_hal_pwr.o(i.HAL_PWR_ConfigPVD), (124 bytes).
    Removing stm32f4xx_hal_pwr.o(i.HAL_PWR_DeInit), (24 bytes).
    Removing stm32f4xx_hal_pwr.o(i.HAL_PWR_DisableBkUpAccess), (12 bytes).
    Removing stm32f4xx_hal_pwr.o(i.HAL_PWR_DisablePVD), (12 bytes).
    Removing stm32f4xx_hal_pwr.o(i.HAL_PWR_DisableSEVOnPend), (16 bytes).
    Removing stm32f4xx_hal_pwr.o(i.HAL_PWR_DisableSleepOnExit), (16 bytes).
    Removing stm32f4xx_hal_pwr.o(i.HAL_PWR_DisableWakeUpPin), (16 bytes).
    Removing stm32f4xx_hal_pwr.o(i.HAL_PWR_EnableBkUpAccess), (12 bytes).
    Removing stm32f4xx_hal_pwr.o(i.HAL_PWR_EnablePVD), (12 bytes).
    Removing stm32f4xx_hal_pwr.o(i.HAL_PWR_EnableSEVOnPend), (16 bytes).
    Removing stm32f4xx_hal_pwr.o(i.HAL_PWR_EnableSleepOnExit), (16 bytes).
    Removing stm32f4xx_hal_pwr.o(i.HAL_PWR_EnableWakeUpPin), (16 bytes).
    Removing stm32f4xx_hal_pwr.o(i.HAL_PWR_EnterSLEEPMode), (32 bytes).
    Removing stm32f4xx_hal_pwr.o(i.HAL_PWR_EnterSTANDBYMode), (32 bytes).
    Removing stm32f4xx_hal_pwr.o(i.HAL_PWR_EnterSTOPMode), (56 bytes).
    Removing stm32f4xx_hal_pwr.o(i.HAL_PWR_PVDCallback), (2 bytes).
    Removing stm32f4xx_hal_pwr.o(i.HAL_PWR_PVD_IRQHandler), (28 bytes).
    Removing stm32f4xx_hal_pwr_ex.o(.rev16_text), (4 bytes).
    Removing stm32f4xx_hal_pwr_ex.o(.revsh_text), (4 bytes).
    Removing stm32f4xx_hal_pwr_ex.o(.rrx_text), (6 bytes).
    Removing stm32f4xx_hal_pwr_ex.o(i.HAL_PWREx_ControlVoltageScaling), (180 bytes).
    Removing stm32f4xx_hal_pwr_ex.o(i.HAL_PWREx_DisableBkUpReg), (56 bytes).
    Removing stm32f4xx_hal_pwr_ex.o(i.HAL_PWREx_DisableFlashPowerDown), (12 bytes).
    Removing stm32f4xx_hal_pwr_ex.o(i.HAL_PWREx_DisableLowRegulatorLowVoltage), (12 bytes).
    Removing stm32f4xx_hal_pwr_ex.o(i.HAL_PWREx_DisableMainRegulatorLowVoltage), (12 bytes).
    Removing stm32f4xx_hal_pwr_ex.o(i.HAL_PWREx_EnableBkUpReg), (56 bytes).
    Removing stm32f4xx_hal_pwr_ex.o(i.HAL_PWREx_EnableFlashPowerDown), (12 bytes).
    Removing stm32f4xx_hal_pwr_ex.o(i.HAL_PWREx_EnableLowRegulatorLowVoltage), (12 bytes).
    Removing stm32f4xx_hal_pwr_ex.o(i.HAL_PWREx_EnableMainRegulatorLowVoltage), (12 bytes).
    Removing stm32f4xx_hal_pwr_ex.o(i.HAL_PWREx_GetVoltageRange), (16 bytes).
    Removing stm32f4xx_hal_rcc.o(.rev16_text), (4 bytes).
    Removing stm32f4xx_hal_rcc.o(.revsh_text), (4 bytes).
    Removing stm32f4xx_hal_rcc.o(.rrx_text), (6 bytes).
    Removing stm32f4xx_hal_rcc.o(i.HAL_RCC_CSSCallback), (2 bytes).
    Removing stm32f4xx_hal_rcc.o(i.HAL_RCC_DeInit), (4 bytes).
    Removing stm32f4xx_hal_rcc.o(i.HAL_RCC_DisableCSS), (12 bytes).
    Removing stm32f4xx_hal_rcc.o(i.HAL_RCC_EnableCSS), (12 bytes).
    Removing stm32f4xx_hal_rcc.o(i.HAL_RCC_GetClockConfig), (60 bytes).
    Removing stm32f4xx_hal_rcc.o(i.HAL_RCC_GetOscConfig), (180 bytes).
    Removing stm32f4xx_hal_rcc.o(i.HAL_RCC_MCOConfig), (144 bytes).
    Removing stm32f4xx_hal_rcc.o(i.HAL_RCC_NMI_IRQHandler), (32 bytes).
    Removing stm32f4xx_hal_rcc_ex.o(.rev16_text), (4 bytes).
    Removing stm32f4xx_hal_rcc_ex.o(.revsh_text), (4 bytes).
    Removing stm32f4xx_hal_rcc_ex.o(.rrx_text), (6 bytes).
    Removing stm32f4xx_hal_rcc_ex.o(i.HAL_RCCEx_DisablePLLI2S), (52 bytes).
    Removing stm32f4xx_hal_rcc_ex.o(i.HAL_RCCEx_EnablePLLI2S), (104 bytes).
    Removing stm32f4xx_hal_rcc_ex.o(i.HAL_RCCEx_GetPeriphCLKConfig), (76 bytes).
    Removing stm32f4xx_hal_rcc_ex.o(i.HAL_RCCEx_GetPeriphCLKFreq), (104 bytes).
    Removing stm32f4xx_hal_rcc_ex.o(i.HAL_RCCEx_PeriphCLKConfig), (348 bytes).
    Removing stm32f4xx_hal_rcc_ex.o(i.HAL_RCC_DeInit), (316 bytes).
    Removing stm32f4xx_hal_uart.o(.rev16_text), (4 bytes).
    Removing stm32f4xx_hal_uart.o(.revsh_text), (4 bytes).
    Removing stm32f4xx_hal_uart.o(.rrx_text), (6 bytes).
    Removing stm32f4xx_hal_uart.o(i.HAL_HalfDuplex_EnableReceiver), (50 bytes).
    Removing stm32f4xx_hal_uart.o(i.HAL_HalfDuplex_EnableTransmitter), (50 bytes).
    Removing stm32f4xx_hal_uart.o(i.HAL_HalfDuplex_Init), (110 bytes).
    Removing stm32f4xx_hal_uart.o(i.HAL_LIN_Init), (130 bytes).
    Removing stm32f4xx_hal_uart.o(i.HAL_LIN_SendBreak), (46 bytes).
    Removing stm32f4xx_hal_uart.o(i.HAL_MultiProcessor_EnterMuteMode), (46 bytes).
    Removing stm32f4xx_hal_uart.o(i.HAL_MultiProcessor_ExitMuteMode), (46 bytes).
    Removing stm32f4xx_hal_uart.o(i.HAL_MultiProcessor_Init), (144 bytes).
    Removing stm32f4xx_hal_uart.o(i.HAL_UART_Abort), (142 bytes).
    Removing stm32f4xx_hal_uart.o(i.HAL_UART_AbortCpltCallback), (2 bytes).
    Removing stm32f4xx_hal_uart.o(i.HAL_UART_AbortReceive), (88 bytes).
    Removing stm32f4xx_hal_uart.o(i.HAL_UART_AbortReceiveCpltCallback), (2 bytes).
    Removing stm32f4xx_hal_uart.o(i.HAL_UART_AbortReceive_IT), (104 bytes).
    Removing stm32f4xx_hal_uart.o(i.HAL_UART_AbortTransmit), (78 bytes).
    Removing stm32f4xx_hal_uart.o(i.HAL_UART_AbortTransmitCpltCallback), (2 bytes).
    Removing stm32f4xx_hal_uart.o(i.HAL_UART_AbortTransmit_IT), (96 bytes).
    Removing stm32f4xx_hal_uart.o(i.HAL_UART_Abort_IT), (180 bytes).
    Removing stm32f4xx_hal_uart.o(i.HAL_UART_DMAPause), (102 bytes).
    Removing stm32f4xx_hal_uart.o(i.HAL_UART_DMAResume), (94 bytes).
    Removing stm32f4xx_hal_uart.o(i.HAL_UART_DMAStop), (88 bytes).
    Removing stm32f4xx_hal_uart.o(i.HAL_UART_DeInit), (48 bytes).
    Removing stm32f4xx_hal_uart.o(i.HAL_UART_ErrorCallback), (2 bytes).
    Removing stm32f4xx_hal_uart.o(i.HAL_UART_GetError), (4 bytes).
    Removing stm32f4xx_hal_uart.o(i.HAL_UART_GetState), (12 bytes).
    Removing stm32f4xx_hal_uart.o(i.HAL_UART_IRQHandler), (276 bytes).
    Removing stm32f4xx_hal_uart.o(i.HAL_UART_MspDeInit), (2 bytes).
    Removing stm32f4xx_hal_uart.o(i.HAL_UART_Receive), (210 bytes).
    Removing stm32f4xx_hal_uart.o(i.HAL_UART_Receive_DMA), (156 bytes).
    Removing stm32f4xx_hal_uart.o(i.HAL_UART_Receive_IT), (86 bytes).
    Removing stm32f4xx_hal_uart.o(i.HAL_UART_RxCpltCallback), (2 bytes).
    Removing stm32f4xx_hal_uart.o(i.HAL_UART_RxHalfCpltCallback), (2 bytes).
    Removing stm32f4xx_hal_uart.o(i.HAL_UART_Transmit_DMA), (140 bytes).
    Removing stm32f4xx_hal_uart.o(i.HAL_UART_Transmit_IT), (66 bytes).
    Removing stm32f4xx_hal_uart.o(i.HAL_UART_TxCpltCallback), (2 bytes).
    Removing stm32f4xx_hal_uart.o(i.HAL_UART_TxHalfCpltCallback), (2 bytes).
    Removing stm32f4xx_hal_uart.o(i.UART_DMAAbortOnError), (16 bytes).
    Removing stm32f4xx_hal_uart.o(i.UART_DMAError), (74 bytes).
    Removing stm32f4xx_hal_uart.o(i.UART_DMAReceiveCplt), (62 bytes).
    Removing stm32f4xx_hal_uart.o(i.UART_DMARxAbortCallback), (44 bytes).
    Removing stm32f4xx_hal_uart.o(i.UART_DMARxHalfCplt), (10 bytes).
    Removing stm32f4xx_hal_uart.o(i.UART_DMARxOnlyAbortCallback), (20 bytes).
    Removing stm32f4xx_hal_uart.o(i.UART_DMATransmitCplt), (48 bytes).
    Removing stm32f4xx_hal_uart.o(i.UART_DMATxAbortCallback), (44 bytes).
    Removing stm32f4xx_hal_uart.o(i.UART_DMATxHalfCplt), (10 bytes).
    Removing stm32f4xx_hal_uart.o(i.UART_DMATxOnlyAbortCallback), (20 bytes).
    Removing stm32f4xx_hal_uart.o(i.UART_EndRxTransfer), (28 bytes).
    Removing stm32f4xx_hal_uart.o(i.UART_EndTransmit_IT), (26 bytes).
    Removing stm32f4xx_hal_uart.o(i.UART_EndTxTransfer), (18 bytes).
    Removing stm32f4xx_hal_uart.o(i.UART_Receive_IT), (156 bytes).
    Removing stm32f4xx_hal_uart.o(i.UART_Transmit_IT), (102 bytes).
    Removing stm32f4xx_hal_usart.o(.rev16_text), (4 bytes).
    Removing stm32f4xx_hal_usart.o(.revsh_text), (4 bytes).
    Removing stm32f4xx_hal_usart.o(.rrx_text), (6 bytes).
    Removing stm32f4xx_hal_usart.o(i.HAL_USART_Abort), (100 bytes).
    Removing stm32f4xx_hal_usart.o(i.HAL_USART_AbortCpltCallback), (2 bytes).
    Removing stm32f4xx_hal_usart.o(i.HAL_USART_Abort_IT), (176 bytes).
    Removing stm32f4xx_hal_usart.o(i.HAL_USART_DMAPause), (38 bytes).
    Removing stm32f4xx_hal_usart.o(i.HAL_USART_DMAResume), (38 bytes).
    Removing stm32f4xx_hal_usart.o(i.HAL_USART_DMAStop), (92 bytes).
    Removing stm32f4xx_hal_usart.o(i.HAL_USART_DeInit), (46 bytes).
    Removing stm32f4xx_hal_usart.o(i.HAL_USART_ErrorCallback), (2 bytes).
    Removing stm32f4xx_hal_usart.o(i.HAL_USART_GetError), (4 bytes).
    Removing stm32f4xx_hal_usart.o(i.HAL_USART_GetState), (6 bytes).
    Removing stm32f4xx_hal_usart.o(i.HAL_USART_IRQHandler), (328 bytes).
    Removing stm32f4xx_hal_usart.o(i.HAL_USART_Init), (86 bytes).
    Removing stm32f4xx_hal_usart.o(i.HAL_USART_MspDeInit), (2 bytes).
    Removing stm32f4xx_hal_usart.o(i.HAL_USART_MspInit), (2 bytes).
    Removing stm32f4xx_hal_usart.o(i.HAL_USART_Receive), (266 bytes).
    Removing stm32f4xx_hal_usart.o(i.HAL_USART_Receive_DMA), (204 bytes).
    Removing stm32f4xx_hal_usart.o(i.HAL_USART_Receive_IT), (84 bytes).
    Removing stm32f4xx_hal_usart.o(i.HAL_USART_RxCpltCallback), (2 bytes).
    Removing stm32f4xx_hal_usart.o(i.HAL_USART_RxHalfCpltCallback), (2 bytes).
    Removing stm32f4xx_hal_usart.o(i.HAL_USART_Transmit), (208 bytes).
    Removing stm32f4xx_hal_usart.o(i.HAL_USART_TransmitReceive), (302 bytes).
    Removing stm32f4xx_hal_usart.o(i.HAL_USART_TransmitReceive_DMA), (224 bytes).
    Removing stm32f4xx_hal_usart.o(i.HAL_USART_TransmitReceive_IT), (106 bytes).
    Removing stm32f4xx_hal_usart.o(i.HAL_USART_Transmit_DMA), (140 bytes).
    Removing stm32f4xx_hal_usart.o(i.HAL_USART_Transmit_IT), (66 bytes).
    Removing stm32f4xx_hal_usart.o(i.HAL_USART_TxCpltCallback), (2 bytes).
    Removing stm32f4xx_hal_usart.o(i.HAL_USART_TxHalfCpltCallback), (2 bytes).
    Removing stm32f4xx_hal_usart.o(i.HAL_USART_TxRxCpltCallback), (2 bytes).
    Removing stm32f4xx_hal_usart.o(i.USART_DMAAbortOnError), (16 bytes).
    Removing stm32f4xx_hal_usart.o(i.USART_DMAError), (80 bytes).
    Removing stm32f4xx_hal_usart.o(i.USART_DMAReceiveCplt), (106 bytes).
    Removing stm32f4xx_hal_usart.o(i.USART_DMARxAbortCallback), (40 bytes).
    Removing stm32f4xx_hal_usart.o(i.USART_DMARxHalfCplt), (10 bytes).
    Removing stm32f4xx_hal_usart.o(i.USART_DMATransmitCplt), (64 bytes).
    Removing stm32f4xx_hal_usart.o(i.USART_DMATxAbortCallback), (40 bytes).
    Removing stm32f4xx_hal_usart.o(i.USART_DMATxHalfCplt), (10 bytes).
    Removing stm32f4xx_hal_usart.o(i.USART_EndRxTransfer), (28 bytes).
    Removing stm32f4xx_hal_usart.o(i.USART_EndTransmit_IT), (36 bytes).
    Removing stm32f4xx_hal_usart.o(i.USART_EndTxTransfer), (18 bytes).
    Removing stm32f4xx_hal_usart.o(i.USART_Receive_IT), (188 bytes).
    Removing stm32f4xx_hal_usart.o(i.USART_SetConfig), (452 bytes).
    Removing stm32f4xx_hal_usart.o(i.USART_TransmitReceive_IT), (242 bytes).
    Removing stm32f4xx_hal_usart.o(i.USART_Transmit_IT), (102 bytes).
    Removing stm32f4xx_hal_usart.o(i.USART_WaitOnFlagUntilTimeout), (116 bytes).
    Removing system_stm32f4xx.o(.rev16_text), (4 bytes).
    Removing system_stm32f4xx.o(.revsh_text), (4 bytes).
    Removing system_stm32f4xx.o(.rrx_text), (6 bytes).
    Removing system_stm32f4xx.o(i.SystemCoreClockUpdate), (140 bytes).

332 unused section(s) (total 22947 bytes) removed from the image.

==============================================================================

Image Symbol Table

    Local Symbols

    Symbol Name                              Value     Ov Type        Size  Object(Section)

    ../clib/angel/boardlib.s                 0x00000000   Number         0  boardinit2.o ABSOLUTE
    ../clib/angel/boardlib.s                 0x00000000   Number         0  boardshut.o ABSOLUTE
    ../clib/angel/boardlib.s                 0x00000000   Number         0  boardinit1.o ABSOLUTE
    ../clib/angel/boardlib.s                 0x00000000   Number         0  boardinit3.o ABSOLUTE
    ../clib/angel/handlers.s                 0x00000000   Number         0  __scatter_copy.o ABSOLUTE
    ../clib/angel/handlers.s                 0x00000000   Number         0  __scatter_zi.o ABSOLUTE
    ../clib/angel/kernel.s                   0x00000000   Number         0  rtentry.o ABSOLUTE
    ../clib/angel/kernel.s                   0x00000000   Number         0  rtexit.o ABSOLUTE
    ../clib/angel/kernel.s                   0x00000000   Number         0  rtentry2.o ABSOLUTE
    ../clib/angel/kernel.s                   0x00000000   Number         0  rtentry4.o ABSOLUTE
    ../clib/angel/kernel.s                   0x00000000   Number         0  rtexit2.o ABSOLUTE
    ../clib/angel/rt.s                       0x00000000   Number         0  aeabi_ldiv0.o ABSOLUTE
    ../clib/angel/rt.s                       0x00000000   Number         0  rt_div0.o ABSOLUTE
    ../clib/angel/rt.s                       0x00000000   Number         0  rt_raise.o ABSOLUTE
    ../clib/angel/rt.s                       0x00000000   Number         0  aeabi_ldiv0_sigfpe.o ABSOLUTE
    ../clib/angel/scatter.s                  0x00000000   Number         0  __scatter.o ABSOLUTE
    ../clib/angel/startup.s                  0x00000000   Number         0  __main.o ABSOLUTE
    ../clib/angel/sys.s                      0x00000000   Number         0  sys_stackheap_outer.o ABSOLUTE
    ../clib/angel/sys.s                      0x00000000   Number         0  indicate_semi.o ABSOLUTE
    ../clib/angel/sys.s                      0x00000000   Number         0  use_no_semi.o ABSOLUTE
    ../clib/angel/sys.s                      0x00000000   Number         0  libspace.o ABSOLUTE
    ../clib/angel/sysapp.c                   0x00000000   Number         0  sys_wrch.o ABSOLUTE
    ../clib/angel/sysapp.c                   0x00000000   Number         0  sys_command.o ABSOLUTE
    ../clib/angel/sysapp.c                   0x00000000   Number         0  sys_exit.o ABSOLUTE
    ../clib/armsys.c                         0x00000000   Number         0  argv_veneer.o ABSOLUTE
    ../clib/armsys.c                         0x00000000   Number         0  argv_veneer.o ABSOLUTE
    ../clib/armsys.c                         0x00000000   Number         0  _get_argv_nomalloc.o ABSOLUTE
    ../clib/armsys.c                         0x00000000   Number         0  no_argv.o ABSOLUTE
    ../clib/heapalloc.c                      0x00000000   Number         0  hrguard.o ABSOLUTE
    ../clib/heapaux.c                        0x00000000   Number         0  heapauxi.o ABSOLUTE
    ../clib/libinit.s                        0x00000000   Number         0  libinit.o ABSOLUTE
    ../clib/libinit.s                        0x00000000   Number         0  libshutdown.o ABSOLUTE
    ../clib/libinit.s                        0x00000000   Number         0  libinit2.o ABSOLUTE
    ../clib/libinit.s                        0x00000000   Number         0  libshutdown2.o ABSOLUTE
    ../clib/longlong.s                       0x00000000   Number         0  lludivv7m.o ABSOLUTE
    ../clib/memcpset.s                       0x00000000   Number         0  rt_memcpy_v6.o ABSOLUTE
    ../clib/memcpset.s                       0x00000000   Number         0  aeabi_memset.o ABSOLUTE
    ../clib/memcpset.s                       0x00000000   Number         0  rt_memclr_w.o ABSOLUTE
    ../clib/memcpset.s                       0x00000000   Number         0  strcmpv7m.o ABSOLUTE
    ../clib/memcpset.s                       0x00000000   Number         0  rt_memclr.o ABSOLUTE
    ../clib/memcpset.s                       0x00000000   Number         0  rt_memcpy_w.o ABSOLUTE
    ../clib/signal.c                         0x00000000   Number         0  defsig_fpe_outer.o ABSOLUTE
    ../clib/signal.c                         0x00000000   Number         0  defsig_fpe_formal.o ABSOLUTE
    ../clib/signal.c                         0x00000000   Number         0  __raise.o ABSOLUTE
    ../clib/signal.c                         0x00000000   Number         0  defsig_general.o ABSOLUTE
    ../clib/signal.c                         0x00000000   Number         0  defsig_other.o ABSOLUTE
    ../clib/signal.c                         0x00000000   Number         0  defsig_segv_inner.o ABSOLUTE
    ../clib/signal.c                         0x00000000   Number         0  defsig_pvfn_inner.o ABSOLUTE
    ../clib/signal.c                         0x00000000   Number         0  defsig_stak_inner.o ABSOLUTE
    ../clib/signal.c                         0x00000000   Number         0  defsig_rtmem_formal.o ABSOLUTE
    ../clib/signal.c                         0x00000000   Number         0  defsig_rtmem_outer.o ABSOLUTE
    ../clib/signal.c                         0x00000000   Number         0  defsig_rtmem_inner.o ABSOLUTE
    ../clib/signal.c                         0x00000000   Number         0  defsig_rtred_inner.o ABSOLUTE
    ../clib/signal.c                         0x00000000   Number         0  defsig_cppl_inner.o ABSOLUTE
    ../clib/signal.c                         0x00000000   Number         0  defsig_fpe_inner.o ABSOLUTE
    ../clib/signal.c                         0x00000000   Number         0  defsig_exit.o ABSOLUTE
    ../clib/signal.c                         0x00000000   Number         0  defsig_abrt_inner.o ABSOLUTE
    ../clib/signal.s                         0x00000000   Number         0  defsig.o ABSOLUTE
    ../clib/stdlib.c                         0x00000000   Number         0  exit.o ABSOLUTE
    ../clib/string.c                         0x00000000   Number         0  strlen.o ABSOLUTE
    ../fplib/fpinit.s                        0x00000000   Number         0  fpinit.o ABSOLUTE
    C:/Users/madhu/AppData/Local/Arm/Packs/ARM/CMSIS-Compiler/2.1.0/source/armcc/retarget_io.c 0x00000000   Number         0  retarget_io.o ABSOLUTE
    C:/Users/madhu/AppData/Local/Arm/Packs/Keil/ARM_Compiler/1.6.3/Source/retarget_io.c 0x00000000   Number         0  retarget_io_1.o ABSOLUTE
    C:/Users/madhu/AppData/Local/Arm/Packs/Keil/STM32F4xx_DFP/2.14.0/Drivers/STM32F4xx_HAL_Driver/Src/stm32f4xx_hal.c 0x00000000   Number         0  stm32f4xx_hal.o ABSOLUTE
    C:/Users/madhu/AppData/Local/Arm/Packs/Keil/STM32F4xx_DFP/2.14.0/Drivers/STM32F4xx_HAL_Driver/Src/stm32f4xx_hal_cortex.c 0x00000000   Number         0  stm32f4xx_hal_cortex.o ABSOLUTE
    C:/Users/madhu/AppData/Local/Arm/Packs/Keil/STM32F4xx_DFP/2.14.0/Drivers/STM32F4xx_HAL_Driver/Src/stm32f4xx_hal_dma.c 0x00000000   Number         0  stm32f4xx_hal_dma.o ABSOLUTE
    C:/Users/madhu/AppData/Local/Arm/Packs/Keil/STM32F4xx_DFP/2.14.0/Drivers/STM32F4xx_HAL_Driver/Src/stm32f4xx_hal_dma_ex.c 0x00000000   Number         0  stm32f4xx_hal_dma_ex.o ABSOLUTE
    C:/Users/madhu/AppData/Local/Arm/Packs/Keil/STM32F4xx_DFP/2.14.0/Drivers/STM32F4xx_HAL_Driver/Src/stm32f4xx_hal_gpio.c 0x00000000   Number         0  stm32f4xx_hal_gpio.o ABSOLUTE
    C:/Users/madhu/AppData/Local/Arm/Packs/Keil/STM32F4xx_DFP/2.14.0/Drivers/STM32F4xx_HAL_Driver/Src/stm32f4xx_hal_pwr.c 0x00000000   Number         0  stm32f4xx_hal_pwr.o ABSOLUTE
    C:/Users/madhu/AppData/Local/Arm/Packs/Keil/STM32F4xx_DFP/2.14.0/Drivers/STM32F4xx_HAL_Driver/Src/stm32f4xx_hal_pwr_ex.c 0x00000000   Number         0  stm32f4xx_hal_pwr_ex.o ABSOLUTE
    C:/Users/madhu/AppData/Local/Arm/Packs/Keil/STM32F4xx_DFP/2.14.0/Drivers/STM32F4xx_HAL_Driver/Src/stm32f4xx_hal_rcc.c 0x00000000   Number         0  stm32f4xx_hal_rcc.o ABSOLUTE
    C:/Users/madhu/AppData/Local/Arm/Packs/Keil/STM32F4xx_DFP/2.14.0/Drivers/STM32F4xx_HAL_Driver/Src/stm32f4xx_hal_rcc_ex.c 0x00000000   Number         0  stm32f4xx_hal_rcc_ex.o ABSOLUTE
    C:/Users/madhu/AppData/Local/Arm/Packs/Keil/STM32F4xx_DFP/2.14.0/Drivers/STM32F4xx_HAL_Driver/Src/stm32f4xx_hal_uart.c 0x00000000   Number         0  stm32f4xx_hal_uart.o ABSOLUTE
    C:/Users/madhu/AppData/Local/Arm/Packs/Keil/STM32F4xx_DFP/2.14.0/Drivers/STM32F4xx_HAL_Driver/Src/stm32f4xx_hal_usart.c 0x00000000   Number         0  stm32f4xx_hal_usart.o ABSOLUTE
    C:\Users\madhu\AppData\Local\Arm\Packs\Keil\STM32F4xx_DFP\2.14.0\Drivers\STM32F4xx_HAL_Driver\Src\stm32f4xx_hal.c 0x00000000   Number         0  stm32f4xx_hal.o ABSOLUTE
    C:\Users\madhu\AppData\Local\Arm\Packs\Keil\STM32F4xx_DFP\2.14.0\Drivers\STM32F4xx_HAL_Driver\Src\stm32f4xx_hal_cortex.c 0x00000000   Number         0  stm32f4xx_hal_cortex.o ABSOLUTE
    C:\Users\madhu\AppData\Local\Arm\Packs\Keil\STM32F4xx_DFP\2.14.0\Drivers\STM32F4xx_HAL_Driver\Src\stm32f4xx_hal_dma.c 0x00000000   Number         0  stm32f4xx_hal_dma.o ABSOLUTE
    C:\Users\madhu\AppData\Local\Arm\Packs\Keil\STM32F4xx_DFP\2.14.0\Drivers\STM32F4xx_HAL_Driver\Src\stm32f4xx_hal_dma_ex.c 0x00000000   Number         0  stm32f4xx_hal_dma_ex.o ABSOLUTE
    C:\Users\madhu\AppData\Local\Arm\Packs\Keil\STM32F4xx_DFP\2.14.0\Drivers\STM32F4xx_HAL_Driver\Src\stm32f4xx_hal_gpio.c 0x00000000   Number         0  stm32f4xx_hal_gpio.o ABSOLUTE
    C:\Users\madhu\AppData\Local\Arm\Packs\Keil\STM32F4xx_DFP\2.14.0\Drivers\STM32F4xx_HAL_Driver\Src\stm32f4xx_hal_pwr.c 0x00000000   Number         0  stm32f4xx_hal_pwr.o ABSOLUTE
    C:\Users\madhu\AppData\Local\Arm\Packs\Keil\STM32F4xx_DFP\2.14.0\Drivers\STM32F4xx_HAL_Driver\Src\stm32f4xx_hal_pwr_ex.c 0x00000000   Number         0  stm32f4xx_hal_pwr_ex.o ABSOLUTE
    C:\Users\madhu\AppData\Local\Arm\Packs\Keil\STM32F4xx_DFP\2.14.0\Drivers\STM32F4xx_HAL_Driver\Src\stm32f4xx_hal_rcc.c 0x00000000   Number         0  stm32f4xx_hal_rcc.o ABSOLUTE
    C:\Users\madhu\AppData\Local\Arm\Packs\Keil\STM32F4xx_DFP\2.14.0\Drivers\STM32F4xx_HAL_Driver\Src\stm32f4xx_hal_rcc_ex.c 0x00000000   Number         0  stm32f4xx_hal_rcc_ex.o ABSOLUTE
    C:\Users\madhu\AppData\Local\Arm\Packs\Keil\STM32F4xx_DFP\2.14.0\Drivers\STM32F4xx_HAL_Driver\Src\stm32f4xx_hal_uart.c 0x00000000   Number         0  stm32f4xx_hal_uart.o ABSOLUTE
    C:\Users\madhu\AppData\Local\Arm\Packs\Keil\STM32F4xx_DFP\2.14.0\Drivers\STM32F4xx_HAL_Driver\Src\stm32f4xx_hal_usart.c 0x00000000   Number         0  stm32f4xx_hal_usart.o ABSOLUTE
    FreeRTOS-Source\\portable\\RVDS\\ARM_CM4F\\port.c 0x00000000   Number         0  port.o ABSOLUTE
    FreeRTOS-Source\list.c                   0x00000000   Number         0  list.o ABSOLUTE
    FreeRTOS-Source\portable\MemMang\heap_2.c 0x00000000   Number         0  heap_2.o ABSOLUTE
    FreeRTOS-Source\portable\RVDS\ARM_CM4F\port.c 0x00000000   Number         0  port.o ABSOLUTE
    FreeRTOS-Source\queue.c                  0x00000000   Number         0  queue.o ABSOLUTE
    FreeRTOS-Source\tasks.c                  0x00000000   Number         0  tasks.o ABSOLUTE
    FreeRTOS-Source\timers.c                 0x00000000   Number         0  timers.o ABSOLUTE
    RTE/Device/STM32F401RETx/startup_stm32f401xe.s 0x00000000   Number         0  startup_stm32f401xe.o ABSOLUTE
    RTE/Device/STM32F401RETx/system_stm32f4xx.c 0x00000000   Number         0  system_stm32f4xx.o ABSOLUTE
    RTE\Device\STM32F401RETx\system_stm32f4xx.c 0x00000000   Number         0  system_stm32f4xx.o ABSOLUTE
    dc.s                                     0x00000000   Number         0  dc.o ABSOLUTE
    main.c                                   0x00000000   Number         0  main.o ABSOLUTE
    main.c                                   0x00000000   Number         0  main.o ABSOLUTE
    RESET                                    0x08000000   Section      404  startup_stm32f401xe.o(RESET)
    !!!main                                  0x08000194   Section        8  __main.o(!!!main)
    !!!scatter                               0x0800019c   Section       52  __scatter.o(!!!scatter)
    !!handler_copy                           0x080001d0   Section       26  __scatter_copy.o(!!handler_copy)
    !!handler_zi                             0x080001ec   Section       28  __scatter_zi.o(!!handler_zi)
    .ARM.Collect$$libinit$$00000000          0x08000208   Section        2  libinit.o(.ARM.Collect$$libinit$$00000000)
    .ARM.Collect$$libinit$$00000001          0x0800020a   Section        4  libinit2.o(.ARM.Collect$$libinit$$00000001)
    .ARM.Collect$$libinit$$00000008          0x0800020e   Section        0  libinit2.o(.ARM.Collect$$libinit$$00000008)
    .ARM.Collect$$libinit$$0000000A          0x0800020e   Section        0  libinit2.o(.ARM.Collect$$libinit$$0000000A)
    .ARM.Collect$$libinit$$0000000C          0x0800020e   Section        0  libinit2.o(.ARM.Collect$$libinit$$0000000C)
    .ARM.Collect$$libinit$$0000000F          0x0800020e   Section        0  libinit2.o(.ARM.Collect$$libinit$$0000000F)
    .ARM.Collect$$libinit$$00000011          0x0800020e   Section        0  libinit2.o(.ARM.Collect$$libinit$$00000011)
    .ARM.Collect$$libinit$$00000013          0x0800020e   Section        0  libinit2.o(.ARM.Collect$$libinit$$00000013)
    .ARM.Collect$$libinit$$00000015          0x0800020e   Section        0  libinit2.o(.ARM.Collect$$libinit$$00000015)
    .ARM.Collect$$libinit$$00000017          0x0800020e   Section        0  libinit2.o(.ARM.Collect$$libinit$$00000017)
    .ARM.Collect$$libinit$$00000019          0x0800020e   Section        0  libinit2.o(.ARM.Collect$$libinit$$00000019)
    .ARM.Collect$$libinit$$0000001B          0x0800020e   Section        0  libinit2.o(.ARM.Collect$$libinit$$0000001B)
    .ARM.Collect$$libinit$$0000001D          0x0800020e   Section        0  libinit2.o(.ARM.Collect$$libinit$$0000001D)
    .ARM.Collect$$libinit$$0000001F          0x0800020e   Section        0  libinit2.o(.ARM.Collect$$libinit$$0000001F)
    .ARM.Collect$$libinit$$00000021          0x0800020e   Section        0  libinit2.o(.ARM.Collect$$libinit$$00000021)
    .ARM.Collect$$libinit$$00000023          0x0800020e   Section        0  libinit2.o(.ARM.Collect$$libinit$$00000023)
    .ARM.Collect$$libinit$$0000002A          0x0800020e   Section        0  libinit2.o(.ARM.Collect$$libinit$$0000002A)
    .ARM.Collect$$libinit$$0000002C          0x0800020e   Section        0  libinit2.o(.ARM.Collect$$libinit$$0000002C)
    .ARM.Collect$$libinit$$0000002E          0x0800020e   Section        0  libinit2.o(.ARM.Collect$$libinit$$0000002E)
    .ARM.Collect$$libinit$$00000030          0x0800020e   Section        0  libinit2.o(.ARM.Collect$$libinit$$00000030)
    .ARM.Collect$$libinit$$00000031          0x0800020e   Section        2  libinit2.o(.ARM.Collect$$libinit$$00000031)
    .ARM.Collect$$libshutdown$$00000000      0x08000210   Section        2  libshutdown.o(.ARM.Collect$$libshutdown$$00000000)
    .ARM.Collect$$libshutdown$$00000003      0x08000212   Section        0  libshutdown2.o(.ARM.Collect$$libshutdown$$00000003)
    .ARM.Collect$$libshutdown$$00000006      0x08000212   Section        0  libshutdown2.o(.ARM.Collect$$libshutdown$$00000006)
    .ARM.Collect$$libshutdown$$00000009      0x08000212   Section        0  libshutdown2.o(.ARM.Collect$$libshutdown$$00000009)
    .ARM.Collect$$libshutdown$$0000000B      0x08000212   Section        0  libshutdown2.o(.ARM.Collect$$libshutdown$$0000000B)
    .ARM.Collect$$libshutdown$$0000000E      0x08000212   Section        0  libshutdown2.o(.ARM.Collect$$libshutdown$$0000000E)
    .ARM.Collect$$libshutdown$$0000000F      0x08000212   Section        2  libshutdown2.o(.ARM.Collect$$libshutdown$$0000000F)
    .ARM.Collect$$rtentry$$00000000          0x08000214   Section        0  rtentry.o(.ARM.Collect$$rtentry$$00000000)
    .ARM.Collect$$rtentry$$00000002          0x08000214   Section        0  rtentry2.o(.ARM.Collect$$rtentry$$00000002)
    .ARM.Collect$$rtentry$$00000004          0x08000214   Section        6  rtentry4.o(.ARM.Collect$$rtentry$$00000004)
    .ARM.Collect$$rtentry$$00000009          0x0800021a   Section        0  rtentry2.o(.ARM.Collect$$rtentry$$00000009)
    .ARM.Collect$$rtentry$$0000000A          0x0800021a   Section        4  rtentry2.o(.ARM.Collect$$rtentry$$0000000A)
    .ARM.Collect$$rtentry$$0000000C          0x0800021e   Section        0  rtentry2.o(.ARM.Collect$$rtentry$$0000000C)
    .ARM.Collect$$rtentry$$0000000D          0x0800021e   Section        8  rtentry2.o(.ARM.Collect$$rtentry$$0000000D)
    .ARM.Collect$$rtexit$$00000000           0x08000226   Section        2  rtexit.o(.ARM.Collect$$rtexit$$00000000)
    .ARM.Collect$$rtexit$$00000002           0x08000228   Section        0  rtexit2.o(.ARM.Collect$$rtexit$$00000002)
    .ARM.Collect$$rtexit$$00000003           0x08000228   Section        4  rtexit2.o(.ARM.Collect$$rtexit$$00000003)
    .ARM.Collect$$rtexit$$00000004           0x0800022c   Section        6  rtexit2.o(.ARM.Collect$$rtexit$$00000004)
    .emb_text                                0x08000234   Section      182  port.o(.emb_text)
    $v0                                      0x08000234   Number         0  port.o(.emb_text)
    .text                                    0x080002ec   Section       64  startup_stm32f401xe.o(.text)
    $v0                                      0x080002ec   Number         0  startup_stm32f401xe.o(.text)
    .text                                    0x0800032c   Section      238  lludivv7m.o(.text)
    .text                                    0x0800041a   Section        0  strlen.o(.text)
    .text                                    0x08000458   Section       16  aeabi_memset.o(.text)
    .text                                    0x08000468   Section       78  rt_memclr_w.o(.text)
    .text                                    0x080004b6   Section        0  heapauxi.o(.text)
    .text                                    0x080004bc   Section       68  rt_memclr.o(.text)
    .text                                    0x08000500   Section       74  sys_stackheap_outer.o(.text)
    .text                                    0x0800054a   Section        0  exit.o(.text)
    .text                                    0x08000558   Section        8  libspace.o(.text)
    .text                                    0x08000560   Section        0  sys_exit.o(.text)
    .text                                    0x0800056c   Section        2  use_no_semi.o(.text)
    .text                                    0x0800056e   Section        0  indicate_semi.o(.text)
    i.HAL_GPIO_Init                          0x08000570   Section        0  stm32f4xx_hal_gpio.o(i.HAL_GPIO_Init)
    i.HAL_GPIO_WritePin                      0x08000704   Section        0  stm32f4xx_hal_gpio.o(i.HAL_GPIO_WritePin)
    i.HAL_GetTick                            0x08000714   Section        0  stm32f4xx_hal.o(i.HAL_GetTick)
    i.HAL_Init                               0x08000720   Section        0  stm32f4xx_hal.o(i.HAL_Init)
    i.HAL_InitTick                           0x0800074c   Section        0  stm32f4xx_hal.o(i.HAL_InitTick)
    i.HAL_MspInit                            0x08000790   Section        0  stm32f4xx_hal.o(i.HAL_MspInit)
    i.HAL_NVIC_SetPriority                   0x08000794   Section        0  stm32f4xx_hal_cortex.o(i.HAL_NVIC_SetPriority)
    i.HAL_NVIC_SetPriorityGrouping           0x080007d4   Section        0  stm32f4xx_hal_cortex.o(i.HAL_NVIC_SetPriorityGrouping)
    i.HAL_RCC_ClockConfig                    0x080007f8   Section        0  stm32f4xx_hal_rcc.o(i.HAL_RCC_ClockConfig)
    i.HAL_RCC_GetHCLKFreq                    0x0800093c   Section        0  stm32f4xx_hal_rcc.o(i.HAL_RCC_GetHCLKFreq)
    i.HAL_RCC_GetPCLK1Freq                   0x08000948   Section        0  stm32f4xx_hal_rcc.o(i.HAL_RCC_GetPCLK1Freq)
    i.HAL_RCC_GetPCLK2Freq                   0x08000968   Section        0  stm32f4xx_hal_rcc.o(i.HAL_RCC_GetPCLK2Freq)
    i.HAL_RCC_GetSysClockFreq                0x08000988   Section        0  stm32f4xx_hal_rcc.o(i.HAL_RCC_GetSysClockFreq)
    i.HAL_RCC_OscConfig                      0x080009f4   Section        0  stm32f4xx_hal_rcc.o(i.HAL_RCC_OscConfig)
    i.HAL_SYSTICK_Config                     0x08000d84   Section        0  stm32f4xx_hal_cortex.o(i.HAL_SYSTICK_Config)
    i.HAL_UART_Init                          0x08000dac   Section        0  stm32f4xx_hal_uart.o(i.HAL_UART_Init)
    i.HAL_UART_MspInit                       0x08000e10   Section        0  stm32f4xx_hal_uart.o(i.HAL_UART_MspInit)
    i.HAL_UART_Transmit                      0x08000e12   Section        0  stm32f4xx_hal_uart.o(i.HAL_UART_Transmit)
    i.SysTick_Handler                        0x08000ee0   Section        0  port.o(i.SysTick_Handler)
    i.SystemClock_Config                     0x08000f0c   Section        0  main.o(i.SystemClock_Config)
    i.SystemInit                             0x08000fa0   Section        0  system_stm32f4xx.o(i.SystemInit)
    i.UART_Init                              0x08000ff4   Section        0  main.o(i.UART_Init)
    i.UART_SetConfig                         0x08001078   Section        0  stm32f4xx_hal_uart.o(i.UART_SetConfig)
    UART_SetConfig                           0x08001079   Thumb Code   780  stm32f4xx_hal_uart.o(i.UART_SetConfig)
    i.UART_WaitOnFlagUntilTimeout            0x0800138c   Section        0  stm32f4xx_hal_uart.o(i.UART_WaitOnFlagUntilTimeout)
    UART_WaitOnFlagUntilTimeout              0x0800138d   Thumb Code   100  stm32f4xx_hal_uart.o(i.UART_WaitOnFlagUntilTimeout)
    i.__NVIC_SetPriority                     0x080013f0   Section        0  stm32f4xx_hal_cortex.o(i.__NVIC_SetPriority)
    __NVIC_SetPriority                       0x080013f1   Thumb Code    24  stm32f4xx_hal_cortex.o(i.__NVIC_SetPriority)
    i.main                                   0x08001410   Section        0  main.o(i.main)
    i.prvAddNewTaskToReadyList               0x08001494   Section        0  tasks.o(i.prvAddNewTaskToReadyList)
    prvAddNewTaskToReadyList                 0x08001495   Thumb Code   126  tasks.o(i.prvAddNewTaskToReadyList)
    i.prvCheckTasksWaitingTermination        0x08001520   Section        0  tasks.o(i.prvCheckTasksWaitingTermination)
    prvCheckTasksWaitingTermination          0x08001521   Thumb Code    74  tasks.o(i.prvCheckTasksWaitingTermination)
    i.prvDeleteTCB                           0x08001574   Section        0  tasks.o(i.prvDeleteTCB)
    prvDeleteTCB                             0x08001575   Thumb Code    20  tasks.o(i.prvDeleteTCB)
    i.prvHeapInit                            0x08001588   Section        0  heap_2.o(i.prvHeapInit)
    prvHeapInit                              0x08001589   Thumb Code    28  heap_2.o(i.prvHeapInit)
    i.prvIdleTask                            0x080015b0   Section        0  tasks.o(i.prvIdleTask)
    prvIdleTask                              0x080015b1   Thumb Code     6  tasks.o(i.prvIdleTask)
    i.prvInitialiseNewTask                   0x080015b6   Section        0  tasks.o(i.prvInitialiseNewTask)
    prvInitialiseNewTask                     0x080015b7   Thumb Code   154  tasks.o(i.prvInitialiseNewTask)
    i.prvInitialiseTaskLists                 0x08001650   Section        0  tasks.o(i.prvInitialiseTaskLists)
    prvInitialiseTaskLists                   0x08001651   Thumb Code    78  tasks.o(i.prvInitialiseTaskLists)
    i.prvResetNextTaskUnblockTime            0x080016a8   Section        0  tasks.o(i.prvResetNextTaskUnblockTime)
    prvResetNextTaskUnblockTime              0x080016a9   Thumb Code    30  tasks.o(i.prvResetNextTaskUnblockTime)
    i.prvTaskExitError                       0x080016cc   Section        0  port.o(i.prvTaskExitError)
    prvTaskExitError                         0x080016cd   Thumb Code    40  port.o(i.prvTaskExitError)
    i.pvPortMalloc                           0x080016f8   Section        0  heap_2.o(i.pvPortMalloc)
    i.pxPortInitialiseStack                  0x08001798   Section        0  port.o(i.pxPortInitialiseStack)
    i.uxListRemove                           0x080017bc   Section        0  list.o(i.uxListRemove)
    i.vListInitialise                        0x080017e0   Section        0  list.o(i.vListInitialise)
    i.vListInitialiseItem                    0x080017f6   Section        0  list.o(i.vListInitialiseItem)
    i.vListInsertEnd                         0x080017fc   Section        0  list.o(i.vListInsertEnd)
    i.vPortEnterCritical                     0x08001814   Section        0  port.o(i.vPortEnterCritical)
    i.vPortExitCritical                      0x08001854   Section        0  port.o(i.vPortExitCritical)
    i.vPortFree                              0x08001880   Section        0  heap_2.o(i.vPortFree)
    i.vPortSetupTimerInterrupt               0x080018c0   Section        0  port.o(i.vPortSetupTimerInterrupt)
    i.vTask1                                 0x080018e0   Section        0  main.o(i.vTask1)
    i.vTask2                                 0x08001954   Section        0  main.o(i.vTask2)
    i.vTaskStartScheduler                    0x080019c8   Section        0  tasks.o(i.vTaskStartScheduler)
    i.vTaskSuspendAll                        0x08001a30   Section        0  tasks.o(i.vTaskSuspendAll)
    i.vTaskSwitchContext                     0x08001a40   Section        0  tasks.o(i.vTaskSwitchContext)
    i.xPortStartScheduler                    0x08001aa0   Section        0  port.o(i.xPortStartScheduler)
    i.xTaskCreate                            0x08001b80   Section        0  tasks.o(i.xTaskCreate)
    i.xTaskIncrementTick                     0x08001be0   Section        0  tasks.o(i.xTaskIncrementTick)
    i.xTaskResumeAll                         0x08001cac   Section        0  tasks.o(i.xTaskResumeAll)
    x$fpl$fpinit                             0x08001d78   Section       10  fpinit.o(x$fpl$fpinit)
    $v0                                      0x08001d78   Number         0  fpinit.o(x$fpl$fpinit)
    .constdata                               0x08001d82   Section       16  system_stm32f4xx.o(.constdata)
    .constdata                               0x08001d92   Section        8  system_stm32f4xx.o(.constdata)
    .data                                    0x20000000   Section       60  tasks.o(.data)
    uxDeletedTasksWaitingCleanUp             0x20000004   Data           4  tasks.o(.data)
    uxCurrentNumberOfTasks                   0x20000008   Data           4  tasks.o(.data)
    xTickCount                               0x2000000c   Data           4  tasks.o(.data)
    uxTopReadyPriority                       0x20000010   Data           4  tasks.o(.data)
    xSchedulerRunning                        0x20000014   Data           4  tasks.o(.data)
    uxPendedTicks                            0x20000018   Data           4  tasks.o(.data)
    xYieldPending                            0x2000001c   Data           4  tasks.o(.data)
    xNumOfOverflows                          0x20000020   Data           4  tasks.o(.data)
    uxTaskNumber                             0x20000024   Data           4  tasks.o(.data)
    xNextTaskUnblockTime                     0x20000028   Data           4  tasks.o(.data)
    xIdleTaskHandle                          0x2000002c   Data           4  tasks.o(.data)
    uxSchedulerSuspended                     0x20000030   Data           4  tasks.o(.data)
    pxDelayedTaskList                        0x20000034   Data           4  tasks.o(.data)
    pxOverflowDelayedTaskList                0x20000038   Data           4  tasks.o(.data)
    .data                                    0x2000003c   Section       24  heap_2.o(.data)
    xFreeBytesRemaining                      0x2000003c   Data           4  heap_2.o(.data)
    xHeapHasBeenInitialised                  0x20000040   Data           4  heap_2.o(.data)
    xStart                                   0x20000044   Data           8  heap_2.o(.data)
    xEnd                                     0x2000004c   Data           8  heap_2.o(.data)
    .data                                    0x20000054   Section       12  port.o(.data)
    ucMaxSysCallPriority                     0x20000054   Data           1  port.o(.data)
    uxCriticalNesting                        0x20000058   Data           4  port.o(.data)
    ulMaxPRIGROUPValue                       0x2000005c   Data           4  port.o(.data)
    .data                                    0x20000060   Section       12  stm32f4xx_hal.o(.data)
    .data                                    0x2000006c   Section        4  system_stm32f4xx.o(.data)
    .bss                                     0x20000070   Section       64  main.o(.bss)
    .bss                                     0x200000b0   Section      200  tasks.o(.bss)
    pxReadyTasksLists                        0x200000b0   Data         100  tasks.o(.bss)
    xDelayedTaskList1                        0x20000114   Data          20  tasks.o(.bss)
    xDelayedTaskList2                        0x20000128   Data          20  tasks.o(.bss)
    xPendingReadyList                        0x2000013c   Data          20  tasks.o(.bss)
    xTasksWaitingTermination                 0x20000150   Data          20  tasks.o(.bss)
    xSuspendedTaskList                       0x20000164   Data          20  tasks.o(.bss)
    .bss                                     0x20000178   Section    76800  heap_2.o(.bss)
    ucHeap                                   0x20000178   Data       76800  heap_2.o(.bss)
    .bss                                     0x20012d78   Section       96  libspace.o(.bss)
    HEAP                                     0x20012dd8   Section      512  startup_stm32f401xe.o(HEAP)
    Heap_Mem                                 0x20012dd8   Data         512  startup_stm32f401xe.o(HEAP)
    STACK                                    0x20012fd8   Section     1024  startup_stm32f401xe.o(STACK)
    Stack_Mem                                0x20012fd8   Data        1024  startup_stm32f401xe.o(STACK)
    __initial_sp                             0x200133d8   Data           0  startup_stm32f401xe.o(STACK)

    Global Symbols

    Symbol Name                              Value     Ov Type        Size  Object(Section)

    BuildAttributes$$THM_ISAv4$E$P$D$K$B$S$7EM$VFPi3$EXTD16$VFPS$VFMA$PE$A:L22UL41UL21$X:L11$S22US41US21$IEEE1$IW$USESV6$~STKCKD$USESV7$~SHL$OSPACE$ROPI$EBA8$UX$STANDARDLIB$REQ8$PRES8$EABIv2 0x00000000   Number         0  anon$$obj.o ABSOLUTE
    __ARM_use_no_argv                        0x00000000   Number         0  main.o ABSOLUTE
    __ARM_exceptions_init                     - Undefined Weak Reference
    __alloca_initialize                       - Undefined Weak Reference
    __cpp_initialize__aeabi_                  - Undefined Weak Reference
    __cxa_finalize                            - Undefined Weak Reference
    __rt_locale                               - Undefined Weak Reference
    __sigvec_lookup                           - Undefined Weak Reference
    _atexit_init                              - Undefined Weak Reference
    _call_atexit_fns                          - Undefined Weak Reference
    _clock_init                               - Undefined Weak Reference
    _fp_trap_init                             - Undefined Weak Reference
    _fp_trap_shutdown                         - Undefined Weak Reference
    _get_lc_collate                           - Undefined Weak Reference
    _get_lc_ctype                             - Undefined Weak Reference
    _get_lc_monetary                          - Undefined Weak Reference
    _get_lc_numeric                           - Undefined Weak Reference
    _get_lc_time                              - Undefined Weak Reference
    _getenv_init                              - Undefined Weak Reference
    _handle_redirection                       - Undefined Weak Reference
    _init_alloc                               - Undefined Weak Reference
    _init_user_alloc                          - Undefined Weak Reference
    _initio                                   - Undefined Weak Reference
    _rand_init                                - Undefined Weak Reference
    _signal_finish                            - Undefined Weak Reference
    _signal_init                              - Undefined Weak Reference
    _terminate_alloc                          - Undefined Weak Reference
    _terminate_user_alloc                     - Undefined Weak Reference
    _terminateio                              - Undefined Weak Reference
    __Vectors_Size                           0x00000194   Number         0  startup_stm32f401xe.o ABSOLUTE
    __Vectors                                0x08000000   Data           4  startup_stm32f401xe.o(RESET)
    __Vectors_End                            0x08000194   Data           0  startup_stm32f401xe.o(RESET)
    __main                                   0x08000195   Thumb Code     8  __main.o(!!!main)
    __scatterload                            0x0800019d   Thumb Code     0  __scatter.o(!!!scatter)
    __scatterload_rt2                        0x0800019d   Thumb Code    44  __scatter.o(!!!scatter)
    __scatterload_rt2_thumb_only             0x0800019d   Thumb Code     0  __scatter.o(!!!scatter)
    __scatterload_null                       0x080001ab   Thumb Code     0  __scatter.o(!!!scatter)
    __scatterload_copy                       0x080001d1   Thumb Code    26  __scatter_copy.o(!!handler_copy)
    __scatterload_zeroinit                   0x080001ed   Thumb Code    28  __scatter_zi.o(!!handler_zi)
    __rt_lib_init                            0x08000209   Thumb Code     0  libinit.o(.ARM.Collect$$libinit$$00000000)
    __rt_lib_init_fp_1                       0x0800020b   Thumb Code     0  libinit2.o(.ARM.Collect$$libinit$$00000001)
    __rt_lib_init_alloca_1                   0x0800020f   Thumb Code     0  libinit2.o(.ARM.Collect$$libinit$$0000002C)
    __rt_lib_init_argv_1                     0x0800020f   Thumb Code     0  libinit2.o(.ARM.Collect$$libinit$$0000002A)
    __rt_lib_init_atexit_1                   0x0800020f   Thumb Code     0  libinit2.o(.ARM.Collect$$libinit$$00000019)
    __rt_lib_init_clock_1                    0x0800020f   Thumb Code     0  libinit2.o(.ARM.Collect$$libinit$$0000001F)
    __rt_lib_init_cpp_1                      0x0800020f   Thumb Code     0  libinit2.o(.ARM.Collect$$libinit$$00000030)
    __rt_lib_init_exceptions_1               0x0800020f   Thumb Code     0  libinit2.o(.ARM.Collect$$libinit$$0000002E)
    __rt_lib_init_fp_trap_1                  0x0800020f   Thumb Code     0  libinit2.o(.ARM.Collect$$libinit$$0000001D)
    __rt_lib_init_getenv_1                   0x0800020f   Thumb Code     0  libinit2.o(.ARM.Collect$$libinit$$00000021)
    __rt_lib_init_heap_1                     0x0800020f   Thumb Code     0  libinit2.o(.ARM.Collect$$libinit$$00000008)
    __rt_lib_init_lc_collate_1               0x0800020f   Thumb Code     0  libinit2.o(.ARM.Collect$$libinit$$0000000F)
    __rt_lib_init_lc_ctype_1                 0x0800020f   Thumb Code     0  libinit2.o(.ARM.Collect$$libinit$$00000011)
    __rt_lib_init_lc_monetary_1              0x0800020f   Thumb Code     0  libinit2.o(.ARM.Collect$$libinit$$00000013)
    __rt_lib_init_lc_numeric_1               0x0800020f   Thumb Code     0  libinit2.o(.ARM.Collect$$libinit$$00000015)
    __rt_lib_init_lc_time_1                  0x0800020f   Thumb Code     0  libinit2.o(.ARM.Collect$$libinit$$00000017)
    __rt_lib_init_rand_1                     0x0800020f   Thumb Code     0  libinit2.o(.ARM.Collect$$libinit$$0000000C)
    __rt_lib_init_return                     0x0800020f   Thumb Code     0  libinit2.o(.ARM.Collect$$libinit$$00000031)
    __rt_lib_init_signal_1                   0x0800020f   Thumb Code     0  libinit2.o(.ARM.Collect$$libinit$$0000001B)
    __rt_lib_init_stdio_1                    0x0800020f   Thumb Code     0  libinit2.o(.ARM.Collect$$libinit$$00000023)
    __rt_lib_init_user_alloc_1               0x0800020f   Thumb Code     0  libinit2.o(.ARM.Collect$$libinit$$0000000A)
    __rt_lib_shutdown                        0x08000211   Thumb Code     0  libshutdown.o(.ARM.Collect$$libshutdown$$00000000)
    __rt_lib_shutdown_fp_trap_1              0x08000213   Thumb Code     0  libshutdown2.o(.ARM.Collect$$libshutdown$$00000006)
    __rt_lib_shutdown_heap_1                 0x08000213   Thumb Code     0  libshutdown2.o(.ARM.Collect$$libshutdown$$0000000E)
    __rt_lib_shutdown_return                 0x08000213   Thumb Code     0  libshutdown2.o(.ARM.Collect$$libshutdown$$0000000F)
    __rt_lib_shutdown_signal_1               0x08000213   Thumb Code     0  libshutdown2.o(.ARM.Collect$$libshutdown$$00000009)
    __rt_lib_shutdown_stdio_1                0x08000213   Thumb Code     0  libshutdown2.o(.ARM.Collect$$libshutdown$$00000003)
    __rt_lib_shutdown_user_alloc_1           0x08000213   Thumb Code     0  libshutdown2.o(.ARM.Collect$$libshutdown$$0000000B)
    __rt_entry                               0x08000215   Thumb Code     0  rtentry.o(.ARM.Collect$$rtentry$$00000000)
    __rt_entry_presh_1                       0x08000215   Thumb Code     0  rtentry2.o(.ARM.Collect$$rtentry$$00000002)
    __rt_entry_sh                            0x08000215   Thumb Code     0  rtentry4.o(.ARM.Collect$$rtentry$$00000004)
    __rt_entry_li                            0x0800021b   Thumb Code     0  rtentry2.o(.ARM.Collect$$rtentry$$0000000A)
    __rt_entry_postsh_1                      0x0800021b   Thumb Code     0  rtentry2.o(.ARM.Collect$$rtentry$$00000009)
    __rt_entry_main                          0x0800021f   Thumb Code     0  rtentry2.o(.ARM.Collect$$rtentry$$0000000D)
    __rt_entry_postli_1                      0x0800021f   Thumb Code     0  rtentry2.o(.ARM.Collect$$rtentry$$0000000C)
    __rt_exit                                0x08000227   Thumb Code     0  rtexit.o(.ARM.Collect$$rtexit$$00000000)
    __rt_exit_ls                             0x08000229   Thumb Code     0  rtexit2.o(.ARM.Collect$$rtexit$$00000003)
    __rt_exit_prels_1                        0x08000229   Thumb Code     0  rtexit2.o(.ARM.Collect$$rtexit$$00000002)
    __rt_exit_exit                           0x0800022d   Thumb Code     0  rtexit2.o(.ARM.Collect$$rtexit$$00000004)
    SVC_Handler                              0x08000235   Thumb Code    28  port.o(.emb_text)
    __asm___6_port_c_39a90d8d__prvStartFirstTask 0x08000255   Thumb Code    28  port.o(.emb_text)
    __asm___6_port_c_39a90d8d__prvEnableVFP  0x08000275   Thumb Code    16  port.o(.emb_text)
    PendSV_Handler                           0x08000289   Thumb Code    88  port.o(.emb_text)
    vPortGetIPSR                             0x080002e5   Thumb Code     6  port.o(.emb_text)
    Reset_Handler                            0x080002ed   Thumb Code     8  startup_stm32f401xe.o(.text)
    NMI_Handler                              0x080002f5   Thumb Code     2  startup_stm32f401xe.o(.text)
    HardFault_Handler                        0x080002f7   Thumb Code     2  startup_stm32f401xe.o(.text)
    MemManage_Handler                        0x080002f9   Thumb Code     2  startup_stm32f401xe.o(.text)
    BusFault_Handler                         0x080002fb   Thumb Code     2  startup_stm32f401xe.o(.text)
    UsageFault_Handler                       0x080002fd   Thumb Code     2  startup_stm32f401xe.o(.text)
    DebugMon_Handler                         0x08000301   Thumb Code     2  startup_stm32f401xe.o(.text)
    ADC_IRQHandler                           0x08000307   Thumb Code     0  startup_stm32f401xe.o(.text)
    DMA1_Stream0_IRQHandler                  0x08000307   Thumb Code     0  startup_stm32f401xe.o(.text)
    DMA1_Stream1_IRQHandler                  0x08000307   Thumb Code     0  startup_stm32f401xe.o(.text)
    DMA1_Stream2_IRQHandler                  0x08000307   Thumb Code     0  startup_stm32f401xe.o(.text)
    DMA1_Stream3_IRQHandler                  0x08000307   Thumb Code     0  startup_stm32f401xe.o(.text)
    DMA1_Stream4_IRQHandler                  0x08000307   Thumb Code     0  startup_stm32f401xe.o(.text)
    DMA1_Stream5_IRQHandler                  0x08000307   Thumb Code     0  startup_stm32f401xe.o(.text)
    DMA1_Stream6_IRQHandler                  0x08000307   Thumb Code     0  startup_stm32f401xe.o(.text)
    DMA1_Stream7_IRQHandler                  0x08000307   Thumb Code     0  startup_stm32f401xe.o(.text)
    DMA2_Stream0_IRQHandler                  0x08000307   Thumb Code     0  startup_stm32f401xe.o(.text)
    DMA2_Stream1_IRQHandler                  0x08000307   Thumb Code     0  startup_stm32f401xe.o(.text)
    DMA2_Stream2_IRQHandler                  0x08000307   Thumb Code     0  startup_stm32f401xe.o(.text)
    DMA2_Stream3_IRQHandler                  0x08000307   Thumb Code     0  startup_stm32f401xe.o(.text)
    DMA2_Stream4_IRQHandler                  0x08000307   Thumb Code     0  startup_stm32f401xe.o(.text)
    DMA2_Stream5_IRQHandler                  0x08000307   Thumb Code     0  startup_stm32f401xe.o(.text)
    DMA2_Stream6_IRQHandler                  0x08000307   Thumb Code     0  startup_stm32f401xe.o(.text)
    DMA2_Stream7_IRQHandler                  0x08000307   Thumb Code     0  startup_stm32f401xe.o(.text)
    EXTI0_IRQHandler                         0x08000307   Thumb Code     0  startup_stm32f401xe.o(.text)
    EXTI15_10_IRQHandler                     0x08000307   Thumb Code     0  startup_stm32f401xe.o(.text)
    EXTI1_IRQHandler                         0x08000307   Thumb Code     0  startup_stm32f401xe.o(.text)
    EXTI2_IRQHandler                         0x08000307   Thumb Code     0  startup_stm32f401xe.o(.text)
    EXTI3_IRQHandler                         0x08000307   Thumb Code     0  startup_stm32f401xe.o(.text)
    EXTI4_IRQHandler                         0x08000307   Thumb Code     0  startup_stm32f401xe.o(.text)
    EXTI9_5_IRQHandler                       0x08000307   Thumb Code     0  startup_stm32f401xe.o(.text)
    FLASH_IRQHandler                         0x08000307   Thumb Code     0  startup_stm32f401xe.o(.text)
    FPU_IRQHandler                           0x08000307   Thumb Code     0  startup_stm32f401xe.o(.text)
    I2C1_ER_IRQHandler                       0x08000307   Thumb Code     0  startup_stm32f401xe.o(.text)
    I2C1_EV_IRQHandler                       0x08000307   Thumb Code     0  startup_stm32f401xe.o(.text)
    I2C2_ER_IRQHandler                       0x08000307   Thumb Code     0  startup_stm32f401xe.o(.text)
    I2C2_EV_IRQHandler                       0x08000307   Thumb Code     0  startup_stm32f401xe.o(.text)
    I2C3_ER_IRQHandler                       0x08000307   Thumb Code     0  startup_stm32f401xe.o(.text)
    I2C3_EV_IRQHandler                       0x08000307   Thumb Code     0  startup_stm32f401xe.o(.text)
    OTG_FS_IRQHandler                        0x08000307   Thumb Code     0  startup_stm32f401xe.o(.text)
    OTG_FS_WKUP_IRQHandler                   0x08000307   Thumb Code     0  startup_stm32f401xe.o(.text)
    PVD_IRQHandler                           0x08000307   Thumb Code     0  startup_stm32f401xe.o(.text)
    RCC_IRQHandler                           0x08000307   Thumb Code     0  startup_stm32f401xe.o(.text)
    RTC_Alarm_IRQHandler                     0x08000307   Thumb Code     0  startup_stm32f401xe.o(.text)
    RTC_WKUP_IRQHandler                      0x08000307   Thumb Code     0  startup_stm32f401xe.o(.text)
    SDIO_IRQHandler                          0x08000307   Thumb Code     0  startup_stm32f401xe.o(.text)
    SPI1_IRQHandler                          0x08000307   Thumb Code     0  startup_stm32f401xe.o(.text)
    SPI2_IRQHandler                          0x08000307   Thumb Code     0  startup_stm32f401xe.o(.text)
    SPI3_IRQHandler                          0x08000307   Thumb Code     0  startup_stm32f401xe.o(.text)
    SPI4_IRQHandler                          0x08000307   Thumb Code     0  startup_stm32f401xe.o(.text)
    TAMP_STAMP_IRQHandler                    0x08000307   Thumb Code     0  startup_stm32f401xe.o(.text)
    TIM1_BRK_TIM9_IRQHandler                 0x08000307   Thumb Code     0  startup_stm32f401xe.o(.text)
    TIM1_CC_IRQHandler                       0x08000307   Thumb Code     0  startup_stm32f401xe.o(.text)
    TIM1_TRG_COM_TIM11_IRQHandler            0x08000307   Thumb Code     0  startup_stm32f401xe.o(.text)
    TIM1_UP_TIM10_IRQHandler                 0x08000307   Thumb Code     0  startup_stm32f401xe.o(.text)
    TIM2_IRQHandler                          0x08000307   Thumb Code     0  startup_stm32f401xe.o(.text)
    TIM3_IRQHandler                          0x08000307   Thumb Code     0  startup_stm32f401xe.o(.text)
    TIM4_IRQHandler                          0x08000307   Thumb Code     0  startup_stm32f401xe.o(.text)
    TIM5_IRQHandler                          0x08000307   Thumb Code     0  startup_stm32f401xe.o(.text)
    USART1_IRQHandler                        0x08000307   Thumb Code     0  startup_stm32f401xe.o(.text)
    USART2_IRQHandler                        0x08000307   Thumb Code     0  startup_stm32f401xe.o(.text)
    USART6_IRQHandler                        0x08000307   Thumb Code     0  startup_stm32f401xe.o(.text)
    WWDG_IRQHandler                          0x08000307   Thumb Code     0  startup_stm32f401xe.o(.text)
    __user_initial_stackheap                 0x08000309   Thumb Code     0  startup_stm32f401xe.o(.text)
    __aeabi_uldivmod                         0x0800032d   Thumb Code     0  lludivv7m.o(.text)
    _ll_udiv                                 0x0800032d   Thumb Code   238  lludivv7m.o(.text)
    strlen                                   0x0800041b   Thumb Code    62  strlen.o(.text)
    __aeabi_memset                           0x08000459   Thumb Code    16  aeabi_memset.o(.text)
    __aeabi_memclr4                          0x08000469   Thumb Code     0  rt_memclr_w.o(.text)
    __aeabi_memclr8                          0x08000469   Thumb Code     0  rt_memclr_w.o(.text)
    __rt_memclr_w                            0x08000469   Thumb Code    78  rt_memclr_w.o(.text)
    _memset_w                                0x0800046d   Thumb Code     0  rt_memclr_w.o(.text)
    __use_two_region_memory                  0x080004b7   Thumb Code     2  heapauxi.o(.text)
    __rt_heap_escrow$2region                 0x080004b9   Thumb Code     2  heapauxi.o(.text)
    __rt_heap_expand$2region                 0x080004bb   Thumb Code     2  heapauxi.o(.text)
    __aeabi_memclr                           0x080004bd   Thumb Code     0  rt_memclr.o(.text)
    __rt_memclr                              0x080004bd   Thumb Code    68  rt_memclr.o(.text)
    _memset                                  0x080004c1   Thumb Code     0  rt_memclr.o(.text)
    __user_setup_stackheap                   0x08000501   Thumb Code    74  sys_stackheap_outer.o(.text)
    exit                                     0x0800054b   Thumb Code    12  exit.o(.text)
    __user_libspace                          0x08000559   Thumb Code     8  libspace.o(.text)
    __user_perproc_libspace                  0x08000559   Thumb Code     0  libspace.o(.text)
    __user_perthread_libspace                0x08000559   Thumb Code     0  libspace.o(.text)
    _sys_exit                                0x08000561   Thumb Code     8  sys_exit.o(.text)
    __I$use$semihosting                      0x0800056d   Thumb Code     0  use_no_semi.o(.text)
    __use_no_semihosting_swi                 0x0800056d   Thumb Code     2  use_no_semi.o(.text)
    __semihosting_library_function           0x0800056f   Thumb Code     0  indicate_semi.o(.text)
    HAL_GPIO_Init                            0x08000571   Thumb Code   372  stm32f4xx_hal_gpio.o(i.HAL_GPIO_Init)
    HAL_GPIO_WritePin                        0x08000705   Thumb Code    14  stm32f4xx_hal_gpio.o(i.HAL_GPIO_WritePin)
    HAL_GetTick                              0x08000715   Thumb Code     6  stm32f4xx_hal.o(i.HAL_GetTick)
    HAL_Init                                 0x08000721   Thumb Code    40  stm32f4xx_hal.o(i.HAL_Init)
    HAL_InitTick                             0x0800074d   Thumb Code    58  stm32f4xx_hal.o(i.HAL_InitTick)
    HAL_MspInit                              0x08000791   Thumb Code     2  stm32f4xx_hal.o(i.HAL_MspInit)
    HAL_NVIC_SetPriority                     0x08000795   Thumb Code    60  stm32f4xx_hal_cortex.o(i.HAL_NVIC_SetPriority)
    HAL_NVIC_SetPriorityGrouping             0x080007d5   Thumb Code    26  stm32f4xx_hal_cortex.o(i.HAL_NVIC_SetPriorityGrouping)
    HAL_RCC_ClockConfig                      0x080007f9   Thumb Code   308  stm32f4xx_hal_rcc.o(i.HAL_RCC_ClockConfig)
    HAL_RCC_GetHCLKFreq                      0x0800093d   Thumb Code     6  stm32f4xx_hal_rcc.o(i.HAL_RCC_GetHCLKFreq)
    HAL_RCC_GetPCLK1Freq                     0x08000949   Thumb Code    22  stm32f4xx_hal_rcc.o(i.HAL_RCC_GetPCLK1Freq)
    HAL_RCC_GetPCLK2Freq                     0x08000969   Thumb Code    22  stm32f4xx_hal_rcc.o(i.HAL_RCC_GetPCLK2Freq)
    HAL_RCC_GetSysClockFreq                  0x08000989   Thumb Code    94  stm32f4xx_hal_rcc.o(i.HAL_RCC_GetSysClockFreq)
    HAL_RCC_OscConfig                        0x080009f5   Thumb Code   896  stm32f4xx_hal_rcc.o(i.HAL_RCC_OscConfig)
    HAL_SYSTICK_Config                       0x08000d85   Thumb Code    40  stm32f4xx_hal_cortex.o(i.HAL_SYSTICK_Config)
    HAL_UART_Init                            0x08000dad   Thumb Code   100  stm32f4xx_hal_uart.o(i.HAL_UART_Init)
    HAL_UART_MspInit                         0x08000e11   Thumb Code     2  stm32f4xx_hal_uart.o(i.HAL_UART_MspInit)
    HAL_UART_Transmit                        0x08000e13   Thumb Code   204  stm32f4xx_hal_uart.o(i.HAL_UART_Transmit)
    SysTick_Handler                          0x08000ee1   Thumb Code    38  port.o(i.SysTick_Handler)
    SystemClock_Config                       0x08000f0d   Thumb Code   138  main.o(i.SystemClock_Config)
    SystemInit                               0x08000fa1   Thumb Code    66  system_stm32f4xx.o(i.SystemInit)
    UART_Init                                0x08000ff5   Thumb Code   116  main.o(i.UART_Init)
    main                                     0x08001411   Thumb Code   100  main.o(i.main)
    pvPortMalloc                             0x080016f9   Thumb Code   150  heap_2.o(i.pvPortMalloc)
    pxPortInitialiseStack                    0x08001799   Thumb Code    32  port.o(i.pxPortInitialiseStack)
    uxListRemove                             0x080017bd   Thumb Code    36  list.o(i.uxListRemove)
    vListInitialise                          0x080017e1   Thumb Code    22  list.o(i.vListInitialise)
    vListInitialiseItem                      0x080017f7   Thumb Code     6  list.o(i.vListInitialiseItem)
    vListInsertEnd                           0x080017fd   Thumb Code    24  list.o(i.vListInsertEnd)
    vPortEnterCritical                       0x08001815   Thumb Code    54  port.o(i.vPortEnterCritical)
    vPortExitCritical                        0x08001855   Thumb Code    38  port.o(i.vPortExitCritical)
    vPortFree                                0x08001881   Thumb Code    58  heap_2.o(i.vPortFree)
    vPortSetupTimerInterrupt                 0x080018c1   Thumb Code    26  port.o(i.vPortSetupTimerInterrupt)
    vTask1                                   0x080018e1   Thumb Code    80  main.o(i.vTask1)
    vTask2                                   0x08001955   Thumb Code    80  main.o(i.vTask2)
    vTaskStartScheduler                      0x080019c9   Thumb Code    86  tasks.o(i.vTaskStartScheduler)
    vTaskSuspendAll                          0x08001a31   Thumb Code    10  tasks.o(i.vTaskSuspendAll)
    vTaskSwitchContext                       0x08001a41   Thumb Code    86  tasks.o(i.vTaskSwitchContext)
    xPortStartScheduler                      0x08001aa1   Thumb Code   204  port.o(i.xPortStartScheduler)
    xTaskCreate                              0x08001b81   Thumb Code    94  tasks.o(i.xTaskCreate)
    xTaskIncrementTick                       0x08001be1   Thumb Code   196  tasks.o(i.xTaskIncrementTick)
    xTaskResumeAll                           0x08001cad   Thumb Code   192  tasks.o(i.xTaskResumeAll)
    _fp_init                                 0x08001d79   Thumb Code    10  fpinit.o(x$fpl$fpinit)
    __fplib_config_fpu_vfp                   0x08001d81   Thumb Code     0  fpinit.o(x$fpl$fpinit)
    __fplib_config_pureend_doubles           0x08001d81   Thumb Code     0  fpinit.o(x$fpl$fpinit)
    AHBPrescTable                            0x08001d82   Data          16  system_stm32f4xx.o(.constdata)
    APBPrescTable                            0x08001d92   Data           8  system_stm32f4xx.o(.constdata)
    Region$$Table$$Base                      0x08001d9c   Number         0  anon$$obj.o(Region$$Table)
    Region$$Table$$Limit                     0x08001dbc   Number         0  anon$$obj.o(Region$$Table)
    pxCurrentTCB                             0x20000000   Data           4  tasks.o(.data)
    uwTickFreq                               0x20000060   Data           1  stm32f4xx_hal.o(.data)
    uwTickPrio                               0x20000064   Data           4  stm32f4xx_hal.o(.data)
    uwTick                                   0x20000068   Data           4  stm32f4xx_hal.o(.data)
    SystemCoreClock                          0x2000006c   Data           4  system_stm32f4xx.o(.data)
    huart2                                   0x20000070   Data          64  main.o(.bss)
    __libspace_start                         0x20012d78   Data          96  libspace.o(.bss)
    __temporary_stack_top$libspace           0x20012dd8   Data           0  libspace.o(.bss)



==============================================================================

Memory Map of the image

  Image Entry point : 0x08000195

  Load Region LR_IROM1 (Base: 0x08000000, Size: 0x00001e2c, Max: 0x00080000, ABSOLUTE)

    Execution Region ER_IROM1 (Exec base: 0x08000000, Load base: 0x08000000, Size: 0x00001dbc, Max: 0x00080000, ABSOLUTE)

    Exec Addr    Load Addr    Size         Type   Attr      Idx    E Section Name        Object

    0x08000000   0x08000000   0x00000194   Data   RO         2466    RESET               startup_stm32f401xe.o
    0x08000194   0x08000194   0x00000008   Code   RO         2525  * !!!main             c_w.l(__main.o)
    0x0800019c   0x0800019c   0x00000034   Code   RO         2693    !!!scatter          c_w.l(__scatter.o)
    0x080001d0   0x080001d0   0x0000001a   Code   RO         2695    !!handler_copy      c_w.l(__scatter_copy.o)
    0x080001ea   0x080001ea   0x00000002   PAD
    0x080001ec   0x080001ec   0x0000001c   Code   RO         2697    !!handler_zi        c_w.l(__scatter_zi.o)
    0x08000208   0x08000208   0x00000002   Code   RO         2566    .ARM.Collect$$libinit$$00000000  c_w.l(libinit.o)
    0x0800020a   0x0800020a   0x00000004   Code   RO         2578    .ARM.Collect$$libinit$$00000001  c_w.l(libinit2.o)
    0x0800020e   0x0800020e   0x00000000   Code   RO         2582    .ARM.Collect$$libinit$$00000008  c_w.l(libinit2.o)
    0x0800020e   0x0800020e   0x00000000   Code   RO         2584    .ARM.Collect$$libinit$$0000000A  c_w.l(libinit2.o)
    0x0800020e   0x0800020e   0x00000000   Code   RO         2586    .ARM.Collect$$libinit$$0000000C  c_w.l(libinit2.o)
    0x0800020e   0x0800020e   0x00000000   Code   RO         2589    .ARM.Collect$$libinit$$0000000F  c_w.l(libinit2.o)
    0x0800020e   0x0800020e   0x00000000   Code   RO         2591    .ARM.Collect$$libinit$$00000011  c_w.l(libinit2.o)
    0x0800020e   0x0800020e   0x00000000   Code   RO         2593    .ARM.Collect$$libinit$$00000013  c_w.l(libinit2.o)
    0x0800020e   0x0800020e   0x00000000   Code   RO         2595    .ARM.Collect$$libinit$$00000015  c_w.l(libinit2.o)
    0x0800020e   0x0800020e   0x00000000   Code   RO         2597    .ARM.Collect$$libinit$$00000017  c_w.l(libinit2.o)
    0x0800020e   0x0800020e   0x00000000   Code   RO         2599    .ARM.Collect$$libinit$$00000019  c_w.l(libinit2.o)
    0x0800020e   0x0800020e   0x00000000   Code   RO         2601    .ARM.Collect$$libinit$$0000001B  c_w.l(libinit2.o)
    0x0800020e   0x0800020e   0x00000000   Code   RO         2603    .ARM.Collect$$libinit$$0000001D  c_w.l(libinit2.o)
    0x0800020e   0x0800020e   0x00000000   Code   RO         2605    .ARM.Collect$$libinit$$0000001F  c_w.l(libinit2.o)
    0x0800020e   0x0800020e   0x00000000   Code   RO         2607    .ARM.Collect$$libinit$$00000021  c_w.l(libinit2.o)
    0x0800020e   0x0800020e   0x00000000   Code   RO         2609    .ARM.Collect$$libinit$$00000023  c_w.l(libinit2.o)
    0x0800020e   0x0800020e   0x00000000   Code   RO         2613    .ARM.Collect$$libinit$$0000002A  c_w.l(libinit2.o)
    0x0800020e   0x0800020e   0x00000000   Code   RO         2615    .ARM.Collect$$libinit$$0000002C  c_w.l(libinit2.o)
    0x0800020e   0x0800020e   0x00000000   Code   RO         2617    .ARM.Collect$$libinit$$0000002E  c_w.l(libinit2.o)
    0x0800020e   0x0800020e   0x00000000   Code   RO         2619    .ARM.Collect$$libinit$$00000030  c_w.l(libinit2.o)
    0x0800020e   0x0800020e   0x00000002   Code   RO         2620    .ARM.Collect$$libinit$$00000031  c_w.l(libinit2.o)
    0x08000210   0x08000210   0x00000002   Code   RO         2651    .ARM.Collect$$libshutdown$$00000000  c_w.l(libshutdown.o)
    0x08000212   0x08000212   0x00000000   Code   RO         2678    .ARM.Collect$$libshutdown$$00000003  c_w.l(libshutdown2.o)
    0x08000212   0x08000212   0x00000000   Code   RO         2681    .ARM.Collect$$libshutdown$$00000006  c_w.l(libshutdown2.o)
    0x08000212   0x08000212   0x00000000   Code   RO         2684    .ARM.Collect$$libshutdown$$00000009  c_w.l(libshutdown2.o)
    0x08000212   0x08000212   0x00000000   Code   RO         2686    .ARM.Collect$$libshutdown$$0000000B  c_w.l(libshutdown2.o)
    0x08000212   0x08000212   0x00000000   Code   RO         2689    .ARM.Collect$$libshutdown$$0000000E  c_w.l(libshutdown2.o)
    0x08000212   0x08000212   0x00000002   Code   RO         2690    .ARM.Collect$$libshutdown$$0000000F  c_w.l(libshutdown2.o)
    0x08000214   0x08000214   0x00000000   Code   RO         2527    .ARM.Collect$$rtentry$$00000000  c_w.l(rtentry.o)
    0x08000214   0x08000214   0x00000000   Code   RO         2537    .ARM.Collect$$rtentry$$00000002  c_w.l(rtentry2.o)
    0x08000214   0x08000214   0x00000006   Code   RO         2549    .ARM.Collect$$rtentry$$00000004  c_w.l(rtentry4.o)
    0x0800021a   0x0800021a   0x00000000   Code   RO         2539    .ARM.Collect$$rtentry$$00000009  c_w.l(rtentry2.o)
    0x0800021a   0x0800021a   0x00000004   Code   RO         2540    .ARM.Collect$$rtentry$$0000000A  c_w.l(rtentry2.o)
    0x0800021e   0x0800021e   0x00000000   Code   RO         2542    .ARM.Collect$$rtentry$$0000000C  c_w.l(rtentry2.o)
    0x0800021e   0x0800021e   0x00000008   Code   RO         2543    .ARM.Collect$$rtentry$$0000000D  c_w.l(rtentry2.o)
    0x08000226   0x08000226   0x00000002   Code   RO         2570    .ARM.Collect$$rtexit$$00000000  c_w.l(rtexit.o)
    0x08000228   0x08000228   0x00000000   Code   RO         2624    .ARM.Collect$$rtexit$$00000002  c_w.l(rtexit2.o)
    0x08000228   0x08000228   0x00000004   Code   RO         2625    .ARM.Collect$$rtexit$$00000003  c_w.l(rtexit2.o)
    0x0800022c   0x0800022c   0x00000006   Code   RO         2626    .ARM.Collect$$rtexit$$00000004  c_w.l(rtexit2.o)
    0x08000232   0x08000232   0x00000002   PAD
    0x08000234   0x08000234   0x000000b6   Code   RO          808    .emb_text           port.o
    0x080002ea   0x080002ea   0x00000002   PAD
    0x080002ec   0x080002ec   0x00000040   Code   RO         2467    .text               startup_stm32f401xe.o
    0x0800032c   0x0800032c   0x000000ee   Code   RO         2511    .text               c_w.l(lludivv7m.o)
    0x0800041a   0x0800041a   0x0000003e   Code   RO         2513    .text               c_w.l(strlen.o)
    0x08000458   0x08000458   0x00000010   Code   RO         2517    .text               c_w.l(aeabi_memset.o)
    0x08000468   0x08000468   0x0000004e   Code   RO         2519    .text               c_w.l(rt_memclr_w.o)
    0x080004b6   0x080004b6   0x00000006   Code   RO         2523    .text               c_w.l(heapauxi.o)
    0x080004bc   0x080004bc   0x00000044   Code   RO         2534    .text               c_w.l(rt_memclr.o)
    0x08000500   0x08000500   0x0000004a   Code   RO         2553    .text               c_w.l(sys_stackheap_outer.o)
    0x0800054a   0x0800054a   0x0000000c   Code   RO         2555    .text               c_w.l(exit.o)
    0x08000556   0x08000556   0x00000002   PAD
    0x08000558   0x08000558   0x00000008   Code   RO         2567    .text               c_w.l(libspace.o)
    0x08000560   0x08000560   0x0000000c   Code   RO         2621    .text               c_w.l(sys_exit.o)
    0x0800056c   0x0800056c   0x00000002   Code   RO         2640    .text               c_w.l(use_no_semi.o)
    0x0800056e   0x0800056e   0x00000000   Code   RO         2642    .text               c_w.l(indicate_semi.o)
    0x0800056e   0x0800056e   0x00000002   PAD
    0x08000570   0x08000570   0x00000194   Code   RO         1453    i.HAL_GPIO_Init     stm32f4xx_hal_gpio.o
    0x08000704   0x08000704   0x0000000e   Code   RO         1457    i.HAL_GPIO_WritePin  stm32f4xx_hal_gpio.o
    0x08000712   0x08000712   0x00000002   PAD
    0x08000714   0x08000714   0x0000000c   Code   RO          998    i.HAL_GetTick       stm32f4xx_hal.o
    0x08000720   0x08000720   0x0000002c   Code   RO         1005    i.HAL_Init          stm32f4xx_hal.o
    0x0800074c   0x0800074c   0x00000044   Code   RO         1006    i.HAL_InitTick      stm32f4xx_hal.o
    0x08000790   0x08000790   0x00000002   Code   RO         1008    i.HAL_MspInit       stm32f4xx_hal.o
    0x08000792   0x08000792   0x00000002   PAD
    0x08000794   0x08000794   0x00000040   Code   RO         1179    i.HAL_NVIC_SetPriority  stm32f4xx_hal_cortex.o
    0x080007d4   0x080007d4   0x00000024   Code   RO         1180    i.HAL_NVIC_SetPriorityGrouping  stm32f4xx_hal_cortex.o
    0x080007f8   0x080007f8   0x00000144   Code   RO         1715    i.HAL_RCC_ClockConfig  stm32f4xx_hal_rcc.o
    0x0800093c   0x0800093c   0x0000000c   Code   RO         1720    i.HAL_RCC_GetHCLKFreq  stm32f4xx_hal_rcc.o
    0x08000948   0x08000948   0x00000020   Code   RO         1722    i.HAL_RCC_GetPCLK1Freq  stm32f4xx_hal_rcc.o
    0x08000968   0x08000968   0x00000020   Code   RO         1723    i.HAL_RCC_GetPCLK2Freq  stm32f4xx_hal_rcc.o
    0x08000988   0x08000988   0x0000006c   Code   RO         1724    i.HAL_RCC_GetSysClockFreq  stm32f4xx_hal_rcc.o
    0x080009f4   0x080009f4   0x00000390   Code   RO         1727    i.HAL_RCC_OscConfig  stm32f4xx_hal_rcc.o
    0x08000d84   0x08000d84   0x00000028   Code   RO         1184    i.HAL_SYSTICK_Config  stm32f4xx_hal_cortex.o
    0x08000dac   0x08000dac   0x00000064   Code   RO         1895    i.HAL_UART_Init     stm32f4xx_hal_uart.o
    0x08000e10   0x08000e10   0x00000002   Code   RO         1897    i.HAL_UART_MspInit  stm32f4xx_hal_uart.o
    0x08000e12   0x08000e12   0x000000cc   Code   RO         1903    i.HAL_UART_Transmit  stm32f4xx_hal_uart.o
    0x08000ede   0x08000ede   0x00000002   PAD
    0x08000ee0   0x08000ee0   0x0000002c   Code   RO          809    i.SysTick_Handler   port.o
    0x08000f0c   0x08000f0c   0x00000094   Code   RO            4    i.SystemClock_Config  main.o
    0x08000fa0   0x08000fa0   0x00000054   Code   RO         2475    i.SystemInit        system_stm32f4xx.o
    0x08000ff4   0x08000ff4   0x00000084   Code   RO            5    i.UART_Init         main.o
    0x08001078   0x08001078   0x00000314   Code   RO         1922    i.UART_SetConfig    stm32f4xx_hal_uart.o
    0x0800138c   0x0800138c   0x00000064   Code   RO         1924    i.UART_WaitOnFlagUntilTimeout  stm32f4xx_hal_uart.o
    0x080013f0   0x080013f0   0x00000020   Code   RO         1186    i.__NVIC_SetPriority  stm32f4xx_hal_cortex.o
    0x08001410   0x08001410   0x00000084   Code   RO            6    i.main              main.o
    0x08001494   0x08001494   0x0000008c   Code   RO          432    i.prvAddNewTaskToReadyList  tasks.o
    0x08001520   0x08001520   0x00000054   Code   RO          433    i.prvCheckTasksWaitingTermination  tasks.o
    0x08001574   0x08001574   0x00000014   Code   RO          434    i.prvDeleteTCB      tasks.o
    0x08001588   0x08001588   0x00000028   Code   RO          770    i.prvHeapInit       heap_2.o
    0x080015b0   0x080015b0   0x00000006   Code   RO          435    i.prvIdleTask       tasks.o
    0x080015b6   0x080015b6   0x0000009a   Code   RO          436    i.prvInitialiseNewTask  tasks.o
    0x08001650   0x08001650   0x00000058   Code   RO          437    i.prvInitialiseTaskLists  tasks.o
    0x080016a8   0x080016a8   0x00000024   Code   RO          439    i.prvResetNextTaskUnblockTime  tasks.o
    0x080016cc   0x080016cc   0x0000002c   Code   RO          810    i.prvTaskExitError  port.o
    0x080016f8   0x080016f8   0x000000a0   Code   RO          771    i.pvPortMalloc      heap_2.o
    0x08001798   0x08001798   0x00000024   Code   RO          811    i.pxPortInitialiseStack  port.o
    0x080017bc   0x080017bc   0x00000024   Code   RO          174    i.uxListRemove      list.o
    0x080017e0   0x080017e0   0x00000016   Code   RO          175    i.vListInitialise   list.o
    0x080017f6   0x080017f6   0x00000006   Code   RO          176    i.vListInitialiseItem  list.o
    0x080017fc   0x080017fc   0x00000018   Code   RO          178    i.vListInsertEnd    list.o
    0x08001814   0x08001814   0x00000040   Code   RO          813    i.vPortEnterCritical  port.o
    0x08001854   0x08001854   0x0000002c   Code   RO          814    i.vPortExitCritical  port.o
    0x08001880   0x08001880   0x00000040   Code   RO          772    i.vPortFree         heap_2.o
    0x080018c0   0x080018c0   0x00000020   Code   RO          815    i.vPortSetupTimerInterrupt  port.o
    0x080018e0   0x080018e0   0x00000074   Code   RO            7    i.vTask1            main.o
    0x08001954   0x08001954   0x00000074   Code   RO            8    i.vTask2            main.o
    0x080019c8   0x080019c8   0x00000068   Code   RO          464    i.vTaskStartScheduler  tasks.o
    0x08001a30   0x08001a30   0x00000010   Code   RO          466    i.vTaskSuspendAll   tasks.o
    0x08001a40   0x08001a40   0x00000060   Code   RO          467    i.vTaskSwitchContext  tasks.o
    0x08001aa0   0x08001aa0   0x000000e0   Code   RO          817    i.xPortStartScheduler  port.o
    0x08001b80   0x08001b80   0x0000005e   Code   RO          469    i.xTaskCreate       tasks.o
    0x08001bde   0x08001bde   0x00000002   PAD
    0x08001be0   0x08001be0   0x000000cc   Code   RO          476    i.xTaskIncrementTick  tasks.o
    0x08001cac   0x08001cac   0x000000cc   Code   RO          482    i.xTaskResumeAll    tasks.o
    0x08001d78   0x08001d78   0x0000000a   Code   RO         2636    x$fpl$fpinit        fz_wm.l(fpinit.o)
    0x08001d82   0x08001d82   0x00000010   Data   RO         2476    .constdata          system_stm32f4xx.o
    0x08001d92   0x08001d92   0x00000008   Data   RO         2477    .constdata          system_stm32f4xx.o
    0x08001d9a   0x08001d9a   0x00000002   PAD
    0x08001d9c   0x08001d9c   0x00000020   Data   RO         2691    Region$$Table       anon$$obj.o


    Execution Region RW_IRAM1 (Exec base: 0x20000000, Load base: 0x08001dbc, Size: 0x000133d8, Max: 0x00018000, ABSOLUTE)

    Exec Addr    Load Addr    Size         Type   Attr      Idx    E Section Name        Object

    0x20000000   0x08001dbc   0x0000003c   Data   RW          485    .data               tasks.o
    0x2000003c   0x08001df8   0x00000018   Data   RW          776    .data               heap_2.o
    0x20000054   0x08001e10   0x0000000c   Data   RW          818    .data               port.o
    0x20000060   0x08001e1c   0x0000000c   Data   RW         1012    .data               stm32f4xx_hal.o
    0x2000006c   0x08001e28   0x00000004   Data   RW         2478    .data               system_stm32f4xx.o
    0x20000070        -       0x00000040   Zero   RW            9    .bss                main.o
    0x200000b0        -       0x000000c8   Zero   RW          484    .bss                tasks.o
    0x20000178        -       0x00012c00   Zero   RW          775    .bss                heap_2.o
    0x20012d78        -       0x00000060   Zero   RW         2568    .bss                c_w.l(libspace.o)
    0x20012dd8        -       0x00000200   Zero   RW         2465    HEAP                startup_stm32f401xe.o
    0x20012fd8        -       0x00000400   Zero   RW         2464    STACK               startup_stm32f401xe.o


==============================================================================

Image component sizes


      Code (inc. data)   RO Data    RW Data    ZI Data      Debug   Object Name

       264         28          0         24      76800       3843   heap_2.o
        88          0          0          0          0       4024   list.o
       644        130          0          0         64     397487   main.o
       670         72          0         12          0      10996   port.o
         0          0          0          0          0       8048   queue.o
        64         26        404          0       1536        892   startup_stm32f401xe.o
       126         20          0         12          0       4177   stm32f4xx_hal.o
       172         22          0          0          0      33522   stm32f4xx_hal_cortex.o
       418         32          0          0          0       2660   stm32f4xx_hal_gpio.o
      1420         72          0          0          0       6540   stm32f4xx_hal_rcc.o
      1194          8          0          0          0       4651   stm32f4xx_hal_uart.o
        84         18         24          4          0       1475   system_stm32f4xx.o
      1246         94          0         60        200      13776   tasks.o

    ----------------------------------------------------------------------
      6400        522        462        112      78600     492091   Object Totals
         0          0         32          0          0          0   (incl. Generated)
        10          0          2          0          0          0   (incl. Padding)

    ----------------------------------------------------------------------

      Code (inc. data)   RO Data    RW Data    ZI Data      Debug   Library Member Name

         8          0          0          0          0         68   __main.o
        52          8          0          0          0          0   __scatter.o
        26          0          0          0          0          0   __scatter_copy.o
        28          0          0          0          0          0   __scatter_zi.o
        16          0          0          0          0         68   aeabi_memset.o
        12          0          0          0          0         72   exit.o
         6          0          0          0          0        152   heapauxi.o
         0          0          0          0          0          0   indicate_semi.o
         2          0          0          0          0          0   libinit.o
         6          0          0          0          0          0   libinit2.o
         2          0          0          0          0          0   libshutdown.o
         2          0          0          0          0          0   libshutdown2.o
         8          4          0          0         96         68   libspace.o
       238          0          0          0          0        100   lludivv7m.o
        68          0          0          0          0         68   rt_memclr.o
        78          0          0          0          0         80   rt_memclr_w.o
         0          0          0          0          0          0   rtentry.o
        12          0          0          0          0          0   rtentry2.o
         6          0          0          0          0          0   rtentry4.o
         2          0          0          0          0          0   rtexit.o
        10          0          0          0          0          0   rtexit2.o
        62          0          0          0          0         76   strlen.o
        12          4          0          0          0         68   sys_exit.o
        74          0          0          0          0         80   sys_stackheap_outer.o
         2          0          0          0          0         68   use_no_semi.o
        10          0          0          0          0        116   fpinit.o

    ----------------------------------------------------------------------
       750         16          0          0         96       1084   Library Totals
         8          0          0          0          0          0   (incl. Padding)

    ----------------------------------------------------------------------

      Code (inc. data)   RO Data    RW Data    ZI Data      Debug   Library Name

       732         16          0          0         96        968   c_w.l
        10          0          0          0          0        116   fz_wm.l

    ----------------------------------------------------------------------
       750         16          0          0         96       1084   Library Totals

    ----------------------------------------------------------------------

==============================================================================


      Code (inc. data)   RO Data    RW Data    ZI Data      Debug   

      7150        538        462        112      78696     487555   Grand Totals
      7150        538        462        112      78696     487555   ELF Image Totals
      7150        538        462        112          0          0   ROM Totals

==============================================================================

    Total RO  Size (Code + RO Data)                 7612 (   7.43kB)
    Total RW  Size (RW Data + ZI Data)             78808 (  76.96kB)
    Total ROM Size (Code + RO Data + RW Data)       7724 (   7.54kB)

==============================================================================

